Component: Arm Compiler for Embedded 6.22 Tool: armlink [5ee90200]

==============================================================================

Section Cross References

    startup_stm32f407xx.o(STACK) refers (Special) to heapauxi.o(.text) for __use_two_region_memory
    startup_stm32f407xx.o(HEAP) refers (Special) to heapauxi.o(.text) for __use_two_region_memory
    startup_stm32f407xx.o(RESET) refers (Special) to heapauxi.o(.text) for __use_two_region_memory
    startup_stm32f407xx.o(RESET) refers to startup_stm32f407xx.o(STACK) for __initial_sp
    startup_stm32f407xx.o(RESET) refers to startup_stm32f407xx.o(.text) for Reset_Handler
    startup_stm32f407xx.o(RESET) refers to stm32f4xx_it.o(.text.NMI_Handler) for NMI_Handler
    startup_stm32f407xx.o(RESET) refers to stm32f4xx_it.o(.text.HardFault_Handler) for HardFault_Handler
    startup_stm32f407xx.o(RESET) refers to stm32f4xx_it.o(.text.MemManage_Handler) for MemManage_Handler
    startup_stm32f407xx.o(RESET) refers to stm32f4xx_it.o(.text.BusFault_Handler) for BusFault_Handler
    startup_stm32f407xx.o(RESET) refers to stm32f4xx_it.o(.text.UsageFault_Handler) for UsageFault_Handler
    startup_stm32f407xx.o(RESET) refers to stm32f4xx_it.o(.text.SVC_Handler) for SVC_Handler
    startup_stm32f407xx.o(RESET) refers to stm32f4xx_it.o(.text.DebugMon_Handler) for DebugMon_Handler
    startup_stm32f407xx.o(RESET) refers to stm32f4xx_it.o(.text.PendSV_Handler) for PendSV_Handler
    startup_stm32f407xx.o(RESET) refers to stm32f4xx_it.o(.text.SysTick_Handler) for SysTick_Handler
    startup_stm32f407xx.o(RESET) refers to stm32f4xx_it.o(.text.SPI1_IRQHandler) for SPI1_IRQHandler
    startup_stm32f407xx.o(RESET) refers to stm32f4xx_it.o(.text.DMA2_Stream0_IRQHandler) for DMA2_Stream0_IRQHandler
    startup_stm32f407xx.o(RESET) refers to stm32f4xx_it.o(.text.DMA2_Stream3_IRQHandler) for DMA2_Stream3_IRQHandler
    startup_stm32f407xx.o(RESET) refers to stm32f4xx_it.o(.text.OTG_FS_IRQHandler) for OTG_FS_IRQHandler
    startup_stm32f407xx.o(.text) refers (Special) to heapauxi.o(.text) for __use_two_region_memory
    startup_stm32f407xx.o(.text) refers to system_stm32f4xx.o(.text.SystemInit) for SystemInit
    startup_stm32f407xx.o(.text) refers to __main.o(!!!main) for __main
    startup_stm32f407xx.o(.text) refers to startup_stm32f407xx.o(HEAP) for Heap_Mem
    startup_stm32f407xx.o(.text) refers to startup_stm32f407xx.o(STACK) for Stack_Mem
    main.o(.text) refers (Special) to _printf_percent.o(.ARM.Collect$$_printf_percent$$00000000) for _printf_percent
    main.o(.text) refers (Special) to _printf_f.o(.ARM.Collect$$_printf_percent$$00000003) for _printf_f
    main.o(.text) refers (Special) to printf1.o(x$fpl$printf1) for _printf_fp_dec
    main.o(.text.main) refers (Special) to _printf_percent.o(.ARM.Collect$$_printf_percent$$00000000) for _printf_percent
    main.o(.text.main) refers (Special) to _printf_f.o(.ARM.Collect$$_printf_percent$$00000003) for _printf_f
    main.o(.text.main) refers (Special) to printf1.o(x$fpl$printf1) for _printf_fp_dec
    main.o(.text.main) refers to stm32f4xx_hal.o(.text.HAL_Init) for HAL_Init
    main.o(.text.main) refers to main.o(.text.SystemClock_Config) for SystemClock_Config
    main.o(.text.main) refers to gpio.o(.text.MX_GPIO_Init) for MX_GPIO_Init
    main.o(.text.main) refers to dma.o(.text.MX_DMA_Init) for MX_DMA_Init
    main.o(.text.main) refers to spi.o(.text.MX_SPI1_Init) for MX_SPI1_Init
    main.o(.text.main) refers to usb_device.o(.text.MX_USB_DEVICE_Init) for MX_USB_DEVICE_Init
    main.o(.text.main) refers to bmi088.o(.text.BMI088_Init) for BMI088_Init
    main.o(.text.main) refers to bmi088.o(.text.BMI088_Calib_Init) for BMI088_Calib_Init
    main.o(.text.main) refers to stm32f4xx_hal.o(.text.HAL_GetTick) for HAL_GetTick
    main.o(.text.main) refers to bmi088.o(.bss.BMI088_Data) for BMI088_Data
    main.o(.text.main) refers to f2d.o(x$fpl$f2d) for __aeabi_f2d
    main.o(.text.main) refers to main.o(.rodata.str1.1) for .L.str
    main.o(.text.main) refers to noretval__2sprintf.o(.text) for __2sprintf
    main.o(.text.main) refers to strlen.o(.text) for strlen
    main.o(.text.main) refers to usbd_cdc_if.o(.text.CDC_Transmit_FS) for CDC_Transmit_FS
    main.o(.text.main) refers to stm32f4xx_hal.o(.text.HAL_Delay) for HAL_Delay
    main.o(.text.main) refers to bmi088.o(.text.BMI088_Update_Angle) for BMI088_Update_Angle
    main.o(.ARM.exidx.text.main) refers (Special) to _printf_percent.o(.ARM.Collect$$_printf_percent$$00000000) for _printf_percent
    main.o(.ARM.exidx.text.main) refers (Special) to _printf_f.o(.ARM.Collect$$_printf_percent$$00000003) for _printf_f
    main.o(.ARM.exidx.text.main) refers (Special) to printf1.o(x$fpl$printf1) for _printf_fp_dec
    main.o(.ARM.exidx.text.main) refers to main.o(.text.main) for [Anonymous Symbol]
    main.o(.text.SystemClock_Config) refers (Special) to _printf_percent.o(.ARM.Collect$$_printf_percent$$00000000) for _printf_percent
[...]
    [Anonymous Symbol]                       0x08006c54   Section        0  stm32f4xx_hal_dma.o(.rodata.cst8)
    .L.str                                   0x08006c5c   Data          68  main.o(.rodata.str1.1)
    [Anonymous Symbol]                       0x08006c5c   Section        0  main.o(.rodata.str1.1)
    locale$$data                             0x08006cc0   Section       28  lc_numeric_c.o(locale$$data)
    __lcnum_c_name                           0x08006cc4   Data           2  lc_numeric_c.o(locale$$data)
    __lcnum_c_start                          0x08006ccc   Data           0  lc_numeric_c.o(locale$$data)
    __lcnum_c_point                          0x08006cd8   Data           0  lc_numeric_c.o(locale$$data)
    __lcnum_c_thousands                      0x08006cda   Data           0  lc_numeric_c.o(locale$$data)
    __lcnum_c_grouping                       0x08006cdb   Data           0  lc_numeric_c.o(locale$$data)
    __lcnum_c_end                            0x08006cdc   Data           0  lc_numeric_c.o(locale$$data)
    .L_MergedGlobals                         0x20000000   Data           8  stm32f4xx_hal.o(.data..L_MergedGlobals)
    [Anonymous Symbol]                       0x20000000   Section        0  stm32f4xx_hal.o(.data..L_MergedGlobals)
    USBD_CDC_CfgDesc                         0x20000060   Data          67  usbd_cdc.o(.data.USBD_CDC_CfgDesc)
    [Anonymous Symbol]                       0x20000060   Section        0  usbd_cdc.o(.data.USBD_CDC_CfgDesc)
    USBD_CDC_DeviceQualifierDesc             0x200000a4   Data          10  usbd_cdc.o(.data.USBD_CDC_DeviceQualifierDesc)
    [Anonymous Symbol]                       0x200000a4   Section        0  usbd_cdc.o(.data.USBD_CDC_DeviceQualifierDesc)
    g_gyro_range                             0x200000f6   Data           1  bmi088.o(.data.g_gyro_range)
    [Anonymous Symbol]                       0x200000f6   Section        0  bmi088.o(.data.g_gyro_range)
    .bss                                     0x200000f8   Section       96  libspace.o(.bss)
    USBD_SetConfig.cfgidx                    0x20000194   Data           1  usbd_ctlreq.o(.bss.USBD_SetConfig.cfgidx)
    [Anonymous Symbol]                       0x20000194   Section        0  usbd_ctlreq.o(.bss.USBD_SetConfig.cfgidx)
    USBD_static_malloc.mem                   0x20000398   Data         544  usbd_conf.o(.bss.USBD_static_malloc.mem)
    [Anonymous Symbol]                       0x20000398   Section        0  usbd_conf.o(.bss.USBD_static_malloc.mem)
    g_accel_range                            0x200015b8   Data           1  bmi088.o(.bss.g_accel_range)
    [Anonymous Symbol]                       0x200015b8   Section        0  bmi088.o(.bss.g_accel_range)
    Heap_Mem                                 0x20001e98   Data         512  startup_stm32f407xx.o(HEAP)
    HEAP                                     0x20001e98   Section      512  startup_stm32f407xx.o(HEAP)
    Stack_Mem                                0x20002098   Data        1024  startup_stm32f407xx.o(STACK)
    STACK                                    0x20002098   Section     1024  startup_stm32f407xx.o(STACK)
    __initial_sp                             0x20002498   Data           0  startup_stm32f407xx.o(STACK)

    Global Symbols

    Symbol Name                              Value     Ov Type        Size  Object(Section)

    BuildAttributes$$THM_ISAv4$E$P$D$K$B$S$7EM$VFPi3$EXTD16$VFPS$VFMA$PE$A:L22UL41UL21$X:L11$S22US41US21$IEEE1$IW$~IW$USESV6$~STKCKD$USESV7$~SHL$OTIME$ROPI$IEEEJ$EBA8$UX$STANDARDLIB$REQ8$PRES8$EABIv2 0x00000000   Number         0  anon$$obj.o ABSOLUTE
    _printf_flags                            0x00000000   Number         0  printf_stubs.o ABSOLUTE
    _printf_return_value                     0x00000000   Number         0  printf_stubs.o ABSOLUTE
    _printf_sizespec                         0x00000000   Number         0  printf_stubs.o ABSOLUTE
    _printf_widthprec                        0x00000000   Number         0  printf_stubs.o ABSOLUTE
    __ARM_exceptions_init                     - Undefined Weak Reference
    __alloca_initialize                       - Undefined Weak Reference
    __arm_preinit_                            - Undefined Weak Reference
    __arm_relocate_pie_                       - Undefined Weak Reference
    __cpp_initialize__aeabi_                  - Undefined Weak Reference
    __cxa_finalize                            - Undefined Weak Reference
    __sigvec_lookup                           - Undefined Weak Reference
    _atexit_init                              - Undefined Weak Reference
    _call_atexit_fns                          - Undefined Weak Reference
    _clock_init                               - Undefined Weak Reference
    _fp_trap_init                             - Undefined Weak Reference
    _fp_trap_shutdown                         - Undefined Weak Reference
    _get_lc_collate                           - Undefined Weak Reference
    _get_lc_ctype                             - Undefined Weak Reference
    _get_lc_monetary                          - Undefined Weak Reference
    _get_lc_time                              - Undefined Weak Reference
    _getenv_init                              - Undefined Weak Reference
    _handle_redirection                       - Undefined Weak Reference
    _init_alloc                               - Undefined Weak Reference
    _init_user_alloc                          - Undefined Weak Reference
    _initio                                   - Undefined Weak Reference
    _printf_post_padding                      - Undefined Weak Reference
    _printf_pre_padding                       - Undefined Weak Reference
    _rand_init                                - Undefined Weak Reference
    _signal_finish                            - Undefined Weak Reference
    _signal_init                              - Undefined Weak Reference
    _terminate_alloc                          - Undefined Weak Reference
    _terminate_user_alloc                     - Undefined Weak Reference
    _terminateio                              - Undefined Weak Reference
    __Vectors_Size                           0x00000188   Number         0  startup_stm32f407xx.o ABSOLUTE
    __Vectors                                0x08000000   Data           4  startup_stm32f407xx.o(RESET)
    __Vectors_End                            0x08000188   Data           0  startup_stm32f407xx.o(RESET)
    __main                                   0x08000189   Thumb Code     8  __main.o(!!!main)
    __scatterload                            0x08000191   Thumb Code     0  __scatter.o(!!!scatter)
    __scatterload_rt2                        0x08000191   Thumb Code    84  __scatter.o(!!!scatter)
    __scatterload_rt2_thumb_only             0x08000191   Thumb Code     0  __scatter.o(!!!scatter)
    __scatterload_loop                       0x0800019b   Thumb Code     0  __scatter.o(!!!scatter)
    __scatterload_copy                       0x080001ed   Thumb Code    26  __scatter_copy.o(!!handler_copy)
    __scatterload_null                       0x08000209   Thumb Code     2  __scatter.o(!!handler_null)
    __scatterload_zeroinit                   0x0800020d   Thumb Code    28  __scatter_zi.o(!!handler_zi)
    _printf_f                                0x08000229   Thumb Code     0  _printf_f.o(.ARM.Collect$$_printf_percent$$00000003)
    _printf_percent                          0x08000229   Thumb Code     0  _printf_percent.o(.ARM.Collect$$_printf_percent$$00000000)
    _printf_percent_end                      0x0800022f   Thumb Code     0  _printf_percent_end.o(.ARM.Collect$$_printf_percent$$00000017)
    __rt_lib_init                            0x08000233   Thumb Code     0  libinit.o(.ARM.Collect$$libinit$$00000000)
    __rt_lib_init_fp_1                       0x08000235   Thumb Code     0  libinit2.o(.ARM.Collect$$libinit$$00000001)
    __rt_lib_init_heap_1                     0x08000239   Thumb Code     0  libinit2.o(.ARM.Collect$$libinit$$0000000C)
    __rt_lib_init_lc_common                  0x08000239   Thumb Code     0  libinit2.o(.ARM.Collect$$libinit$$00000011)
    __rt_lib_init_preinit_1                  0x08000239   Thumb Code     0  libinit2.o(.ARM.Collect$$libinit$$00000006)
    __rt_lib_init_rand_1                     0x08000239   Thumb Code     0  libinit2.o(.ARM.Collect$$libinit$$00000010)
    __rt_lib_init_relocate_pie_1             0x08000239   Thumb Code     0  libinit2.o(.ARM.Collect$$libinit$$00000004)
    __rt_lib_init_user_alloc_1               0x08000239   Thumb Code     0  libinit2.o(.ARM.Collect$$libinit$$0000000E)
    __rt_lib_init_lc_collate_1               0x0800023f   Thumb Code     0  libinit2.o(.ARM.Collect$$libinit$$00000013)
    __rt_lib_init_lc_ctype_1                 0x0800023f   Thumb Code     0  libinit2.o(.ARM.Collect$$libinit$$00000015)
    __rt_lib_init_lc_monetary_1              0x0800023f   Thumb Code     0  libinit2.o(.ARM.Collect$$libinit$$00000017)
    __rt_lib_init_lc_numeric_2               0x0800023f   Thumb Code     0  libinit2.o(.ARM.Collect$$libinit$$00000018)
    __rt_lib_init_alloca_1                   0x08000249   Thumb Code     0  libinit2.o(.ARM.Collect$$libinit$$00000030)
    __rt_lib_init_argv_1                     0x08000249   Thumb Code     0  libinit2.o(.ARM.Collect$$libinit$$0000002E)
    __rt_lib_init_atexit_1                   0x08000249   Thumb Code     0  libinit2.o(.ARM.Collect$$libinit$$0000001D)
    __rt_lib_init_clock_1                    0x08000249   Thumb Code     0  libinit2.o(.ARM.Collect$$libinit$$00000023)
    __rt_lib_init_cpp_1                      0x08000249   Thumb Code     0  libinit2.o(.ARM.Collect$$libinit$$00000034)
    __rt_lib_init_exceptions_1               0x08000249   Thumb Code     0  libinit2.o(.ARM.Collect$$libinit$$00000032)
    __rt_lib_init_fp_trap_1                  0x08000249   Thumb Code     0  libinit2.o(.ARM.Collect$$libinit$$00000021)
    __rt_lib_init_getenv_1                   0x08000249   Thumb Code     0  libinit2.o(.ARM.Collect$$libinit$$00000025)
    __rt_lib_init_lc_numeric_1               0x08000249   Thumb Code     0  libinit2.o(.ARM.Collect$$libinit$$00000019)
    __rt_lib_init_lc_time_1                  0x08000249   Thumb Code     0  libinit2.o(.ARM.Collect$$libinit$$0000001B)
    __rt_lib_init_return                     0x08000249   Thumb Code     0  libinit2.o(.ARM.Collect$$libinit$$00000035)
    __rt_lib_init_signal_1                   0x08000249   Thumb Code     0  libinit2.o(.ARM.Collect$$libinit$$0000001F)
    __rt_lib_init_stdio_1                    0x08000249   Thumb Code     0  libinit2.o(.ARM.Collect$$libinit$$00000027)
    __rt_lib_shutdown                        0x0800024b   Thumb Code     0  libshutdown.o(.ARM.Collect$$libshutdown$$00000000)
    __rt_lib_shutdown_cpp_1                  0x0800024d   Thumb Code     0  libshutdown2.o(.ARM.Collect$$libshutdown$$00000002)
    __rt_lib_shutdown_fp_trap_1              0x0800024d   Thumb Code     0  libshutdown2.o(.ARM.Collect$$libshutdown$$00000007)
    __rt_lib_shutdown_heap_1                 0x0800024d   Thumb Code     0  libshutdown2.o(.ARM.Collect$$libshutdown$$0000000F)
    __rt_lib_shutdown_return                 0x0800024d   Thumb Code     0  libshutdown2.o(.ARM.Collect$$libshutdown$$00000010)
    __rt_lib_shutdown_signal_1               0x0800024d   Thumb Code     0  libshutdown2.o(.ARM.Collect$$libshutdown$$0000000A)
    __rt_lib_shutdown_stdio_1                0x0800024d   Thumb Code     0  libshutdown2.o(.ARM.Collect$$libshutdown$$00000004)
    __rt_lib_shutdown_user_alloc_1           0x0800024d   Thumb Code     0  libshutdown2.o(.ARM.Collect$$libshutdown$$0000000C)
    __rt_entry                               0x0800024f   Thumb Code     0  __rtentry.o(.ARM.Collect$$rtentry$$00000000)
    __rt_entry_presh_1                       0x0800024f   Thumb Code     0  __rtentry2.o(.ARM.Collect$$rtentry$$00000002)
    __rt_entry_sh                            0x0800024f   Thumb Code     0  __rtentry4.o(.ARM.Collect$$rtentry$$00000004)
    __rt_entry_li                            0x08000255   Thumb Code     0  __rtentry2.o(.ARM.Collect$$rtentry$$0000000A)
    __rt_entry_postsh_1                      0x08000255   Thumb Code     0  __rtentry2.o(.ARM.Collect$$rtentry$$00000009)
    __rt_entry_main                          0x08000259   Thumb Code     0  __rtentry2.o(.ARM.Collect$$rtentry$$0000000D)
    __rt_entry_postli_1                      0x08000259   Thumb Code     0  __rtentry2.o(.ARM.Collect$$rtentry$$0000000C)
    __rt_exit                                0x08000261   Thumb Code     0  rtexit.o(.ARM.Collect$$rtexit$$00000000)
    __rt_exit_ls                             0x08000263   Thumb Code     0  rtexit2.o(.ARM.Collect$$rtexit$$00000003)
    __rt_exit_prels_1                        0x08000263   Thumb Code     0  rtexit2.o(.ARM.Collect$$rtexit$$00000002)
    __rt_exit_exit                           0x08000267   Thumb Code     0  rtexit2.o(.ARM.Collect$$rtexit$$00000004)
    Reset_Handler                            0x0800026d   Thumb Code     8  startup_stm32f407xx.o(.text)
    ADC_IRQHandler                           0x08000287   Thumb Code     0  startup_stm32f407xx.o(.text)
    CAN1_RX0_IRQHandler                      0x08000287   Thumb Code     0  startup_stm32f407xx.o(.text)
    CAN1_RX1_IRQHandler                      0x08000287   Thumb Code     0  startup_stm32f407xx.o(.text)
    CAN1_SCE_IRQHandler                      0x08000287   Thumb Code     0  startup_stm32f407xx.o(.text)
    CAN1_TX_IRQHandler                       0x08000287   Thumb Code     0  startup_stm32f407xx.o(.text)
    CAN2_RX0_IRQHandler                      0x08000287   Thumb Code     0  startup_stm32f407xx.o(.text)
    CAN2_RX1_IRQHandler                      0x08000287   Thumb Code     0  startup_stm32f407xx.o(.text)
    CAN2_SCE_IRQHandler                      0x08000287   Thumb Code     0  startup_stm32f407xx.o(.text)
    CAN2_TX_IRQHandler                       0x08000287   Thumb Code     0  startup_stm32f407xx.o(.text)
    DCMI_IRQHandler                          0x08000287   Thumb Code     0  startup_stm32f407xx.o(.text)
    DMA1_Stream0_IRQHandler                  0x08000287   Thumb Code     0  startup_stm32f407xx.o(.text)
    DMA1_Stream1_IRQHandler                  0x08000287   Thumb Code     0  startup_stm32f407xx.o(.text)
    DMA1_Stream2_IRQHandler                  0x08000287   Thumb Code     0  startup_stm32f407xx.o(.text)
    DMA1_Stream3_IRQHandler                  0x08000287   Thumb Code     0  startup_stm32f407xx.o(.text)
    DMA1_Stream4_IRQHandler                  0x08000287   Thumb Code     0  startup_stm32f407xx.o(.text)
    DMA1_Stream5_IRQHandler                  0x08000287   Thumb Code     0  startup_stm32f407xx.o(.text)
    DMA1_Stream6_IRQHandler                  0x08000287   Thumb Code     0  startup_stm32f407xx.o(.text)
    DMA1_Stream7_IRQHandler                  0x08000287   Thumb Code     0  startup_stm32f407xx.o(.text)
    DMA2_Stream1_IRQHandler                  0x08000287   Thumb Code     0  startup_stm32f407xx.o(.text)
    DMA2_Stream2_IRQHandler                  0x08000287   Thumb Code     0  startup_stm32f407xx.o(.text)
    DMA2_Stream4_IRQHandler                  0x08000287   Thumb Code     0  startup_stm32f407xx.o(.text)
    DMA2_Stream5_IRQHandler                  0x08000287   Thumb Code     0  startup_stm32f407xx.o(.text)
    DMA2_Stream6_IRQHandler                  0x08000287   Thumb Code     0  startup_stm32f407xx.o(.text)
    DMA2_Stream7_IRQHandler                  0x08000287   Thumb Code     0  startup_stm32f407xx.o(.text)
    ETH_IRQHandler                           0x08000287   Thumb Code     0  startup_stm32f407xx.o(.text)
    ETH_WKUP_IRQHandler                      0x08000287   Thumb Code     0  startup_stm32f407xx.o(.text)
    EXTI0_IRQHandler                         0x08000287   Thumb Code     0  startup_stm32f407xx.o(.text)
    EXTI15_10_IRQHandler                     0x08000287   Thumb Code     0  startup_stm32f407xx.o(.text)
    EXTI1_IRQHandler                         0x08000287   Thumb Code     0  startup_stm32f407xx.o(.text)
    EXTI2_IRQHandler                         0x08000287   Thumb Code     0  startup_stm32f407xx.o(.text)
    EXTI3_IRQHandler                         0x08000287   Thumb Code     0  startup_stm32f407xx.o(.text)
    EXTI4_IRQHandler                         0x08000287   Thumb Code     0  startup_stm32f407xx.o(.text)
    EXTI9_5_IRQHandler                       0x08000287   Thumb Code     0  startup_stm32f407xx.o(.text)
    FLASH_IRQHandler                         0x08000287   Thumb Code     0  startup_stm32f407xx.o(.text)
    FMC_IRQHandler                           0x08000287   Thumb Code     0  startup_stm32f407xx.o(.text)
    FPU_IRQHandler                           0x08000287   Thumb Code     0  startup_stm32f407xx.o(.text)
    HASH_RNG_IRQHandler                      0x08000287   Thumb Code     0  startup_stm32f407xx.o(.text)
    I2C1_ER_IRQHandler                       0x08000287   Thumb Code     0  startup_stm32f407xx.o(.text)
    I2C1_EV_IRQHandler                       0x08000287   Thumb Code     0  startup_stm32f407xx.o(.text)
    I2C2_ER_IRQHandler                       0x08000287   Thumb Code     0  startup_stm32f407xx.o(.text)
    I2C2_EV_IRQHandler                       0x08000287   Thumb Code     0  startup_stm32f407xx.o(.text)
    I2C3_ER_IRQHandler                       0x08000287   Thumb Code     0  startup_stm32f407xx.o(.text)
    I2C3_EV_IRQHandler                       0x08000287   Thumb Code     0  startup_stm32f407xx.o(.text)
    OTG_FS_WKUP_IRQHandler                   0x08000287   Thumb Code     0  startup_stm32f407xx.o(.text)
    OTG_HS_EP1_IN_IRQHandler                 0x08000287   Thumb Code     0  startup_stm32f407xx.o(.text)
    OTG_HS_EP1_OUT_IRQHandler                0x08000287   Thumb Code     0  startup_stm32f407xx.o(.text)
    OTG_HS_IRQHandler                        0x08000287   Thumb Code     0  startup_stm32f407xx.o(.text)
    OTG_HS_WKUP_IRQHandler                   0x08000287   Thumb Code     0  startup_stm32f407xx.o(.text)
    PVD_IRQHandler                           0x08000287   Thumb Code     0  startup_stm32f407xx.o(.text)
    RCC_IRQHandler                           0x08000287   Thumb Code     0  startup_stm32f407xx.o(.text)
    RTC_Alarm_IRQHandler                     0x08000287   Thumb Code     0  startup_stm32f407xx.o(.text)
    RTC_WKUP_IRQHandler                      0x08000287   Thumb Code     0  startup_stm32f407xx.o(.text)
    SDIO_IRQHandler                          0x08000287   Thumb Code     0  startup_stm32f407xx.o(.text)
    SPI2_IRQHandler                          0x08000287   Thumb Code     0  startup_stm32f407xx.o(.text)
    SPI3_IRQHandler                          0x08000287   Thumb Code     0  startup_stm32f407xx.o(.text)
    TAMP_STAMP_IRQHandler                    0x08000287   Thumb Code     0  startup_stm32f407xx.o(.text)
    TIM1_BRK_TIM9_IRQHandler                 0x08000287   Thumb Code     0  startup_stm32f407xx.o(.text)
    TIM1_CC_IRQHandler                       0x08000287   Thumb Code     0  startup_stm32f407xx.o(.text)
    TIM1_TRG_COM_TIM11_IRQHandler            0x08000287   Thumb Code     0  startup_stm32f407xx.o(.text)
    TIM1_UP_TIM10_IRQHandler                 0x08000287   Thumb Code     0  startup_stm32f407xx.o(.text)
    TIM2_IRQHandler                          0x08000287   Thumb Code     0  startup_stm32f407xx.o(.text)
    TIM3_IRQHandler                          0x08000287   Thumb Code     0  startup_stm32f407xx.o(.text)
    TIM4_IRQHandler                          0x08000287   Thumb Code     0  startup_stm32f407xx.o(.text)
    TIM5_IRQHandler                          0x08000287   Thumb Code     0  startup_stm32f407xx.o(.text)
    TIM6_DAC_IRQHandler                      0x08000287   Thumb Code     0  startup_stm32f407xx.o(.text)
    TIM7_IRQHandler                          0x08000287   Thumb Code     0  startup_stm32f407xx.o(.text)
    TIM8_BRK_TIM12_IRQHandler                0x08000287   Thumb Code     0  startup_stm32f407xx.o(.text)
    TIM8_CC_IRQHandler                       0x08000287   Thumb Code     0  startup_stm32f407xx.o(.text)
    TIM8_TRG_COM_TIM14_IRQHandler            0x08000287   Thumb Code     0  startup_stm32f407xx.o(.text)
    TIM8_UP_TIM13_IRQHandler                 0x08000287   Thumb Code     0  startup_stm32f407xx.o(.text)
    UART4_IRQHandler                         0x08000287   Thumb Code     0  startup_stm32f407xx.o(.text)
    UART5_IRQHandler                         0x08000287   Thumb Code     0  startup_stm32f407xx.o(.text)
    USART1_IRQHandler                        0x08000287   Thumb Code     0  startup_stm32f407xx.o(.text)
    USART2_IRQHandler                        0x08000287   Thumb Code     0  startup_stm32f407xx.o(.text)
    USART3_IRQHandler                        0x08000287   Thumb Code     0  startup_stm32f407xx.o(.text)
    USART6_IRQHandler                        0x08000287   Thumb Code     0  startup_stm32f407xx.o(.text)
    WWDG_IRQHandler                          0x08000287   Thumb Code     0  startup_stm32f407xx.o(.text)
    __user_initial_stackheap                 0x08000289   Thumb Code     0  startup_stm32f407xx.o(.text)
    __aeabi_uldivmod                         0x080002ad   Thumb Code     0  lludivv7m.o(.text)
    _ll_udiv                                 0x080002ad   Thumb Code   240  lludivv7m.o(.text)
    __2sprintf                               0x0800039d   Thumb Code    34  noretval__2sprintf.o(.text)
    __printf                                 0x080003c5   Thumb Code   270  __printf_wp.o(.text)
    strlen                                   0x080004d3   Thumb Code    62  strlen.o(.text)
    __aeabi_memclr4                          0x08000511   Thumb Code     0  rt_memclr_w.o(.text)
    __aeabi_memclr8                          0x08000511   Thumb Code     0  rt_memclr_w.o(.text)
    __rt_memclr_w                            0x08000511   Thumb Code     0  rt_memclr_w.o(.text)
    _memset_w                                0x08000515   Thumb Code    74  rt_memclr_w.o(.text)
    __use_two_region_memory                  0x0800055f   Thumb Code     2  heapauxi.o(.text)
    __rt_heap_escrow$2region                 0x08000561   Thumb Code     2  heapauxi.o(.text)
    __rt_heap_expand$2region                 0x08000563   Thumb Code     2  heapauxi.o(.text)
    _printf_fp_dec_real                      0x08000715   Thumb Code   620  _printf_fp_dec.o(.text)
    _printf_char_common                      0x0800098b   Thumb Code    32  _printf_char_common.o(.text)
    _sputc                                   0x080009b1   Thumb Code    10  _sputc.o(.text)
    __rt_locale                              0x080009bd   Thumb Code     8  rt_locale_intlibspace.o(.text)
    _ll_udiv10                               0x080009c5   Thumb Code   138  lludiv10.o(.text)
    _printf_fp_infnan                        0x08000a51   Thumb Code   112  _printf_fp_infnan.o(.text)
    _btod_etento                             0x08000ad1   Thumb Code   224  bigflt0.o(.text)
    __user_libspace                          0x08000bb5   Thumb Code     8  libspace.o(.text)
    __user_perproc_libspace                  0x08000bb5   Thumb Code     0  libspace.o(.text)
    __user_perthread_libspace                0x08000bb5   Thumb Code     0  libspace.o(.text)
    __user_setup_stackheap                   0x08000bbd   Thumb Code    74  sys_stackheap_outer.o(.text)
    exit                                     0x08000c07   Thumb Code    18  exit.o(.text)
    strcmp                                   0x08000c19   Thumb Code   124  strcmpv7em.o(.text)
    _sys_exit                                0x08000c95   Thumb Code     8  sys_exit.o(.text)
    __I$use$semihosting                      0x08000ca1   Thumb Code     0  use_no_semi.o(.text)
    __use_no_semihosting_swi                 0x08000ca1   Thumb Code     2  use_no_semi.o(.text)
    __semihosting_library_function           0x08000ca3   Thumb Code     0  indicate_semi.o(.text)
    BMI088_Calib_Init                        0x08000ca5   Thumb Code   112  bmi088.o(.text.BMI088_Calib_Init)
    BMI088_Init                              0x08000d1d   Thumb Code   736  bmi088.o(.text.BMI088_Init)
    BMI088_Read_Accel                        0x08000ffd   Thumb Code   220  bmi088.o(.text.BMI088_Read_Accel)
    BMI088_Read_Gyro                         0x080010e9   Thumb Code   248  bmi088.o(.text.BMI088_Read_Gyro)
    BMI088_Update_Angle                      0x080011f5   Thumb Code    96  bmi088.o(.text.BMI088_Update_Angle)
    BusFault_Handler                         0x08001255   Thumb Code     2  stm32f4xx_it.o(.text.BusFault_Handler)
    CDC_Transmit_FS                          0x080012ad   Thumb Code    54  usbd_cdc_if.o(.text.CDC_Transmit_FS)
    DMA2_Stream0_IRQHandler                  0x080012e5   Thumb Code    12  stm32f4xx_it.o(.text.DMA2_Stream0_IRQHandler)
    DMA2_Stream3_IRQHandler                  0x080012f1   Thumb Code    12  stm32f4xx_it.o(.text.DMA2_Stream3_IRQHandler)
    DebugMon_Handler                         0x080012fd   Thumb Code     2  stm32f4xx_it.o(.text.DebugMon_Handler)
    Error_Handler                            0x08001301   Thumb Code     6  main.o(.text.Error_Handler)
    HAL_DMA_Abort_IT                         0x08001309   Thumb Code    36  stm32f4xx_hal_dma.o(.text.HAL_DMA_Abort_IT)
    HAL_DMA_IRQHandler                       0x0800132d   Thumb Code   452  stm32f4xx_hal_dma.o(.text.HAL_DMA_IRQHandler)
    HAL_DMA_Init                             0x080014f1   Thumb Code   354  stm32f4xx_hal_dma.o(.text.HAL_DMA_Init)
    HAL_Delay                                0x08001655   Thumb Code    40  stm32f4xx_hal.o(.text.HAL_Delay)
    HAL_GPIO_Init                            0x0800167d   Thumb Code   414  stm32f4xx_hal_gpio.o(.text.HAL_GPIO_Init)
    HAL_GPIO_WritePin                        0x0800181d   Thumb Code    10  stm32f4xx_hal_gpio.o(.text.HAL_GPIO_WritePin)
    HAL_GetTick                              0x08001829   Thumb Code    12  stm32f4xx_hal.o(.text.HAL_GetTick)
    HAL_IncTick                              0x08001835   Thumb Code    26  stm32f4xx_hal.o(.text.HAL_IncTick)
    HAL_Init                                 0x08001851   Thumb Code    54  stm32f4xx_hal.o(.text.HAL_Init)
    HAL_InitTick                             0x08001889   Thumb Code    72  stm32f4xx_hal.o(.text.HAL_InitTick)
    HAL_MspInit                              0x080018d1   Thumb Code    56  stm32f4xx_hal_msp.o(.text.HAL_MspInit)
    HAL_NVIC_EnableIRQ                       0x08001909   Thumb Code    34  stm32f4xx_hal_cortex.o(.text.HAL_NVIC_EnableIRQ)
    HAL_NVIC_SetPriority                     0x0800192d   Thumb Code    86  stm32f4xx_hal_cortex.o(.text.HAL_NVIC_SetPriority)
    HAL_NVIC_SetPriorityGrouping             0x08001985   Thumb Code    32  stm32f4xx_hal_cortex.o(.text.HAL_NVIC_SetPriorityGrouping)
    HAL_PCDEx_LPM_Callback                   0x080019a5   Thumb Code     2  stm32f4xx_hal_pcd_ex.o(.text.HAL_PCDEx_LPM_Callback)
    HAL_PCDEx_SetRxFiFo                      0x080019a9   Thumb Code     8  stm32f4xx_hal_pcd_ex.o(.text.HAL_PCDEx_SetRxFiFo)
    HAL_PCDEx_SetTxFiFo                      0x080019b1   Thumb Code   206  stm32f4xx_hal_pcd_ex.o(.text.HAL_PCDEx_SetTxFiFo)
    HAL_PCD_ConnectCallback                  0x08001a81   Thumb Code     8  usbd_conf.o(.text.HAL_PCD_ConnectCallback)
    HAL_PCD_DataInStageCallback              0x08001a89   Thumb Code    20  usbd_conf.o(.text.HAL_PCD_DataInStageCallback)
    HAL_PCD_DataOutStageCallback             0x08001a9d   Thumb Code    22  usbd_conf.o(.text.HAL_PCD_DataOutStageCallback)
    HAL_PCD_DisconnectCallback               0x08001ab5   Thumb Code     8  usbd_conf.o(.text.HAL_PCD_DisconnectCallback)
    HAL_PCD_EP_Close                         0x08001abd   Thumb Code    78  stm32f4xx_hal_pcd.o(.text.HAL_PCD_EP_Close)
    HAL_PCD_EP_ClrStall                      0x08001b0d   Thumb Code    96  stm32f4xx_hal_pcd.o(.text.HAL_PCD_EP_ClrStall)
    HAL_PCD_EP_GetRxCount                    0x08001b6d   Thumb Code    18  stm32f4xx_hal_pcd.o(.text.HAL_PCD_EP_GetRxCount)
    HAL_PCD_EP_Open                          0x08001b81   Thumb Code   116  stm32f4xx_hal_pcd.o(.text.HAL_PCD_EP_Open)
    HAL_PCD_EP_Receive                       0x08001bf5   Thumb Code    66  stm32f4xx_hal_pcd.o(.text.HAL_PCD_EP_Receive)
    HAL_PCD_EP_SetStall                      0x08001c39   Thumb Code   110  stm32f4xx_hal_pcd.o(.text.HAL_PCD_EP_SetStall)
    HAL_PCD_EP_Transmit                      0x08001ca9   Thumb Code    58  stm32f4xx_hal_pcd.o(.text.HAL_PCD_EP_Transmit)
    HAL_PCD_IRQHandler                       0x08001ce5   Thumb Code  2302  stm32f4xx_hal_pcd.o(.text.HAL_PCD_IRQHandler)
    HAL_PCD_ISOINIncompleteCallback          0x080025e5   Thumb Code     8  usbd_conf.o(.text.HAL_PCD_ISOINIncompleteCallback)
    HAL_PCD_ISOOUTIncompleteCallback         0x080025ed   Thumb Code     8  usbd_conf.o(.text.HAL_PCD_ISOOUTIncompleteCallback)
    HAL_PCD_Init                             0x080025f5   Thumb Code   622  stm32f4xx_hal_pcd.o(.text.HAL_PCD_Init)
    HAL_PCD_MspInit                          0x08002865   Thumb Code   136  usbd_conf.o(.text.HAL_PCD_MspInit)
    HAL_PCD_ResetCallback                    0x080028ed   Thumb Code    42  usbd_conf.o(.text.HAL_PCD_ResetCallback)
    HAL_PCD_ResumeCallback                   0x08002919   Thumb Code     8  usbd_conf.o(.text.HAL_PCD_ResumeCallback)
    HAL_PCD_SOFCallback                      0x08002921   Thumb Code     8  usbd_conf.o(.text.HAL_PCD_SOFCallback)
    HAL_PCD_SetAddress                       0x08002929   Thumb Code    40  stm32f4xx_hal_pcd.o(.text.HAL_PCD_SetAddress)
    HAL_PCD_SetupStageCallback               0x08002951   Thumb Code    14  usbd_conf.o(.text.HAL_PCD_SetupStageCallback)
    HAL_PCD_Start                            0x08002961   Thumb Code    62  stm32f4xx_hal_pcd.o(.text.HAL_PCD_Start)
    HAL_PCD_SuspendCallback                  0x080029a1   Thumb Code    52  usbd_conf.o(.text.HAL_PCD_SuspendCallback)
    HAL_RCC_ClockConfig                      0x080029d5   Thumb Code   356  stm32f4xx_hal_rcc.o(.text.HAL_RCC_ClockConfig)
    HAL_RCC_GetHCLKFreq                      0x08002b39   Thumb Code    12  stm32f4xx_hal_rcc.o(.text.HAL_RCC_GetHCLKFreq)
    HAL_RCC_GetSysClockFreq                  0x08002b45   Thumb Code   106  stm32f4xx_hal_rcc.o(.text.HAL_RCC_GetSysClockFreq)
    HAL_RCC_OscConfig                        0x08002bb1   Thumb Code   940  stm32f4xx_hal_rcc.o(.text.HAL_RCC_OscConfig)
    HAL_SPI_ErrorCallback                    0x08002f5d   Thumb Code     2  stm32f4xx_hal_spi.o(.text.HAL_SPI_ErrorCallback)
    HAL_SPI_IRQHandler                       0x08002f61   Thumb Code   302  stm32f4xx_hal_spi.o(.text.HAL_SPI_IRQHandler)
    HAL_SPI_Init                             0x08003091   Thumb Code   176  stm32f4xx_hal_spi.o(.text.HAL_SPI_Init)
    HAL_SPI_MspInit                          0x08003141   Thumb Code   310  spi.o(.text.HAL_SPI_MspInit)
    HAL_SPI_TransmitReceive                  0x08003279   Thumb Code   838  stm32f4xx_hal_spi.o(.text.HAL_SPI_TransmitReceive)
    HAL_SYSTICK_Config                       0x080035c1   Thumb Code    44  stm32f4xx_hal_cortex.o(.text.HAL_SYSTICK_Config)
    HardFault_Handler                        0x080035ed   Thumb Code     2  stm32f4xx_it.o(.text.HardFault_Handler)
    MX_DMA_Init                              0x080035f1   Thumb Code    72  dma.o(.text.MX_DMA_Init)
    MX_GPIO_Init                             0x08003639   Thumb Code   168  gpio.o(.text.MX_GPIO_Init)
    MX_SPI1_Init                             0x080036e1   Thumb Code    76  spi.o(.text.MX_SPI1_Init)
    MX_USB_DEVICE_Init                       0x0800372d   Thumb Code   114  usb_device.o(.text.MX_USB_DEVICE_Init)
    MemManage_Handler                        0x080037a1   Thumb Code     2  stm32f4xx_it.o(.text.MemManage_Handler)
    NMI_Handler                              0x080037a5   Thumb Code     2  stm32f4xx_it.o(.text.NMI_Handler)
    OTG_FS_IRQHandler                        0x080037a9   Thumb Code    12  stm32f4xx_it.o(.text.OTG_FS_IRQHandler)
    PendSV_Handler                           0x080037b5   Thumb Code     2  stm32f4xx_it.o(.text.PendSV_Handler)
    SPI1_IRQHandler                          0x080037b9   Thumb Code    12  stm32f4xx_it.o(.text.SPI1_IRQHandler)
    SVC_Handler                              0x080038f5   Thumb Code     2  stm32f4xx_it.o(.text.SVC_Handler)
    SysTick_Handler                          0x080038f9   Thumb Code     4  stm32f4xx_it.o(.text.SysTick_Handler)
    SystemClock_Config                       0x080038fd   Thumb Code   168  main.o(.text.SystemClock_Config)
    SystemInit                               0x080039a5   Thumb Code    18  system_stm32f4xx.o(.text.SystemInit)
    USBD_CDC_GetDeviceQualifierDescriptor    0x08003b05   Thumb Code    16  usbd_cdc.o(.text.USBD_CDC_GetDeviceQualifierDescriptor)
    USBD_CDC_ReceivePacket                   0x08003cdd   Thumb Code    52  usbd_cdc.o(.text.USBD_CDC_ReceivePacket)
    USBD_CDC_RegisterInterface               0x08003d11   Thumb Code    24  usbd_cdc.o(.text.USBD_CDC_RegisterInterface)
    USBD_CDC_SetRxBuffer                     0x08003d29   Thumb Code    26  usbd_cdc.o(.text.USBD_CDC_SetRxBuffer)
    USBD_CDC_SetTxBuffer                     0x08003d45   Thumb Code    30  usbd_cdc.o(.text.USBD_CDC_SetTxBuffer)
    USBD_CDC_TransmitPacket                  0x08003e4d   Thumb Code    68  usbd_cdc.o(.text.USBD_CDC_TransmitPacket)
    USBD_ClrClassConfig                      0x08003e91   Thumb Code    18  usbd_core.o(.text.USBD_ClrClassConfig)
    USBD_CoreFindEP                          0x08003ea5   Thumb Code     4  usbd_core.o(.text.USBD_CoreFindEP)
    USBD_CoreFindIF                          0x08003ea9   Thumb Code     4  usbd_core.o(.text.USBD_CoreFindIF)
    USBD_CtlContinueRx                       0x08003ead   Thumb Code    16  usbd_ioreq.o(.text.USBD_CtlContinueRx)
    USBD_CtlContinueSendData                 0x08003ebd   Thumb Code    16  usbd_ioreq.o(.text.USBD_CtlContinueSendData)
    USBD_CtlError                            0x08003ecd   Thumb Code    22  usbd_ctlreq.o(.text.USBD_CtlError)
    USBD_CtlPrepareRx                        0x08003ee5   Thumb Code    30  usbd_ioreq.o(.text.USBD_CtlPrepareRx)
    USBD_CtlReceiveStatus                    0x08003f05   Thumb Code    22  usbd_ioreq.o(.text.USBD_CtlReceiveStatus)
    USBD_CtlSendData                         0x08003f1d   Thumb Code    28  usbd_ioreq.o(.text.USBD_CtlSendData)
    USBD_CtlSendStatus                       0x08003f39   Thumb Code    22  usbd_ioreq.o(.text.USBD_CtlSendStatus)
    USBD_FS_ConfigStrDescriptor              0x08003f51   Thumb Code    24  usbd_desc.o(.text.USBD_FS_ConfigStrDescriptor)
    USBD_FS_DeviceDescriptor                 0x08003f75   Thumb Code    14  usbd_desc.o(.text.USBD_FS_DeviceDescriptor)
    USBD_FS_InterfaceStrDescriptor           0x08003f85   Thumb Code    24  usbd_desc.o(.text.USBD_FS_InterfaceStrDescriptor)
    USBD_FS_LangIDStrDescriptor              0x08003fad   Thumb Code    14  usbd_desc.o(.text.USBD_FS_LangIDStrDescriptor)
    USBD_FS_ManufacturerStrDescriptor        0x08003fbd   Thumb Code    24  usbd_desc.o(.text.USBD_FS_ManufacturerStrDescriptor)
    USBD_FS_ProductStrDescriptor             0x08003fe9   Thumb Code    24  usbd_desc.o(.text.USBD_FS_ProductStrDescriptor)
    USBD_FS_SerialStrDescriptor              0x08004019   Thumb Code   368  usbd_desc.o(.text.USBD_FS_SerialStrDescriptor)
    USBD_GetEpDesc                           0x08004189   Thumb Code   132  usbd_core.o(.text.USBD_GetEpDesc)
    USBD_GetString                           0x0800420d   Thumb Code   254  usbd_ctlreq.o(.text.USBD_GetString)
    USBD_Init                                0x0800430d   Thumb Code    42  usbd_core.o(.text.USBD_Init)
    USBD_LL_ClearStallEP                     0x08004339   Thumb Code    34  usbd_conf.o(.text.USBD_LL_ClearStallEP)
    USBD_LL_CloseEP                          0x0800435d   Thumb Code    34  usbd_conf.o(.text.USBD_LL_CloseEP)
    USBD_LL_DataInStage                      0x08004381   Thumb Code   186  usbd_core.o(.text.USBD_LL_DataInStage)
    USBD_LL_DataOutStage                     0x0800443d   Thumb Code   124  usbd_core.o(.text.USBD_LL_DataOutStage)
    USBD_LL_DevConnected                     0x080044b9   Thumb Code     4  usbd_core.o(.text.USBD_LL_DevConnected)
    USBD_LL_DevDisconnected                  0x080044bd   Thumb Code    34  usbd_core.o(.text.USBD_LL_DevDisconnected)
    USBD_LL_GetRxDataSize                    0x080044e1   Thumb Code     8  usbd_conf.o(.text.USBD_LL_GetRxDataSize)
    USBD_LL_Init                             0x080044e9   Thumb Code   110  usbd_conf.o(.text.USBD_LL_Init)
    USBD_LL_IsStallEP                        0x08004559   Thumb Code    42  usbd_conf.o(.text.USBD_LL_IsStallEP)
    USBD_LL_IsoINIncomplete                  0x08004585   Thumb Code    44  usbd_core.o(.text.USBD_LL_IsoINIncomplete)
    USBD_LL_IsoOUTIncomplete                 0x080045b1   Thumb Code    44  usbd_core.o(.text.USBD_LL_IsoOUTIncomplete)
    USBD_LL_OpenEP                           0x080045dd   Thumb Code    40  usbd_conf.o(.text.USBD_LL_OpenEP)
    USBD_LL_PrepareReceive                   0x08004605   Thumb Code    34  usbd_conf.o(.text.USBD_LL_PrepareReceive)
    USBD_LL_Reset                            0x08004629   Thumb Code    98  usbd_core.o(.text.USBD_LL_Reset)
    USBD_LL_Resume                           0x0800468d   Thumb Code    20  usbd_core.o(.text.USBD_LL_Resume)
    USBD_LL_SOF                              0x080046a1   Thumb Code    30  usbd_core.o(.text.USBD_LL_SOF)
    USBD_LL_SetSpeed                         0x080046c1   Thumb Code     8  usbd_core.o(.text.USBD_LL_SetSpeed)
    USBD_LL_SetUSBAddress                    0x080046c9   Thumb Code    34  usbd_conf.o(.text.USBD_LL_SetUSBAddress)
    USBD_LL_SetupStage                       0x080046ed   Thumb Code    98  usbd_core.o(.text.USBD_LL_SetupStage)
    USBD_LL_StallEP                          0x08004751   Thumb Code    34  usbd_conf.o(.text.USBD_LL_StallEP)
    USBD_LL_Start                            0x08004775   Thumb Code    34  usbd_conf.o(.text.USBD_LL_Start)
    USBD_LL_Suspend                          0x08004799   Thumb Code    28  usbd_core.o(.text.USBD_LL_Suspend)
    USBD_LL_Transmit                         0x080047b5   Thumb Code    34  usbd_conf.o(.text.USBD_LL_Transmit)
    USBD_ParseSetupRequest                   0x080047d9   Thumb Code    22  usbd_ctlreq.o(.text.USBD_ParseSetupRequest)
    USBD_RegisterClass                       0x080047f1   Thumb Code    66  usbd_core.o(.text.USBD_RegisterClass)
    USBD_SetClassConfig                      0x08004835   Thumb Code    16  usbd_core.o(.text.USBD_SetClassConfig)
    USBD_Start                               0x08004845   Thumb Code     4  usbd_core.o(.text.USBD_Start)
    USBD_StdDevReq                           0x08004849   Thumb Code   900  usbd_ctlreq.o(.text.USBD_StdDevReq)
    USBD_StdEPReq                            0x08004bcd   Thumb Code   352  usbd_ctlreq.o(.text.USBD_StdEPReq)
    USBD_StdItfReq                           0x08004d2d   Thumb Code   120  usbd_ctlreq.o(.text.USBD_StdItfReq)
    USBD_static_free                         0x08004da5   Thumb Code     2  usbd_conf.o(.text.USBD_static_free)
    USBD_static_malloc                       0x08004da9   Thumb Code    10  usbd_conf.o(.text.USBD_static_malloc)
    USB_ActivateEndpoint                     0x08004db5   Thumb Code   130  stm32f4xx_ll_usb.o(.text.USB_ActivateEndpoint)
    USB_ActivateSetup                        0x08004e39   Thumb Code    32  stm32f4xx_ll_usb.o(.text.USB_ActivateSetup)
    USB_CoreInit                             0x08004e59   Thumb Code   630  stm32f4xx_ll_usb.o(.text.USB_CoreInit)
    USB_DeactivateEndpoint                   0x080050d1   Thumb Code   130  stm32f4xx_ll_usb.o(.text.USB_DeactivateEndpoint)
    USB_DevConnect                           0x08005155   Thumb Code    30  stm32f4xx_ll_usb.o(.text.USB_DevConnect)
    USB_DevDisconnect                        0x08005175   Thumb Code    30  stm32f4xx_ll_usb.o(.text.USB_DevDisconnect)
    USB_DevInit                              0x08005195   Thumb Code  1206  stm32f4xx_ll_usb.o(.text.USB_DevInit)
    USB_DisableGlobalInt                     0x0800564d   Thumb Code    14  stm32f4xx_ll_usb.o(.text.USB_DisableGlobalInt)
    USB_EP0_OutStart                         0x0800565d   Thumb Code    90  stm32f4xx_ll_usb.o(.text.USB_EP0_OutStart)
    USB_EPClearStall                         0x080056b9   Thumb Code    82  stm32f4xx_ll_usb.o(.text.USB_EPClearStall)
    USB_EPSetStall                           0x0800570d   Thumb Code    62  stm32f4xx_ll_usb.o(.text.USB_EPSetStall)
    USB_EPStartXfer                          0x0800574d   Thumb Code   570  stm32f4xx_ll_usb.o(.text.USB_EPStartXfer)
    USB_EPStopXfer                           0x08005989   Thumb Code   270  stm32f4xx_ll_usb.o(.text.USB_EPStopXfer)
    USB_EnableGlobalInt                      0x08005a99   Thumb Code    14  stm32f4xx_ll_usb.o(.text.USB_EnableGlobalInt)
    USB_FlushTxFifo                          0x08005aa9   Thumb Code   190  stm32f4xx_ll_usb.o(.text.USB_FlushTxFifo)
    USB_GetDevSpeed                          0x08005b69   Thumb Code    26  stm32f4xx_ll_usb.o(.text.USB_GetDevSpeed)
    USB_GetMode                              0x08005b85   Thumb Code     8  stm32f4xx_ll_usb.o(.text.USB_GetMode)
    USB_ReadDevAllInEpInterrupt              0x08005b8d   Thumb Code    14  stm32f4xx_ll_usb.o(.text.USB_ReadDevAllInEpInterrupt)
    USB_ReadDevAllOutEpInterrupt             0x08005b9d   Thumb Code    14  stm32f4xx_ll_usb.o(.text.USB_ReadDevAllOutEpInterrupt)
    USB_ReadDevInEPInterrupt                 0x08005bad   Thumb Code    36  stm32f4xx_ll_usb.o(.text.USB_ReadDevInEPInterrupt)
    USB_ReadDevOutEPInterrupt                0x08005bd1   Thumb Code    16  stm32f4xx_ll_usb.o(.text.USB_ReadDevOutEPInterrupt)
    USB_ReadInterrupts                       0x08005be1   Thumb Code     8  stm32f4xx_ll_usb.o(.text.USB_ReadInterrupts)
    USB_ReadPacket                           0x08005be9   Thumb Code   170  stm32f4xx_ll_usb.o(.text.USB_ReadPacket)
    USB_SetCurrentMode                       0x08005c95   Thumb Code   872  stm32f4xx_ll_usb.o(.text.USB_SetCurrentMode)
    USB_SetDevAddress                        0x08005ffd   Thumb Code    34  stm32f4xx_ll_usb.o(.text.USB_SetDevAddress)
    USB_SetTurnaroundTime                    0x08006021   Thumb Code   280  stm32f4xx_ll_usb.o(.text.USB_SetTurnaroundTime)
    USB_WritePacket                          0x08006139   Thumb Code   106  stm32f4xx_ll_usb.o(.text.USB_WritePacket)
    UsageFault_Handler                       0x080061a5   Thumb Code     2  stm32f4xx_it.o(.text.UsageFault_Handler)
    main                                     0x080061a9   Thumb Code   252  main.o(.text.main)
    _btod_d2e                                0x080062a9   Thumb Code    62  btod.o(CL$$btod_d2e)
    _d2e_denorm_low                          0x080062e7   Thumb Code    70  btod.o(CL$$btod_d2e_denorm_low)
    _d2e_norm_op1                            0x0800632d   Thumb Code    96  btod.o(CL$$btod_d2e_norm_op1)
    __btod_div_common                        0x0800638d   Thumb Code   696  btod.o(CL$$btod_div_common)
    _e2e                                     0x080066c5   Thumb Code   220  btod.o(CL$$btod_e2e)
    _btod_ediv                               0x080067a1   Thumb Code    42  btod.o(CL$$btod_ediv)
    _btod_emul                               0x080067cb   Thumb Code    42  btod.o(CL$$btod_emul)
    __btod_mult_common                       0x080067f5   Thumb Code   580  btod.o(CL$$btod_mult_common)
    __ARM_fpclassify                         0x08006a39   Thumb Code    48  fpclassify.o(i.__ARM_fpclassify)
    _is_digit                                0x08006a69   Thumb Code    14  __printf_wp.o(i._is_digit)
    _get_lc_numeric                          0x08006a79   Thumb Code    44  lc_numeric_c.o(locale$$code)
    __fpl_dretinf                            0x08006aa5   Thumb Code    12  dretinf.o(x$fpl$dretinf)
    __aeabi_f2d                              0x08006ab1   Thumb Code     0  f2d.o(x$fpl$f2d)
    _f2d                                     0x08006ab1   Thumb Code    86  f2d.o(x$fpl$f2d)
    __fpl_fnaninf                            0x08006b07   Thumb Code   140  fnaninf.o(x$fpl$fnaninf)
    _fp_init                                 0x08006b93   Thumb Code    26  fpinit.o(x$fpl$fpinit)
    __fplib_config_fpu_vfp                   0x08006bab   Thumb Code     0  fpinit.o(x$fpl$fpinit)
    __fplib_config_pureend_doubles           0x08006bab   Thumb Code     0  fpinit.o(x$fpl$fpinit)
    _printf_fp_dec                           0x08006bad   Thumb Code     4  printf1.o(x$fpl$printf1)
    __I$use$fp                               0x08006bb0   Number         0  usenofp.o(x$fpl$usenofp)
    AHBPrescTable                            0x08006c44   Data          16  system_stm32f4xx.o(.rodata.AHBPrescTable)
    Region$$Table$$Base                      0x08006ca0   Number         0  anon$$obj.o(Region$$Table)
    Region$$Table$$Limit                     0x08006cc0   Number         0  anon$$obj.o(Region$$Table)
    uwTickFreq                               0x20000000   Data           1  stm32f4xx_hal.o(.data..L_MergedGlobals)
    uwTickPrio                               0x20000004   Data           4  stm32f4xx_hal.o(.data..L_MergedGlobals)
    FS_Desc                                  0x20000008   Data          28  usbd_desc.o(.data.FS_Desc)
    SystemCoreClock                          0x20000024   Data           4  system_stm32f4xx.o(.data.SystemCoreClock)
    USBD_CDC                                 0x20000028   Data          56  usbd_cdc.o(.data.USBD_CDC)
    USBD_FS_DeviceDesc                       0x200000b0   Data          18  usbd_desc.o(.data.USBD_FS_DeviceDesc)
    USBD_Interface_fops_FS                   0x200000c4   Data          20  usbd_cdc_if.o(.data.USBD_Interface_fops_FS)
    USBD_LangIDDesc                          0x200000d8   Data           4  usbd_desc.o(.data.USBD_LangIDDesc)
    USBD_StringSerial                        0x200000dc   Data          26  usbd_desc.o(.data.USBD_StringSerial)
    __libspace_start                         0x200000f8   Data          96  libspace.o(.bss)
    BMI088_Data                              0x20000158   Data          60  bmi088.o(.bss.BMI088_Data)
    __temporary_stack_top$libspace           0x20000158   Data           0  libspace.o(.bss)
    USBD_StrDesc                             0x20000198   Data         512  usbd_desc.o(.bss.USBD_StrDesc)
    UserRxBufferFS                           0x200005b8   Data        2048  usbd_cdc_if.o(.bss.UserRxBufferFS)
    UserTxBufferFS                           0x20000db8   Data        2048  usbd_cdc_if.o(.bss.UserTxBufferFS)
    hUsbDeviceFS                             0x200015bc   Data         732  usb_device.o(.bss.hUsbDeviceFS)
    hdma_spi1_rx                             0x20001898   Data          96  spi.o(.bss.hdma_spi1_rx)
    hdma_spi1_tx                             0x200018f8   Data          96  spi.o(.bss.hdma_spi1_tx)
    hpcd_USB_OTG_FS                          0x20001958   Data        1252  usbd_conf.o(.bss.hpcd_USB_OTG_FS)
    hspi1                                    0x20001e3c   Data          88  spi.o(.bss.hspi1)
    uwTick                                   0x20001e94   Data           4  stm32f4xx_hal.o(.bss.uwTick)



==============================================================================

Memory Map of the image

  Image Entry point : 0x08000189

  Load Region LR_IROM1 (Base: 0x08000000, Size: 0x00006dd8, Max: 0x00100000, ABSOLUTE)

    Execution Region ER_IROM1 (Exec base: 0x08000000, Load base: 0x08000000, Size: 0x00006cdc, Max: 0x00100000, ABSOLUTE)

    Exec Addr    Load Addr    Size         Type   Attr      Idx    E Section Name        Object

    0x08000000   0x08000000   0x00000188   Data   RO            3    RESET               startup_stm32f407xx.o
    0x08000188   0x08000188   0x00000008   Code   RO         1152  * !!!main             c_w.l(__main.o)
    0x08000190   0x08000190   0x0000005c   Code   RO         1396    !!!scatter          c_w.l(__scatter.o)
    0x080001ec   0x080001ec   0x0000001a   Code   RO         1400    !!handler_copy      c_w.l(__scatter_copy.o)
    0x08000206   0x08000206   0x00000002   PAD
    0x08000208   0x08000208   0x00000002   Code   RO         1397    !!handler_null      c_w.l(__scatter.o)
    0x0800020a   0x0800020a   0x00000002   PAD
    0x0800020c   0x0800020c   0x0000001c   Code   RO         1402    !!handler_zi        c_w.l(__scatter_zi.o)
    0x08000228   0x08000228   0x00000000   Code   RO         1145    .ARM.Collect$$_printf_percent$$00000000  c_w.l(_printf_percent.o)
    0x08000228   0x08000228   0x00000006   Code   RO         1144    .ARM.Collect$$_printf_percent$$00000003  c_w.l(_printf_f.o)
    0x0800022e   0x0800022e   0x00000004   Code   RO         1171    .ARM.Collect$$_printf_percent$$00000017  c_w.l(_printf_percent_end.o)
    0x08000232   0x08000232   0x00000002   Code   RO         1259    .ARM.Collect$$libinit$$00000000  c_w.l(libinit.o)
    0x08000234   0x08000234   0x00000004   Code   RO         1260    .ARM.Collect$$libinit$$00000001  c_w.l(libinit2.o)
    0x08000238   0x08000238   0x00000000   Code   RO         1263    .ARM.Collect$$libinit$$00000004  c_w.l(libinit2.o)
    0x08000238   0x08000238   0x00000000   Code   RO         1265    .ARM.Collect$$libinit$$00000006  c_w.l(libinit2.o)
    0x08000238   0x08000238   0x00000000   Code   RO         1268    .ARM.Collect$$libinit$$0000000C  c_w.l(libinit2.o)
    0x08000238   0x08000238   0x00000000   Code   RO         1270    .ARM.Collect$$libinit$$0000000E  c_w.l(libinit2.o)
    0x08000238   0x08000238   0x00000000   Code   RO         1272    .ARM.Collect$$libinit$$00000010  c_w.l(libinit2.o)
    0x08000238   0x08000238   0x00000006   Code   RO         1273    .ARM.Collect$$libinit$$00000011  c_w.l(libinit2.o)
    0x0800023e   0x0800023e   0x00000000   Code   RO         1275    .ARM.Collect$$libinit$$00000013  c_w.l(libinit2.o)
    0x0800023e   0x0800023e   0x00000000   Code   RO         1277    .ARM.Collect$$libinit$$00000015  c_w.l(libinit2.o)
    0x0800023e   0x0800023e   0x00000000   Code   RO         1279    .ARM.Collect$$libinit$$00000017  c_w.l(libinit2.o)
    0x0800023e   0x0800023e   0x0000000a   Code   RO         1280    .ARM.Collect$$libinit$$00000018  c_w.l(libinit2.o)
    0x08000248   0x08000248   0x00000000   Code   RO         1281    .ARM.Collect$$libinit$$00000019  c_w.l(libinit2.o)
    0x08000248   0x08000248   0x00000000   Code   RO         1283    .ARM.Collect$$libinit$$0000001B  c_w.l(libinit2.o)
    0x08000248   0x08000248   0x00000000   Code   RO         1285    .ARM.Collect$$libinit$$0000001D  c_w.l(libinit2.o)
    0x08000248   0x08000248   0x00000000   Code   RO         1287    .ARM.Collect$$libinit$$0000001F  c_w.l(libinit2.o)
    0x08000248   0x08000248   0x00000000   Code   RO         1289    .ARM.Collect$$libinit$$00000021  c_w.l(libinit2.o)
    0x08000248   0x08000248   0x00000000   Code   RO         1291    .ARM.Collect$$libinit$$00000023  c_w.l(libinit2.o)
    0x08000248   0x08000248   0x00000000   Code   RO         1293    .ARM.Collect$$libinit$$00000025  c_w.l(libinit2.o)
    0x08000248   0x08000248   0x00000000   Code   RO         1295    .ARM.Collect$$libinit$$00000027  c_w.l(libinit2.o)
    0x08000248   0x08000248   0x00000000   Code   RO         1299    .ARM.Collect$$libinit$$0000002E  c_w.l(libinit2.o)
    0x08000248   0x08000248   0x00000000   Code   RO         1301    .ARM.Collect$$libinit$$00000030  c_w.l(libinit2.o)
    0x08000248   0x08000248   0x00000000   Code   RO         1303    .ARM.Collect$$libinit$$00000032  c_w.l(libinit2.o)
    0x08000248   0x08000248   0x00000000   Code   RO         1305    .ARM.Collect$$libinit$$00000034  c_w.l(libinit2.o)
    0x08000248   0x08000248   0x00000002   Code   RO         1306    .ARM.Collect$$libinit$$00000035  c_w.l(libinit2.o)
    0x0800024a   0x0800024a   0x00000002   Code   RO         1361    .ARM.Collect$$libshutdown$$00000000  c_w.l(libshutdown.o)
    0x0800024c   0x0800024c   0x00000000   Code   RO         1379    .ARM.Collect$$libshutdown$$00000002  c_w.l(libshutdown2.o)
    0x0800024c   0x0800024c   0x00000000   Code   RO         1381    .ARM.Collect$$libshutdown$$00000004  c_w.l(libshutdown2.o)
    0x0800024c   0x0800024c   0x00000000   Code   RO         1384    .ARM.Collect$$libshutdown$$00000007  c_w.l(libshutdown2.o)
    0x0800024c   0x0800024c   0x00000000   Code   RO         1387    .ARM.Collect$$libshutdown$$0000000A  c_w.l(libshutdown2.o)
    0x0800024c   0x0800024c   0x00000000   Code   RO         1389    .ARM.Collect$$libshutdown$$0000000C  c_w.l(libshutdown2.o)
    0x0800024c   0x0800024c   0x00000000   Code   RO         1392    .ARM.Collect$$libshutdown$$0000000F  c_w.l(libshutdown2.o)
    0x0800024c   0x0800024c   0x00000002   Code   RO         1393    .ARM.Collect$$libshutdown$$00000010  c_w.l(libshutdown2.o)
    0x0800024e   0x0800024e   0x00000000   Code   RO         1158    .ARM.Collect$$rtentry$$00000000  c_w.l(__rtentry.o)
    0x0800024e   0x0800024e   0x00000000   Code   RO         1178    .ARM.Collect$$rtentry$$00000002  c_w.l(__rtentry2.o)
    0x0800024e   0x0800024e   0x00000006   Code   RO         1190    .ARM.Collect$$rtentry$$00000004  c_w.l(__rtentry4.o)
    0x08000254   0x08000254   0x00000000   Code   RO         1180    .ARM.Collect$$rtentry$$00000009  c_w.l(__rtentry2.o)
    0x08000254   0x08000254   0x00000004   Code   RO         1181    .ARM.Collect$$rtentry$$0000000A  c_w.l(__rtentry2.o)
    0x08000258   0x08000258   0x00000000   Code   RO         1183    .ARM.Collect$$rtentry$$0000000C  c_w.l(__rtentry2.o)
    0x08000258   0x08000258   0x00000008   Code   RO         1184    .ARM.Collect$$rtentry$$0000000D  c_w.l(__rtentry2.o)
    0x08000260   0x08000260   0x00000002   Code   RO         1307    .ARM.Collect$$rtexit$$00000000  c_w.l(rtexit.o)
    0x08000262   0x08000262   0x00000000   Code   RO         1326    .ARM.Collect$$rtexit$$00000002  c_w.l(rtexit2.o)
    0x08000262   0x08000262   0x00000004   Code   RO         1327    .ARM.Collect$$rtexit$$00000003  c_w.l(rtexit2.o)
    0x08000266   0x08000266   0x00000006   Code   RO         1328    .ARM.Collect$$rtexit$$00000004  c_w.l(rtexit2.o)
    0x0800026c   0x0800026c   0x00000040   Code   RO            4    .text               startup_stm32f407xx.o
    0x080002ac   0x080002ac   0x000000f0   Code   RO         1116    .text               c_w.l(lludivv7m.o)
    0x0800039c   0x0800039c   0x00000028   Code   RO         1120    .text               c_w.l(noretval__2sprintf.o)
    0x080003c4   0x080003c4   0x0000010e   Code   RO         1132    .text               c_w.l(__printf_wp.o)
    0x080004d2   0x080004d2   0x0000003e   Code   RO         1146    .text               c_w.l(strlen.o)
    0x08000510   0x08000510   0x0000004e   Code   RO         1148    .text               c_w.l(rt_memclr_w.o)
    0x0800055e   0x0800055e   0x00000006   Code   RO         1150    .text               c_w.l(heapauxi.o)
    0x08000564   0x08000564   0x0000041c   Code   RO         1163    .text               c_w.l(_printf_fp_dec.o)
    0x08000980   0x08000980   0x00000030   Code   RO         1167    .text               c_w.l(_printf_char_common.o)
    0x080009b0   0x080009b0   0x0000000a   Code   RO         1169    .text               c_w.l(_sputc.o)
    0x080009ba   0x080009ba   0x00000002   PAD
    0x080009bc   0x080009bc   0x00000008   Code   RO         1197    .text               c_w.l(rt_locale_intlibspace.o)
    0x080009c4   0x080009c4   0x0000008a   Code   RO         1199    .text               c_w.l(lludiv10.o)
    0x08000a4e   0x08000a4e   0x00000002   PAD
    0x08000a50   0x08000a50   0x00000080   Code   RO         1201    .text               c_w.l(_printf_fp_infnan.o)
    0x08000ad0   0x08000ad0   0x000000e4   Code   RO         1205    .text               c_w.l(bigflt0.o)
    0x08000bb4   0x08000bb4   0x00000008   Code   RO         1239    .text               c_w.l(libspace.o)
    0x08000bbc   0x08000bbc   0x0000004a   Code   RO         1242    .text               c_w.l(sys_stackheap_outer.o)
    0x08000c06   0x08000c06   0x00000012   Code   RO         1246    .text               c_w.l(exit.o)
    0x08000c18   0x08000c18   0x0000007c   Code   RO         1252    .text               c_w.l(strcmpv7em.o)
    0x08000c94   0x08000c94   0x0000000c   Code   RO         1321    .text               c_w.l(sys_exit.o)
    0x08000ca0   0x08000ca0   0x00000002   Code   RO         1348    .text               c_w.l(use_no_semi.o)
    0x08000ca2   0x08000ca2   0x00000000   Code   RO         1350    .text               c_w.l(indicate_semi.o)
    0x08000ca2   0x08000ca2   0x00000002   PAD
    0x08000ca4   0x08000ca4   0x00000078   Code   RO          829    .text.BMI088_Calib_Init  bmi088.o
    0x08000d1c   0x08000d1c   0x000002e0   Code   RO          815    .text.BMI088_Init   bmi088.o
    0x08000ffc   0x08000ffc   0x000000ec   Code   RO          817    .text.BMI088_Read_Accel  bmi088.o
    0x080010e8   0x080010e8   0x0000010c   Code   RO          819    .text.BMI088_Read_Gyro  bmi088.o
    0x080011f4   0x080011f4   0x00000060   Code   RO          831    .text.BMI088_Update_Angle  bmi088.o
    0x08001254   0x08001254   0x00000002   Code   RO           68    .text.BusFault_Handler  stm32f4xx_it.o
    0x08001256   0x08001256   0x00000002   PAD
    0x08001258   0x08001258   0x00000004   Code   RO          884    .text.CDC_Control_FS  usbd_cdc_if.o
    0x0800125c   0x0800125c   0x00000004   Code   RO          882    .text.CDC_DeInit_FS  usbd_cdc_if.o
    0x08001260   0x08001260   0x0000002c   Code   RO          880    .text.CDC_Init_FS   usbd_cdc_if.o
    0x0800128c   0x0800128c   0x0000001c   Code   RO          886    .text.CDC_Receive_FS  usbd_cdc_if.o
    0x080012a8   0x080012a8   0x00000004   Code   RO          888    .text.CDC_TransmitCplt_FS  usbd_cdc_if.o
    0x080012ac   0x080012ac   0x00000036   Code   RO          890    .text.CDC_Transmit_FS  usbd_cdc_if.o
    0x080012e2   0x080012e2   0x00000002   PAD
    0x080012e4   0x080012e4   0x0000000c   Code   RO           82    .text.DMA2_Stream0_IRQHandler  stm32f4xx_it.o
    0x080012f0   0x080012f0   0x0000000c   Code   RO           84    .text.DMA2_Stream3_IRQHandler  stm32f4xx_it.o
    0x080012fc   0x080012fc   0x00000002   Code   RO           74    .text.DebugMon_Handler  stm32f4xx_it.o
    0x080012fe   0x080012fe   0x00000002   PAD
    0x08001300   0x08001300   0x00000006   Code   RO           15    .text.Error_Handler  main.o
    0x08001306   0x08001306   0x00000002   PAD
    0x08001308   0x08001308   0x00000024   Code   RO          459    .text.HAL_DMA_Abort_IT  stm32f4xx_hal_dma.o
    0x0800132c   0x0800132c   0x000001c4   Code   RO          463    .text.HAL_DMA_IRQHandler  stm32f4xx_hal_dma.o
    0x080014f0   0x080014f0   0x00000162   Code   RO          449    .text.HAL_DMA_Init  stm32f4xx_hal_dma.o
    0x08001652   0x08001652   0x00000002   PAD
    0x08001654   0x08001654   0x00000028   Code   RO          616    .text.HAL_Delay     stm32f4xx_hal.o
    0x0800167c   0x0800167c   0x0000019e   Code   RO          411    .text.HAL_GPIO_Init  stm32f4xx_hal_gpio.o
    0x0800181a   0x0800181a   0x00000002   PAD
    0x0800181c   0x0800181c   0x0000000a   Code   RO          417    .text.HAL_GPIO_WritePin  stm32f4xx_hal_gpio.o
    0x08001826   0x08001826   0x00000002   PAD
    0x08001828   0x08001828   0x0000000c   Code   RO          608    .text.HAL_GetTick   stm32f4xx_hal.o
    0x08001834   0x08001834   0x0000001a   Code   RO          606    .text.HAL_IncTick   stm32f4xx_hal.o
    0x0800184e   0x0800184e   0x00000002   PAD
    0x08001850   0x08001850   0x00000036   Code   RO          596    .text.HAL_Init      stm32f4xx_hal.o
    0x08001886   0x08001886   0x00000002   PAD
    0x08001888   0x08001888   0x00000048   Code   RO          598    .text.HAL_InitTick  stm32f4xx_hal.o
    0x080018d0   0x080018d0   0x00000038   Code   RO           95    .text.HAL_MspInit   stm32f4xx_hal_msp.o
    0x08001908   0x08001908   0x00000022   Code   RO          548    .text.HAL_NVIC_EnableIRQ  stm32f4xx_hal_cortex.o
    0x0800192a   0x0800192a   0x00000002   PAD
    0x0800192c   0x0800192c   0x00000056   Code   RO          546    .text.HAL_NVIC_SetPriority  stm32f4xx_hal_cortex.o
    0x08001982   0x08001982   0x00000002   PAD
    0x08001984   0x08001984   0x00000020   Code   RO          544    .text.HAL_NVIC_SetPriorityGrouping  stm32f4xx_hal_cortex.o
    0x080019a4   0x080019a4   0x00000002   Code   RO          185    .text.HAL_PCDEx_LPM_Callback  stm32f4xx_hal_pcd_ex.o
    0x080019a6   0x080019a6   0x00000002   PAD
    0x080019a8   0x080019a8   0x00000008   Code   RO          183    .text.HAL_PCDEx_SetRxFiFo  stm32f4xx_hal_pcd_ex.o
    0x080019b0   0x080019b0   0x000000ce   Code   RO          181    .text.HAL_PCDEx_SetTxFiFo  stm32f4xx_hal_pcd_ex.o
    0x08001a7e   0x08001a7e   0x00000002   PAD
    0x08001a80   0x08001a80   0x00000008   Code   RO          925    .text.HAL_PCD_ConnectCallback  usbd_conf.o
    0x08001a88   0x08001a88   0x00000014   Code   RO          911    .text.HAL_PCD_DataInStageCallback  usbd_conf.o
    0x08001a9c   0x08001a9c   0x00000016   Code   RO          909    .text.HAL_PCD_DataOutStageCallback  usbd_conf.o
    0x08001ab2   0x08001ab2   0x00000002   PAD
    0x08001ab4   0x08001ab4   0x00000008   Code   RO          927    .text.HAL_PCD_DisconnectCallback  usbd_conf.o
    0x08001abc   0x08001abc   0x0000004e   Code   RO          151    .text.HAL_PCD_EP_Close  stm32f4xx_hal_pcd.o
    0x08001b0a   0x08001b0a   0x00000002   PAD
    0x08001b0c   0x08001b0c   0x00000060   Code   RO          161    .text.HAL_PCD_EP_ClrStall  stm32f4xx_hal_pcd.o
    0x08001b6c   0x08001b6c   0x00000012   Code   RO          155    .text.HAL_PCD_EP_GetRxCount  stm32f4xx_hal_pcd.o
    0x08001b7e   0x08001b7e   0x00000002   PAD
    0x08001b80   0x08001b80   0x00000074   Code   RO          149    .text.HAL_PCD_EP_Open  stm32f4xx_hal_pcd.o
    0x08001bf4   0x08001bf4   0x00000042   Code   RO          153    .text.HAL_PCD_EP_Receive  stm32f4xx_hal_pcd.o
    0x08001c36   0x08001c36   0x00000002   PAD
    0x08001c38   0x08001c38   0x0000006e   Code   RO          159    .text.HAL_PCD_EP_SetStall  stm32f4xx_hal_pcd.o
    0x08001ca6   0x08001ca6   0x00000002   PAD
    0x08001ca8   0x08001ca8   0x0000003a   Code   RO          157    .text.HAL_PCD_EP_Transmit  stm32f4xx_hal_pcd.o
    0x08001ce2   0x08001ce2   0x00000002   PAD
    0x08001ce4   0x08001ce4   0x000008fe   Code   RO          115    .text.HAL_PCD_IRQHandler  stm32f4xx_hal_pcd.o
    0x080025e2   0x080025e2   0x00000002   PAD
    0x080025e4   0x080025e4   0x00000008   Code   RO          923    .text.HAL_PCD_ISOINIncompleteCallback  usbd_conf.o
    0x080025ec   0x080025ec   0x00000008   Code   RO          921    .text.HAL_PCD_ISOOUTIncompleteCallback  usbd_conf.o
    0x080025f4   0x080025f4   0x0000026e   Code   RO          103    .text.HAL_PCD_Init  stm32f4xx_hal_pcd.o
    0x08002862   0x08002862   0x00000002   PAD
    0x08002864   0x08002864   0x00000088   Code   RO          903    .text.HAL_PCD_MspInit  usbd_conf.o
    0x080028ec   0x080028ec   0x0000002a   Code   RO          915    .text.HAL_PCD_ResetCallback  usbd_conf.o
    0x08002916   0x08002916   0x00000002   PAD
    0x08002918   0x08002918   0x00000008   Code   RO          919    .text.HAL_PCD_ResumeCallback  usbd_conf.o
    0x08002920   0x08002920   0x00000008   Code   RO          913    .text.HAL_PCD_SOFCallback  usbd_conf.o
    0x08002928   0x08002928   0x00000028   Code   RO          147    .text.HAL_PCD_SetAddress  stm32f4xx_hal_pcd.o
    0x08002950   0x08002950   0x0000000e   Code   RO          907    .text.HAL_PCD_SetupStageCallback  usbd_conf.o
    0x0800295e   0x0800295e   0x00000002   PAD
    0x08002960   0x08002960   0x0000003e   Code   RO          111    .text.HAL_PCD_Start  stm32f4xx_hal_pcd.o
    0x0800299e   0x0800299e   0x00000002   PAD
    0x080029a0   0x080029a0   0x00000034   Code   RO          917    .text.HAL_PCD_SuspendCallback  usbd_conf.o
    0x080029d4   0x080029d4   0x00000164   Code   RO          305    .text.HAL_RCC_ClockConfig  stm32f4xx_hal_rcc.o
    0x08002b38   0x08002b38   0x0000000c   Code   RO          315    .text.HAL_RCC_GetHCLKFreq  stm32f4xx_hal_rcc.o
    0x08002b44   0x08002b44   0x0000006a   Code   RO          307    .text.HAL_RCC_GetSysClockFreq  stm32f4xx_hal_rcc.o
    0x08002bae   0x08002bae   0x00000002   PAD
    0x08002bb0   0x08002bb0   0x000003ac   Code   RO          303    .text.HAL_RCC_OscConfig  stm32f4xx_hal_rcc.o
    0x08002f5c   0x08002f5c   0x00000002   Code   RO          766    .text.HAL_SPI_ErrorCallback  stm32f4xx_hal_spi.o
    0x08002f5e   0x08002f5e   0x00000002   PAD
    0x08002f60   0x08002f60   0x0000012e   Code   RO          762    .text.HAL_SPI_IRQHandler  stm32f4xx_hal_spi.o
    0x0800308e   0x0800308e   0x00000002   PAD
    0x08003090   0x08003090   0x000000b0   Code   RO          686    .text.HAL_SPI_Init  stm32f4xx_hal_spi.o
    0x08003140   0x08003140   0x00000136   Code   RO           47    .text.HAL_SPI_MspInit  spi.o
    0x08003276   0x08003276   0x00000002   PAD
    0x08003278   0x08003278   0x00000346   Code   RO          698    .text.HAL_SPI_TransmitReceive  stm32f4xx_hal_spi.o
    0x080035be   0x080035be   0x00000002   PAD
    0x080035c0   0x080035c0   0x0000002c   Code   RO          556    .text.HAL_SYSTICK_Config  stm32f4xx_hal_cortex.o
    0x080035ec   0x080035ec   0x00000002   Code   RO           64    .text.HardFault_Handler  stm32f4xx_it.o
    0x080035ee   0x080035ee   0x00000002   PAD
    0x080035f0   0x080035f0   0x00000048   Code   RO           36    .text.MX_DMA_Init   dma.o
    0x08003638   0x08003638   0x000000a8   Code   RO           27    .text.MX_GPIO_Init  gpio.o
    0x080036e0   0x080036e0   0x0000004c   Code   RO           45    .text.MX_SPI1_Init  spi.o
    0x0800372c   0x0800372c   0x00000072   Code   RO          844    .text.MX_USB_DEVICE_Init  usb_device.o
    0x0800379e   0x0800379e   0x00000002   PAD
    0x080037a0   0x080037a0   0x00000002   Code   RO           66    .text.MemManage_Handler  stm32f4xx_it.o
    0x080037a2   0x080037a2   0x00000002   PAD
    0x080037a4   0x080037a4   0x00000002   Code   RO           62    .text.NMI_Handler   stm32f4xx_it.o
    0x080037a6   0x080037a6   0x00000002   PAD
    0x080037a8   0x080037a8   0x0000000c   Code   RO           86    .text.OTG_FS_IRQHandler  stm32f4xx_it.o
    0x080037b4   0x080037b4   0x00000002   Code   RO           76    .text.PendSV_Handler  stm32f4xx_it.o
    0x080037b6   0x080037b6   0x00000002   PAD
    0x080037b8   0x080037b8   0x0000000c   Code   RO           80    .text.SPI1_IRQHandler  stm32f4xx_it.o
    0x080037c4   0x080037c4   0x0000000c   Code   RO          764    .text.SPI_DMAAbortOnError  stm32f4xx_hal_spi.o
    0x080037d0   0x080037d0   0x00000124   Code   RO          790    .text.SPI_WaitFlagStateUntilTimeout  stm32f4xx_hal_spi.o
    0x080038f4   0x080038f4   0x00000002   Code   RO           72    .text.SVC_Handler   stm32f4xx_it.o
    0x080038f6   0x080038f6   0x00000002   PAD
    0x080038f8   0x080038f8   0x00000004   Code   RO           78    .text.SysTick_Handler  stm32f4xx_it.o
    0x080038fc   0x080038fc   0x000000a8   Code   RO           13    .text.SystemClock_Config  main.o
    0x080039a4   0x080039a4   0x00000012   Code   RO          800    .text.SystemInit    system_stm32f4xx.o
    0x080039b6   0x080039b6   0x00000002   PAD
    0x080039b8   0x080039b8   0x00000078   Code   RO         1082    .text.USBD_CDC_DataIn  usbd_cdc.o
    0x08003a30   0x08003a30   0x0000003c   Code   RO         1084    .text.USBD_CDC_DataOut  usbd_cdc.o
    0x08003a6c   0x08003a6c   0x00000060   Code   RO         1076    .text.USBD_CDC_DeInit  usbd_cdc.o
    0x08003acc   0x08003acc   0x00000038   Code   RO         1080    .text.USBD_CDC_EP0_RxReady  usbd_cdc.o
    0x08003b04   0x08003b04   0x00000010   Code   RO         1092    .text.USBD_CDC_GetDeviceQualifierDescriptor  usbd_cdc.o
    0x08003b14   0x08003b14   0x00000052   Code   RO         1088    .text.USBD_CDC_GetFSCfgDesc  usbd_cdc.o
    0x08003b66   0x08003b66   0x00000002   PAD
    0x08003b68   0x08003b68   0x00000056   Code   RO         1086    .text.USBD_CDC_GetHSCfgDesc  usbd_cdc.o
    0x08003bbe   0x08003bbe   0x00000002   PAD
    0x08003bc0   0x08003bc0   0x00000052   Code   RO         1090    .text.USBD_CDC_GetOtherSpeedCfgDesc  usbd_cdc.o
    0x08003c12   0x08003c12   0x00000002   PAD
    0x08003c14   0x08003c14   0x000000c8   Code   RO         1074    .text.USBD_CDC_Init  usbd_cdc.o
    0x08003cdc   0x08003cdc   0x00000034   Code   RO         1102    .text.USBD_CDC_ReceivePacket  usbd_cdc.o
    0x08003d10   0x08003d10   0x00000018   Code   RO         1094    .text.USBD_CDC_RegisterInterface  usbd_cdc.o
    0x08003d28   0x08003d28   0x0000001a   Code   RO         1098    .text.USBD_CDC_SetRxBuffer  usbd_cdc.o
    0x08003d42   0x08003d42   0x00000002   PAD
    0x08003d44   0x08003d44   0x0000001e   Code   RO         1096    .text.USBD_CDC_SetTxBuffer  usbd_cdc.o
    0x08003d62   0x08003d62   0x00000002   PAD
    0x08003d64   0x08003d64   0x000000e8   Code   RO         1078    .text.USBD_CDC_Setup  usbd_cdc.o
    0x08003e4c   0x08003e4c   0x00000044   Code   RO         1100    .text.USBD_CDC_TransmitPacket  usbd_cdc.o
    0x08003e90   0x08003e90   0x00000012   Code   RO          989    .text.USBD_ClrClassConfig  usbd_core.o
    0x08003ea2   0x08003ea2   0x00000002   PAD
    0x08003ea4   0x08003ea4   0x00000004   Code   RO          997    .text.USBD_CoreFindEP  usbd_core.o
    0x08003ea8   0x08003ea8   0x00000004   Code   RO          995    .text.USBD_CoreFindIF  usbd_core.o
    0x08003eac   0x08003eac   0x00000010   Code   RO         1058    .text.USBD_CtlContinueRx  usbd_ioreq.o
    0x08003ebc   0x08003ebc   0x00000010   Code   RO         1054    .text.USBD_CtlContinueSendData  usbd_ioreq.o
    0x08003ecc   0x08003ecc   0x00000016   Code   RO         1033    .text.USBD_CtlError  usbd_ctlreq.o
    0x08003ee2   0x08003ee2   0x00000002   PAD
    0x08003ee4   0x08003ee4   0x0000001e   Code   RO         1056    .text.USBD_CtlPrepareRx  usbd_ioreq.o
    0x08003f02   0x08003f02   0x00000002   PAD
    0x08003f04   0x08003f04   0x00000016   Code   RO         1062    .text.USBD_CtlReceiveStatus  usbd_ioreq.o
    0x08003f1a   0x08003f1a   0x00000002   PAD
    0x08003f1c   0x08003f1c   0x0000001c   Code   RO         1052    .text.USBD_CtlSendData  usbd_ioreq.o
    0x08003f38   0x08003f38   0x00000016   Code   RO         1060    .text.USBD_CtlSendStatus  usbd_ioreq.o
    0x08003f4e   0x08003f4e   0x00000002   PAD
    0x08003f50   0x08003f50   0x00000024   Code   RO          863    .text.USBD_FS_ConfigStrDescriptor  usbd_desc.o
    0x08003f74   0x08003f74   0x0000000e   Code   RO          853    .text.USBD_FS_DeviceDescriptor  usbd_desc.o
    0x08003f82   0x08003f82   0x00000002   PAD
    0x08003f84   0x08003f84   0x00000028   Code   RO          865    .text.USBD_FS_InterfaceStrDescriptor  usbd_desc.o
    0x08003fac   0x08003fac   0x0000000e   Code   RO          855    .text.USBD_FS_LangIDStrDescriptor  usbd_desc.o
    0x08003fba   0x08003fba   0x00000002   PAD
    0x08003fbc   0x08003fbc   0x0000002c   Code   RO          857    .text.USBD_FS_ManufacturerStrDescriptor  usbd_desc.o
    0x08003fe8   0x08003fe8   0x00000030   Code   RO          859    .text.USBD_FS_ProductStrDescriptor  usbd_desc.o
    0x08004018   0x08004018   0x00000170   Code   RO          861    .text.USBD_FS_SerialStrDescriptor  usbd_desc.o
    0x08004188   0x08004188   0x00000084   Code   RO         1019    .text.USBD_GetEpDesc  usbd_core.o
    0x0800420c   0x0800420c   0x000000fe   Code   RO         1041    .text.USBD_GetString  usbd_ctlreq.o
    0x0800430a   0x0800430a   0x00000002   PAD
    0x0800430c   0x0800430c   0x0000002a   Code   RO          975    .text.USBD_Init     usbd_core.o
    0x08004336   0x08004336   0x00000002   PAD
    0x08004338   0x08004338   0x00000022   Code   RO          947    .text.USBD_LL_ClearStallEP  usbd_conf.o
    0x0800435a   0x0800435a   0x00000002   PAD
    0x0800435c   0x0800435c   0x00000022   Code   RO          941    .text.USBD_LL_CloseEP  usbd_conf.o
    0x0800437e   0x0800437e   0x00000002   PAD
    0x08004380   0x08004380   0x000000ba   Code   RO          999    .text.USBD_LL_DataInStage  usbd_core.o
    0x0800443a   0x0800443a   0x00000002   PAD
    0x0800443c   0x0800443c   0x0000007c   Code   RO          993    .text.USBD_LL_DataOutStage  usbd_core.o
    0x080044b8   0x080044b8   0x00000004   Code   RO         1015    .text.USBD_LL_DevConnected  usbd_core.o
    0x080044bc   0x080044bc   0x00000022   Code   RO         1017    .text.USBD_LL_DevDisconnected  usbd_core.o
    0x080044de   0x080044de   0x00000002   PAD
    0x080044e0   0x080044e0   0x00000008   Code   RO          957    .text.USBD_LL_GetRxDataSize  usbd_conf.o
    0x080044e8   0x080044e8   0x0000006e   Code   RO          929    .text.USBD_LL_Init  usbd_conf.o
    0x08004556   0x08004556   0x00000002   PAD
    0x08004558   0x08004558   0x0000002a   Code   RO          949    .text.USBD_LL_IsStallEP  usbd_conf.o
    0x08004582   0x08004582   0x00000002   PAD
    0x08004584   0x08004584   0x0000002c   Code   RO         1011    .text.USBD_LL_IsoINIncomplete  usbd_core.o
    0x080045b0   0x080045b0   0x0000002c   Code   RO         1013    .text.USBD_LL_IsoOUTIncomplete  usbd_core.o
    0x080045dc   0x080045dc   0x00000028   Code   RO          939    .text.USBD_LL_OpenEP  usbd_conf.o
    0x08004604   0x08004604   0x00000022   Code   RO          955    .text.USBD_LL_PrepareReceive  usbd_conf.o
    0x08004626   0x08004626   0x00000002   PAD
    0x08004628   0x08004628   0x00000062   Code   RO         1001    .text.USBD_LL_Reset  usbd_core.o
    0x0800468a   0x0800468a   0x00000002   PAD
    0x0800468c   0x0800468c   0x00000014   Code   RO         1007    .text.USBD_LL_Resume  usbd_core.o
    0x080046a0   0x080046a0   0x0000001e   Code   RO         1009    .text.USBD_LL_SOF   usbd_core.o
    0x080046be   0x080046be   0x00000002   PAD
    0x080046c0   0x080046c0   0x00000008   Code   RO         1003    .text.USBD_LL_SetSpeed  usbd_core.o
    0x080046c8   0x080046c8   0x00000022   Code   RO          951    .text.USBD_LL_SetUSBAddress  usbd_conf.o
    0x080046ea   0x080046ea   0x00000002   PAD
    0x080046ec   0x080046ec   0x00000062   Code   RO          991    .text.USBD_LL_SetupStage  usbd_core.o
    0x0800474e   0x0800474e   0x00000002   PAD
    0x08004750   0x08004750   0x00000022   Code   RO          945    .text.USBD_LL_StallEP  usbd_conf.o
    0x08004772   0x08004772   0x00000002   PAD
    0x08004774   0x08004774   0x00000022   Code   RO          935    .text.USBD_LL_Start  usbd_conf.o
    0x08004796   0x08004796   0x00000002   PAD
    0x08004798   0x08004798   0x0000001c   Code   RO         1005    .text.USBD_LL_Suspend  usbd_core.o
    0x080047b4   0x080047b4   0x00000022   Code   RO          953    .text.USBD_LL_Transmit  usbd_conf.o
    0x080047d6   0x080047d6   0x00000002   PAD
    0x080047d8   0x080047d8   0x00000016   Code   RO         1039    .text.USBD_ParseSetupRequest  usbd_ctlreq.o
    0x080047ee   0x080047ee   0x00000002   PAD
    0x080047f0   0x080047f0   0x00000042   Code   RO          979    .text.USBD_RegisterClass  usbd_core.o
    0x08004832   0x08004832   0x00000002   PAD
    0x08004834   0x08004834   0x00000010   Code   RO          987    .text.USBD_SetClassConfig  usbd_core.o
    0x08004844   0x08004844   0x00000004   Code   RO          981    .text.USBD_Start    usbd_core.o
    0x08004848   0x08004848   0x00000384   Code   RO         1031    .text.USBD_StdDevReq  usbd_ctlreq.o
    0x08004bcc   0x08004bcc   0x00000160   Code   RO         1037    .text.USBD_StdEPReq  usbd_ctlreq.o
    0x08004d2c   0x08004d2c   0x00000078   Code   RO         1035    .text.USBD_StdItfReq  usbd_ctlreq.o
    0x08004da4   0x08004da4   0x00000002   Code   RO          961    .text.USBD_static_free  usbd_conf.o
    0x08004da6   0x08004da6   0x00000002   PAD
    0x08004da8   0x08004da8   0x0000000a   Code   RO          959    .text.USBD_static_malloc  usbd_conf.o
    0x08004db2   0x08004db2   0x00000002   PAD
    0x08004db4   0x08004db4   0x00000082   Code   RO          219    .text.USB_ActivateEndpoint  stm32f4xx_ll_usb.o
    0x08004e36   0x08004e36   0x00000002   PAD
    0x08004e38   0x08004e38   0x00000020   Code   RO          261    .text.USB_ActivateSetup  stm32f4xx_ll_usb.o
    0x08004e58   0x08004e58   0x00000276   Code   RO          197    .text.USB_CoreInit  stm32f4xx_ll_usb.o
    0x080050ce   0x080050ce   0x00000002   PAD
    0x080050d0   0x080050d0   0x00000082   Code   RO          223    .text.USB_DeactivateEndpoint  stm32f4xx_ll_usb.o
    0x08005152   0x08005152   0x00000002   PAD
    0x08005154   0x08005154   0x0000001e   Code   RO          243    .text.USB_DevConnect  stm32f4xx_ll_usb.o
    0x08005172   0x08005172   0x00000002   PAD
    0x08005174   0x08005174   0x0000001e   Code   RO          245    .text.USB_DevDisconnect  stm32f4xx_ll_usb.o
    0x08005192   0x08005192   0x00000002   PAD
    0x08005194   0x08005194   0x000004b6   Code   RO          209    .text.USB_DevInit   stm32f4xx_ll_usb.o
    0x0800564a   0x0800564a   0x00000002   PAD
    0x0800564c   0x0800564c   0x0000000e   Code   RO          203    .text.USB_DisableGlobalInt  stm32f4xx_ll_usb.o
    0x0800565a   0x0800565a   0x00000002   PAD
    0x0800565c   0x0800565c   0x0000005a   Code   RO          263    .text.USB_EP0_OutStart  stm32f4xx_ll_usb.o
    0x080056b6   0x080056b6   0x00000002   PAD
    0x080056b8   0x080056b8   0x00000052   Code   RO          237    .text.USB_EPClearStall  stm32f4xx_ll_usb.o
    0x0800570a   0x0800570a   0x00000002   PAD
    0x0800570c   0x0800570c   0x0000003e   Code   RO          235    .text.USB_EPSetStall  stm32f4xx_ll_usb.o
    0x0800574a   0x0800574a   0x00000002   PAD
    0x0800574c   0x0800574c   0x0000023a   Code   RO          227    .text.USB_EPStartXfer  stm32f4xx_ll_usb.o
    0x08005986   0x08005986   0x00000002   PAD
    0x08005988   0x08005988   0x0000010e   Code   RO          231    .text.USB_EPStopXfer  stm32f4xx_ll_usb.o
    0x08005a96   0x08005a96   0x00000002   PAD
    0x08005a98   0x08005a98   0x0000000e   Code   RO          201    .text.USB_EnableGlobalInt  stm32f4xx_ll_usb.o
    0x08005aa6   0x08005aa6   0x00000002   PAD
    0x08005aa8   0x08005aa8   0x000000be   Code   RO          213    .text.USB_FlushTxFifo  stm32f4xx_ll_usb.o
    0x08005b66   0x08005b66   0x00000002   PAD
    0x08005b68   0x08005b68   0x0000001a   Code   RO          217    .text.USB_GetDevSpeed  stm32f4xx_ll_usb.o
    0x08005b82   0x08005b82   0x00000002   PAD
    0x08005b84   0x08005b84   0x00000008   Code   RO          207    .text.USB_GetMode   stm32f4xx_ll_usb.o
    0x08005b8c   0x08005b8c   0x0000000e   Code   RO          253    .text.USB_ReadDevAllInEpInterrupt  stm32f4xx_ll_usb.o
    0x08005b9a   0x08005b9a   0x00000002   PAD
    0x08005b9c   0x08005b9c   0x0000000e   Code   RO          251    .text.USB_ReadDevAllOutEpInterrupt  stm32f4xx_ll_usb.o
    0x08005baa   0x08005baa   0x00000002   PAD
    0x08005bac   0x08005bac   0x00000024   Code   RO          257    .text.USB_ReadDevInEPInterrupt  stm32f4xx_ll_usb.o
    0x08005bd0   0x08005bd0   0x00000010   Code   RO          255    .text.USB_ReadDevOutEPInterrupt  stm32f4xx_ll_usb.o
    0x08005be0   0x08005be0   0x00000008   Code   RO          247    .text.USB_ReadInterrupts  stm32f4xx_ll_usb.o
    0x08005be8   0x08005be8   0x000000aa   Code   RO          233    .text.USB_ReadPacket  stm32f4xx_ll_usb.o
    0x08005c92   0x08005c92   0x00000002   PAD
    0x08005c94   0x08005c94   0x00000368   Code   RO          205    .text.USB_SetCurrentMode  stm32f4xx_ll_usb.o
    0x08005ffc   0x08005ffc   0x00000022   Code   RO          241    .text.USB_SetDevAddress  stm32f4xx_ll_usb.o
    0x0800601e   0x0800601e   0x00000002   PAD
    0x08006020   0x08006020   0x00000118   Code   RO          199    .text.USB_SetTurnaroundTime  stm32f4xx_ll_usb.o
    0x08006138   0x08006138   0x0000006a   Code   RO          229    .text.USB_WritePacket  stm32f4xx_ll_usb.o
    0x080061a2   0x080061a2   0x00000002   PAD
    0x080061a4   0x080061a4   0x00000002   Code   RO           70    .text.UsageFault_Handler  stm32f4xx_it.o
    0x080061a6   0x080061a6   0x00000002   PAD
    0x080061a8   0x080061a8   0x00000100   Code   RO           11    .text.main          main.o
    0x080062a8   0x080062a8   0x0000003e   Code   RO         1208    CL$$btod_d2e        c_w.l(btod.o)
    0x080062e6   0x080062e6   0x00000046   Code   RO         1210    CL$$btod_d2e_denorm_low  c_w.l(btod.o)
    0x0800632c   0x0800632c   0x00000060   Code   RO         1209    CL$$btod_d2e_norm_op1  c_w.l(btod.o)
    0x0800638c   0x0800638c   0x00000338   Code   RO         1218    CL$$btod_div_common  c_w.l(btod.o)
    0x080066c4   0x080066c4   0x000000dc   Code   RO         1215    CL$$btod_e2e        c_w.l(btod.o)
    0x080067a0   0x080067a0   0x0000002a   Code   RO         1212    CL$$btod_ediv       c_w.l(btod.o)
    0x080067ca   0x080067ca   0x0000002a   Code   RO         1211    CL$$btod_emul       c_w.l(btod.o)
    0x080067f4   0x080067f4   0x00000244   Code   RO         1217    CL$$btod_mult_common  c_w.l(btod.o)
    0x08006a38   0x08006a38   0x00000030   Code   RO         1237    i.__ARM_fpclassify  m_wm.l(fpclassify.o)
    0x08006a68   0x08006a68   0x0000000e   Code   RO         1134    i._is_digit         c_w.l(__printf_wp.o)
    0x08006a76   0x08006a76   0x00000002   PAD
    0x08006a78   0x08006a78   0x0000002c   Code   RO         1233    locale$$code        c_w.l(lc_numeric_c.o)
    0x08006aa4   0x08006aa4   0x0000000c   Code   RO         1172    x$fpl$dretinf       fz_wm.l(dretinf.o)
    0x08006ab0   0x08006ab0   0x00000056   Code   RO         1154    x$fpl$f2d           fz_wm.l(f2d.o)
    0x08006b06   0x08006b06   0x0000008c   Code   RO         1174    x$fpl$fnaninf       fz_wm.l(fnaninf.o)
    0x08006b92   0x08006b92   0x0000001a   Code   RO         1319    x$fpl$fpinit        fz_wm.l(fpinit.o)
    0x08006bac   0x08006bac   0x00000004   Code   RO         1156    x$fpl$printf1       fz_wm.l(printf1.o)
    0x08006bb0   0x08006bb0   0x00000000   Code   RO         1176    x$fpl$usenofp       fz_wm.l(usenofp.o)
    0x08006bb0   0x08006bb0   0x00000094   Data   RO         1206    .constdata          c_w.l(bigflt0.o)
    0x08006c44   0x08006c44   0x00000010   Data   RO          805    .rodata.AHBPrescTable  system_stm32f4xx.o
    0x08006c54   0x08006c54   0x00000008   Data   RO          473    .rodata.cst8        stm32f4xx_hal_dma.o
    0x08006c5c   0x08006c5c   0x00000044   Data   RO           17    .rodata.str1.1      main.o
    0x08006ca0   0x08006ca0   0x00000020   Data   RO         1395    Region$$Table       anon$$obj.o
    0x08006cc0   0x08006cc0   0x0000001c   Data   RO         1232    locale$$data        c_w.l(lc_numeric_c.o)


    Execution Region RW_IRAM1 (Exec base: 0x20000000, Load base: 0x08006ce0, Size: 0x00002498, Max: 0x0001c000, ABSOLUTE)

    Exec Addr    Load Addr    Size         Type   Attr      Idx    E Section Name        Object

    0x20000000   0x08006ce0   0x00000008   Data   RW          651    .data..L_MergedGlobals  stm32f4xx_hal.o
    0x20000008   0x08006ce8   0x0000001c   Data   RW          867    .data.FS_Desc       usbd_desc.o
    0x20000024   0x08006d04   0x00000004   Data   RW          804    .data.SystemCoreClock  system_stm32f4xx.o
    0x20000028   0x08006d08   0x00000038   Data   RW         1104    .data.USBD_CDC      usbd_cdc.o
    0x20000060   0x08006d40   0x00000043   Data   RW         1106    .data.USBD_CDC_CfgDesc  usbd_cdc.o
    0x200000a3   0x08006d83   0x00000001   PAD
    0x200000a4   0x08006d84   0x0000000a   Data   RW         1105    .data.USBD_CDC_DeviceQualifierDesc  usbd_cdc.o
    0x200000ae   0x08006d8e   0x00000002   PAD
    0x200000b0   0x08006d90   0x00000012   Data   RW          868    .data.USBD_FS_DeviceDesc  usbd_desc.o
    0x200000c2   0x08006da2   0x00000002   PAD
    0x200000c4   0x08006da4   0x00000014   Data   RW          892    .data.USBD_Interface_fops_FS  usbd_cdc_if.o
    0x200000d8   0x08006db8   0x00000004   Data   RW          869    .data.USBD_LangIDDesc  usbd_desc.o
    0x200000dc   0x08006dbc   0x0000001a   Data   RW          870    .data.USBD_StringSerial  usbd_desc.o
    0x200000f6   0x08006dd6   0x00000001   Data   RW          835    .data.g_gyro_range  bmi088.o
    0x200000f7   0x08006dd7   0x00000001   PAD
    0x200000f8        -       0x00000060   Zero   RW         1240    .bss                c_w.l(libspace.o)
    0x20000158        -       0x0000003c   Zero   RW          833    .bss.BMI088_Data    bmi088.o
    0x20000194        -       0x00000001   Zero   RW         1043    .bss.USBD_SetConfig.cfgidx  usbd_ctlreq.o
    0x20000195   0x08006dd7   0x00000003   PAD
    0x20000198        -       0x00000200   Zero   RW          871    .bss.USBD_StrDesc   usbd_desc.o
    0x20000398        -       0x00000220   Zero   RW          966    .bss.USBD_static_malloc.mem  usbd_conf.o
    0x200005b8        -       0x00000800   Zero   RW          893    .bss.UserRxBufferFS  usbd_cdc_if.o
    0x20000db8        -       0x00000800   Zero   RW          894    .bss.UserTxBufferFS  usbd_cdc_if.o
    0x200015b8        -       0x00000001   Zero   RW          834    .bss.g_accel_range  bmi088.o
    0x200015b9   0x08006dd7   0x00000003   PAD
    0x200015bc        -       0x000002dc   Zero   RW          846    .bss.hUsbDeviceFS   usb_device.o
    0x20001898        -       0x00000060   Zero   RW           52    .bss.hdma_spi1_rx   spi.o
    0x200018f8        -       0x00000060   Zero   RW           53    .bss.hdma_spi1_tx   spi.o
    0x20001958        -       0x000004e4   Zero   RW          965    .bss.hpcd_USB_OTG_FS  usbd_conf.o
    0x20001e3c        -       0x00000058   Zero   RW           51    .bss.hspi1          spi.o
    0x20001e94        -       0x00000004   Zero   RW          650    .bss.uwTick         stm32f4xx_hal.o
    0x20001e98        -       0x00000200   Zero   RW            2    HEAP                startup_stm32f407xx.o
    0x20002098        -       0x00000400   Zero   RW            1    STACK               startup_stm32f407xx.o


    Execution Region RW_IRAM2 (Exec base: 0x2001c000, Load base: 0x08006dd8, Size: 0x00000000, Max: 0x00004000, ABSOLUTE)

    **** No section assigned to this execution region ****


==============================================================================

Image component sizes


      Code (inc. data)   RO Data    RW Data    ZI Data      Debug   Object Name

      1456         48          0          1         61       9941   bmi088.o
        72          0          0          0          0       3508   dma.o
       168          0          0          0          0       2180   gpio.o
       430          4         68          0          0       3444   main.o
       386          0          0          0        280       7209   spi.o
        64         26        392          0       1536        872   startup_stm32f407xx.o
       204          0          0          8          4       7341   stm32f4xx_hal.o
       196          0          0          0          0      10758   stm32f4xx_hal_cortex.o
       842          6          8          0          0      10570   stm32f4xx_hal_dma.o
       424          0          0          0          0       5388   stm32f4xx_hal_gpio.o
        56          0          0          0          0       1496   stm32f4xx_hal_msp.o
      3568          0          0          0          0      17295   stm32f4xx_hal_pcd.o
       216          0          0          0          0       4770   stm32f4xx_hal_pcd_ex.o
      1414          0          0          0          0       7448   stm32f4xx_hal_rcc.o
      1622          0          0          0          0      26672   stm32f4xx_hal_spi.o
        68          0          0          0          0       6517   stm32f4xx_it.o
      5064          0          0          0          0      40169   stm32f4xx_ll_usb.o
        18          0         16          4          0       2625   system_stm32f4xx.o
       114          0          0          0        732       3250   usb_device.o
      1230         12          0        133          0      11547   usbd_cdc.o
       138          0          0         20       4096       4948   usbd_cdc_if.o
       784          0          0          0       1796      18400   usbd_conf.o
      1004          0          0          0          0      11148   usbd_core.o
      1670         34          0          0          1      11024   usbd_ctlreq.o
       564         72          0         76        512       4155   usbd_desc.o
       134          0          0          0          0       4781   usbd_ioreq.o

    ----------------------------------------------------------------------
     22084        202        516        248       9024     237456   Object Totals
         0          0         32          0          0          0   (incl. Generated)
       178          0          0          6          6          0   (incl. Padding)

    ----------------------------------------------------------------------

      Code (inc. data)   RO Data    RW Data    ZI Data      Debug   Library Member Name

         8          0          0          0          0         68   __main.o
       284          0          0          0          0        156   __printf_wp.o
         0          0          0          0          0          0   __rtentry.o
        12          0          0          0          0          0   __rtentry2.o
         6          0          0          0          0          0   __rtentry4.o
        94          8          0          0          0          0   __scatter.o
        26          0          0          0          0          0   __scatter_copy.o
        28          0          0          0          0          0   __scatter_zi.o
        48          6          0          0          0         96   _printf_char_common.o
         6          0          0          0          0          0   _printf_f.o
      1052          0          0          0          0        148   _printf_fp_dec.o
       128         16          0          0          0         84   _printf_fp_infnan.o
         0          0          0          0          0          0   _printf_percent.o
         4          0          0          0          0          0   _printf_percent_end.o
        10          0          0          0          0         68   _sputc.o
       228          4        148          0          0         96   bigflt0.o
      1936        128          0          0          0        668   btod.o
        18          0          0          0          0         80   exit.o
         6          0          0          0          0        152   heapauxi.o
         0          0          0          0          0          0   indicate_semi.o
        44         10         28          0          0         76   lc_numeric_c.o
         2          0          0          0          0          0   libinit.o
        22          0          0          0          0          0   libinit2.o
         2          0          0          0          0          0   libshutdown.o
         2          0          0          0          0          0   libshutdown2.o
         8          4          0          0         96         68   libspace.o
       138          0          0          0          0         80   lludiv10.o
       240          0          0          0          0        100   lludivv7m.o
        40          6          0          0          0         84   noretval__2sprintf.o
         8          4          0          0          0         68   rt_locale_intlibspace.o
        78          0          0          0          0         80   rt_memclr_w.o
         2          0          0          0          0          0   rtexit.o
        10          0          0          0          0          0   rtexit2.o
       124          0          0          0          0         88   strcmpv7em.o
        62          0          0          0          0         76   strlen.o
        12          4          0          0          0         68   sys_exit.o
        74          0          0          0          0         80   sys_stackheap_outer.o
         2          0          0          0          0         68   use_no_semi.o
        12          0          0          0          0        116   dretinf.o
        86          4          0          0          0        132   f2d.o
       140          4          0          0          0        132   fnaninf.o
        26          0          0          0          0        116   fpinit.o
         4          0          0          0          0        116   printf1.o
         0          0          0          0          0          0   usenofp.o
        48          0          0          0          0        124   fpclassify.o

    ----------------------------------------------------------------------
      5092        198        176          0         96       3288   Library Totals
        12          0          0          0          0          0   (incl. Padding)

    ----------------------------------------------------------------------

      Code (inc. data)   RO Data    RW Data    ZI Data      Debug   Library Name

      4764        190        176          0         96       2552   c_w.l
       268          8          0          0          0        612   fz_wm.l
        48          0          0          0          0        124   m_wm.l

    ----------------------------------------------------------------------
      5092        198        176          0         96       3288   Library Totals

    ----------------------------------------------------------------------

==============================================================================


      Code (inc. data)   RO Data    RW Data    ZI Data      Debug   

     27176        400        692        248       9120     238580   Grand Totals
     27176        400        692        248       9120     238580   ELF Image Totals
     27176        400        692        248          0          0   ROM Totals

==============================================================================

    Total RO  Size (Code + RO Data)                27868 (  27.21kB)
    Total RW  Size (RW Data + ZI Data)              9368 (   9.15kB)
    Total ROM Size (Code + RO Data + RW Data)      28116 (  27.46kB)

==============================================================================

