Component: Arm Compiler for Embedded 6.22 Tool: armlink [5ee90200]

==============================================================================

Section Cross References

    startup_stm32f407xx.o(STACK) refers (Special) to heapauxi.o(.text) for __use_two_region_memory
    startup_stm32f407xx.o(HEAP) refers (Special) to heapauxi.o(.text) for __use_two_region_memory
    startup_stm32f407xx.o(RESET) refers (Special) to heapauxi.o(.text) for __use_two_region_memory
    startup_stm32f407xx.o(RESET) refers to startup_stm32f407xx.o(STACK) for __initial_sp
    startup_stm32f407xx.o(RESET) refers to startup_stm32f407xx.o(.text) for Reset_Handler
    startup_stm32f407xx.o(RESET) refers to stm32f4xx_it.o(.text.NMI_Handler) for NMI_Handler
    startup_stm32f407xx.o(RESET) refers to stm32f4xx_it.o(.text.HardFault_Handler) for HardFault_Handler
    startup_stm32f407xx.o(RESET) refers to stm32f4xx_it.o(.text.MemManage_Handler) for MemManage_Handler
    startup_stm32f407xx.o(RESET) refers to stm32f4xx_it.o(.text.BusFault_Handler) for BusFault_Handler
    startup_stm32f407xx.o(RESET) refers to stm32f4xx_it.o(.text.UsageFault_Handler) for UsageFault_Handler
    startup_stm32f407xx.o(RESET) refers to stm32f4xx_it.o(.text.SVC_Handler) for SVC_Handler
    startup_stm32f407xx.o(RESET) refers to stm32f4xx_it.o(.text.DebugMon_Handler) for DebugMon_Handler
    startup_stm32f407xx.o(RESET) refers to stm32f4xx_it.o(.text.PendSV_Handler) for PendSV_Handler
    startup_stm32f407xx.o(RESET) refers to stm32f4xx_it.o(.text.SysTick_Handler) for SysTick_Handler
    startup_stm32f407xx.o(RESET) refers to stm32f4xx_it.o(.text.SPI1_IRQHandler) for SPI1_IRQHandler
    startup_stm32f407xx.o(RESET) refers to stm32f4xx_it.o(.text.TIM6_DAC_IRQHandler) for TIM6_DAC_IRQHandler
    startup_stm32f407xx.o(RESET) refers to stm32f4xx_it.o(.text.DMA2_Stream2_IRQHandler) for DMA2_Stream2_IRQHandler
    startup_stm32f407xx.o(RESET) refers to stm32f4xx_it.o(.text.DMA2_Stream3_IRQHandler) for DMA2_Stream3_IRQHandler
    startup_stm32f407xx.o(RESET) refers to stm32f4xx_it.o(.text.OTG_FS_IRQHandler) for OTG_FS_IRQHandler
    startup_stm32f407xx.o(.text) refers (Special) to heapauxi.o(.text) for __use_two_region_memory
    startup_stm32f407xx.o(.text) refers to system_stm32f4xx.o(.text.SystemInit) for SystemInit
    startup_stm32f407xx.o(.text) refers to __main.o(!!!main) for __main
    startup_stm32f407xx.o(.text) refers to startup_stm32f407xx.o(HEAP) for Heap_Mem
    startup_stm32f407xx.o(.text) refers to startup_stm32f407xx.o(STACK) for Stack_Mem
    main.o(.text) refers (Special) to _printf_percent.o(.ARM.Collect$$_printf_percent$$00000000) for _printf_percent
    main.o(.text) refers (Special) to _printf_f.o(.ARM.Collect$$_printf_percent$$00000003) for _printf_f
    main.o(.text) refers (Special) to printf1.o(x$fpl$printf1) for _printf_fp_dec
    main.o(.text.main) refers (Special) to _printf_percent.o(.ARM.Collect$$_printf_percent$$00000000) for _printf_percent
    main.o(.text.main) refers (Special) to _printf_f.o(.ARM.Collect$$_printf_percent$$00000003) for _printf_f
    main.o(.text.main) refers (Special) to printf1.o(x$fpl$printf1) for _printf_fp_dec
    main.o(.text.main) refers to stm32f4xx_hal.o(.text.HAL_Init) for HAL_Init
    main.o(.text.main) refers to main.o(.text.SystemClock_Config) for SystemClock_Config
    main.o(.text.main) refers to gpio.o(.text.MX_GPIO_Init) for MX_GPIO_Init
    main.o(.text.main) refers to dma.o(.text.MX_DMA_Init) for MX_DMA_Init
    main.o(.text.main) refers to spi.o(.text.MX_SPI1_Init) for MX_SPI1_Init
    main.o(.text.main) refers to usb_device.o(.text.MX_USB_DEVICE_Init) for MX_USB_DEVICE_Init
    main.o(.text.main) refers to i2c.o(.text.MX_I2C3_Init) for MX_I2C3_Init
    main.o(.text.main) refers to tim.o(.text.MX_TIM6_Init) for MX_TIM6_Init
    main.o(.text.main) refers to bmi088.o(.text.BMI088_Init) for BMI088_Init
    main.o(.text.main) refers to ist8310.o(.text.IST8310_Init) for IST8310_Init
    main.o(.text.main) refers to bmi088.o(.text.BMI088_Calib_Init) for BMI088_Calib_Init
    main.o(.text.main) refers to tim.o(.bss.htim6) for htim6
    main.o(.text.main) refers to stm32f4xx_hal_tim.o(.text.HAL_TIM_Base_Start_IT) for HAL_TIM_Base_Start_IT
    main.o(.text.main) refers to stm32f4xx_hal.o(.text.HAL_GetTick) for HAL_GetTick
    main.o(.text.main) refers to bmi088.o(.bss.BMI088_Data) for BMI088_Data
    main.o(.text.main) refers to f2d.o(x$fpl$f2d) for __aeabi_f2d
    main.o(.text.main) refers to noretval__2sprintf.o(.text) for __2sprintf
    main.o(.text.main) refers to strlen.o(.text) for strlen
    main.o(.text.main) refers to usbd_cdc_if.o(.text.CDC_Transmit_FS) for CDC_Transmit_FS
    main.o(.text.main) refers to stm32f4xx_hal.o(.text.HAL_Delay) for HAL_Delay
    main.o(.ARM.exidx.text.main) refers (Special) to _printf_percent.o(.ARM.Collect$$_printf_percent$$00000000) for _printf_percent
[...]
    CAN1_RX1_IRQHandler                      0x08000287   Thumb Code     0  startup_stm32f407xx.o(.text)
    CAN1_SCE_IRQHandler                      0x08000287   Thumb Code     0  startup_stm32f407xx.o(.text)
    CAN1_TX_IRQHandler                       0x08000287   Thumb Code     0  startup_stm32f407xx.o(.text)
    CAN2_RX0_IRQHandler                      0x08000287   Thumb Code     0  startup_stm32f407xx.o(.text)
    CAN2_RX1_IRQHandler                      0x08000287   Thumb Code     0  startup_stm32f407xx.o(.text)
    CAN2_SCE_IRQHandler                      0x08000287   Thumb Code     0  startup_stm32f407xx.o(.text)
    CAN2_TX_IRQHandler                       0x08000287   Thumb Code     0  startup_stm32f407xx.o(.text)
    DCMI_IRQHandler                          0x08000287   Thumb Code     0  startup_stm32f407xx.o(.text)
    DMA1_Stream0_IRQHandler                  0x08000287   Thumb Code     0  startup_stm32f407xx.o(.text)
    DMA1_Stream1_IRQHandler                  0x08000287   Thumb Code     0  startup_stm32f407xx.o(.text)
    DMA1_Stream2_IRQHandler                  0x08000287   Thumb Code     0  startup_stm32f407xx.o(.text)
    DMA1_Stream3_IRQHandler                  0x08000287   Thumb Code     0  startup_stm32f407xx.o(.text)
    DMA1_Stream4_IRQHandler                  0x08000287   Thumb Code     0  startup_stm32f407xx.o(.text)
    DMA1_Stream5_IRQHandler                  0x08000287   Thumb Code     0  startup_stm32f407xx.o(.text)
    DMA1_Stream6_IRQHandler                  0x08000287   Thumb Code     0  startup_stm32f407xx.o(.text)
    DMA1_Stream7_IRQHandler                  0x08000287   Thumb Code     0  startup_stm32f407xx.o(.text)
    DMA2_Stream0_IRQHandler                  0x08000287   Thumb Code     0  startup_stm32f407xx.o(.text)
    DMA2_Stream1_IRQHandler                  0x08000287   Thumb Code     0  startup_stm32f407xx.o(.text)
    DMA2_Stream4_IRQHandler                  0x08000287   Thumb Code     0  startup_stm32f407xx.o(.text)
    DMA2_Stream5_IRQHandler                  0x08000287   Thumb Code     0  startup_stm32f407xx.o(.text)
    DMA2_Stream6_IRQHandler                  0x08000287   Thumb Code     0  startup_stm32f407xx.o(.text)
    DMA2_Stream7_IRQHandler                  0x08000287   Thumb Code     0  startup_stm32f407xx.o(.text)
    ETH_IRQHandler                           0x08000287   Thumb Code     0  startup_stm32f407xx.o(.text)
    ETH_WKUP_IRQHandler                      0x08000287   Thumb Code     0  startup_stm32f407xx.o(.text)
    EXTI0_IRQHandler                         0x08000287   Thumb Code     0  startup_stm32f407xx.o(.text)
    EXTI15_10_IRQHandler                     0x08000287   Thumb Code     0  startup_stm32f407xx.o(.text)
    EXTI1_IRQHandler                         0x08000287   Thumb Code     0  startup_stm32f407xx.o(.text)
    EXTI2_IRQHandler                         0x08000287   Thumb Code     0  startup_stm32f407xx.o(.text)
    EXTI3_IRQHandler                         0x08000287   Thumb Code     0  startup_stm32f407xx.o(.text)
    EXTI4_IRQHandler                         0x08000287   Thumb Code     0  startup_stm32f407xx.o(.text)
    EXTI9_5_IRQHandler                       0x08000287   Thumb Code     0  startup_stm32f407xx.o(.text)
    FLASH_IRQHandler                         0x08000287   Thumb Code     0  startup_stm32f407xx.o(.text)
    FMC_IRQHandler                           0x08000287   Thumb Code     0  startup_stm32f407xx.o(.text)
    FPU_IRQHandler                           0x08000287   Thumb Code     0  startup_stm32f407xx.o(.text)
    HASH_RNG_IRQHandler                      0x08000287   Thumb Code     0  startup_stm32f407xx.o(.text)
    I2C1_ER_IRQHandler                       0x08000287   Thumb Code     0  startup_stm32f407xx.o(.text)
    I2C1_EV_IRQHandler                       0x08000287   Thumb Code     0  startup_stm32f407xx.o(.text)
    I2C2_ER_IRQHandler                       0x08000287   Thumb Code     0  startup_stm32f407xx.o(.text)
    I2C2_EV_IRQHandler                       0x08000287   Thumb Code     0  startup_stm32f407xx.o(.text)
    I2C3_ER_IRQHandler                       0x08000287   Thumb Code     0  startup_stm32f407xx.o(.text)
    I2C3_EV_IRQHandler                       0x08000287   Thumb Code     0  startup_stm32f407xx.o(.text)
    OTG_FS_WKUP_IRQHandler                   0x08000287   Thumb Code     0  startup_stm32f407xx.o(.text)
    OTG_HS_EP1_IN_IRQHandler                 0x08000287   Thumb Code     0  startup_stm32f407xx.o(.text)
    OTG_HS_EP1_OUT_IRQHandler                0x08000287   Thumb Code     0  startup_stm32f407xx.o(.text)
    OTG_HS_IRQHandler                        0x08000287   Thumb Code     0  startup_stm32f407xx.o(.text)
    OTG_HS_WKUP_IRQHandler                   0x08000287   Thumb Code     0  startup_stm32f407xx.o(.text)
    PVD_IRQHandler                           0x08000287   Thumb Code     0  startup_stm32f407xx.o(.text)
    RCC_IRQHandler                           0x08000287   Thumb Code     0  startup_stm32f407xx.o(.text)
    RTC_Alarm_IRQHandler                     0x08000287   Thumb Code     0  startup_stm32f407xx.o(.text)
    RTC_WKUP_IRQHandler                      0x08000287   Thumb Code     0  startup_stm32f407xx.o(.text)
    SDIO_IRQHandler                          0x08000287   Thumb Code     0  startup_stm32f407xx.o(.text)
    SPI2_IRQHandler                          0x08000287   Thumb Code     0  startup_stm32f407xx.o(.text)
    SPI3_IRQHandler                          0x08000287   Thumb Code     0  startup_stm32f407xx.o(.text)
    TAMP_STAMP_IRQHandler                    0x08000287   Thumb Code     0  startup_stm32f407xx.o(.text)
    TIM1_BRK_TIM9_IRQHandler                 0x08000287   Thumb Code     0  startup_stm32f407xx.o(.text)
    TIM1_CC_IRQHandler                       0x08000287   Thumb Code     0  startup_stm32f407xx.o(.text)
    TIM1_TRG_COM_TIM11_IRQHandler            0x08000287   Thumb Code     0  startup_stm32f407xx.o(.text)
    TIM1_UP_TIM10_IRQHandler                 0x08000287   Thumb Code     0  startup_stm32f407xx.o(.text)
    TIM2_IRQHandler                          0x08000287   Thumb Code     0  startup_stm32f407xx.o(.text)
    TIM3_IRQHandler                          0x08000287   Thumb Code     0  startup_stm32f407xx.o(.text)
    TIM4_IRQHandler                          0x08000287   Thumb Code     0  startup_stm32f407xx.o(.text)
    TIM5_IRQHandler                          0x08000287   Thumb Code     0  startup_stm32f407xx.o(.text)
    TIM7_IRQHandler                          0x08000287   Thumb Code     0  startup_stm32f407xx.o(.text)
    TIM8_BRK_TIM12_IRQHandler                0x08000287   Thumb Code     0  startup_stm32f407xx.o(.text)
    TIM8_CC_IRQHandler                       0x08000287   Thumb Code     0  startup_stm32f407xx.o(.text)
    TIM8_TRG_COM_TIM14_IRQHandler            0x08000287   Thumb Code     0  startup_stm32f407xx.o(.text)
    TIM8_UP_TIM13_IRQHandler                 0x08000287   Thumb Code     0  startup_stm32f407xx.o(.text)
    UART4_IRQHandler                         0x08000287   Thumb Code     0  startup_stm32f407xx.o(.text)
    UART5_IRQHandler                         0x08000287   Thumb Code     0  startup_stm32f407xx.o(.text)
    USART1_IRQHandler                        0x08000287   Thumb Code     0  startup_stm32f407xx.o(.text)
    USART2_IRQHandler                        0x08000287   Thumb Code     0  startup_stm32f407xx.o(.text)
    USART3_IRQHandler                        0x08000287   Thumb Code     0  startup_stm32f407xx.o(.text)
    USART6_IRQHandler                        0x08000287   Thumb Code     0  startup_stm32f407xx.o(.text)
    WWDG_IRQHandler                          0x08000287   Thumb Code     0  startup_stm32f407xx.o(.text)
    __user_initial_stackheap                 0x08000289   Thumb Code     0  startup_stm32f407xx.o(.text)
    __aeabi_uldivmod                         0x080002ad   Thumb Code     0  lludivv7m.o(.text)
    _ll_udiv                                 0x080002ad   Thumb Code   240  lludivv7m.o(.text)
    __2sprintf                               0x0800039d   Thumb Code    34  noretval__2sprintf.o(.text)
    __printf                                 0x080003c5   Thumb Code   270  __printf_wp.o(.text)
    strlen                                   0x080004d3   Thumb Code    62  strlen.o(.text)
    __aeabi_memclr4                          0x08000511   Thumb Code     0  rt_memclr_w.o(.text)
    __aeabi_memclr8                          0x08000511   Thumb Code     0  rt_memclr_w.o(.text)
    __rt_memclr_w                            0x08000511   Thumb Code     0  rt_memclr_w.o(.text)
    _memset_w                                0x08000515   Thumb Code    74  rt_memclr_w.o(.text)
    __use_two_region_memory                  0x0800055f   Thumb Code     2  heapauxi.o(.text)
    __rt_heap_escrow$2region                 0x08000561   Thumb Code     2  heapauxi.o(.text)
    __rt_heap_expand$2region                 0x08000563   Thumb Code     2  heapauxi.o(.text)
    __read_errno                             0x08000565   Thumb Code    10  _rserrno.o(.text)
    __set_errno                              0x0800056f   Thumb Code    12  _rserrno.o(.text)
    _printf_fp_dec_real                      0x0800072b   Thumb Code   620  _printf_fp_dec.o(.text)
    _printf_char_common                      0x080009a3   Thumb Code    32  _printf_char_common.o(.text)
    _sputc                                   0x080009c9   Thumb Code    10  _sputc.o(.text)
    __rt_locale                              0x080009d5   Thumb Code     8  rt_locale_intlibspace.o(.text)
    __aeabi_errno_addr                       0x080009dd   Thumb Code     8  rt_errno_addr_intlibspace.o(.text)
    __errno$intlibspace                      0x080009dd   Thumb Code     0  rt_errno_addr_intlibspace.o(.text)
    __rt_errno_addr$intlibspace              0x080009dd   Thumb Code     0  rt_errno_addr_intlibspace.o(.text)
    _ll_udiv10                               0x080009e5   Thumb Code   138  lludiv10.o(.text)
    _printf_fp_infnan                        0x08000a71   Thumb Code   112  _printf_fp_infnan.o(.text)
    _btod_etento                             0x08000af1   Thumb Code   224  bigflt0.o(.text)
    __user_libspace                          0x08000bd5   Thumb Code     8  libspace.o(.text)
    __user_perproc_libspace                  0x08000bd5   Thumb Code     0  libspace.o(.text)
    __user_perthread_libspace                0x08000bd5   Thumb Code     0  libspace.o(.text)
    __user_setup_stackheap                   0x08000bdd   Thumb Code    74  sys_stackheap_outer.o(.text)
    exit                                     0x08000c27   Thumb Code    18  exit.o(.text)
    strcmp                                   0x08000c39   Thumb Code   124  strcmpv7em.o(.text)
    _sys_exit                                0x08000cb5   Thumb Code     8  sys_exit.o(.text)
    __I$use$semihosting                      0x08000cc1   Thumb Code     0  use_no_semi.o(.text)
    __use_no_semihosting_swi                 0x08000cc1   Thumb Code     2  use_no_semi.o(.text)
    __semihosting_library_function           0x08000cc3   Thumb Code     0  indicate_semi.o(.text)
    Attitude_Update                          0x08000cc5   Thumb Code   352  attitude.o(.text.Attitude_Update)
    BMI088_Calib_Init                        0x08000e2d   Thumb Code   112  bmi088.o(.text.BMI088_Calib_Init)
    BMI088_Init                              0x08000ea5   Thumb Code   736  bmi088.o(.text.BMI088_Init)
    BMI088_Read_Accel                        0x08001185   Thumb Code   220  bmi088.o(.text.BMI088_Read_Accel)
    BMI088_Read_Gyro                         0x08001271   Thumb Code   248  bmi088.o(.text.BMI088_Read_Gyro)
    BusFault_Handler                         0x0800137d   Thumb Code     2  stm32f4xx_it.o(.text.BusFault_Handler)
    CDC_Transmit_FS                          0x080013d5   Thumb Code    54  usbd_cdc_if.o(.text.CDC_Transmit_FS)
    DMA2_Stream2_IRQHandler                  0x0800140d   Thumb Code    12  stm32f4xx_it.o(.text.DMA2_Stream2_IRQHandler)
    DMA2_Stream3_IRQHandler                  0x08001419   Thumb Code    12  stm32f4xx_it.o(.text.DMA2_Stream3_IRQHandler)
    DebugMon_Handler                         0x08001425   Thumb Code     2  stm32f4xx_it.o(.text.DebugMon_Handler)
    Error_Handler                            0x08001429   Thumb Code     6  main.o(.text.Error_Handler)
    HAL_DMA_Abort_IT                         0x08001431   Thumb Code    36  stm32f4xx_hal_dma.o(.text.HAL_DMA_Abort_IT)
    HAL_DMA_IRQHandler                       0x08001455   Thumb Code   452  stm32f4xx_hal_dma.o(.text.HAL_DMA_IRQHandler)
    HAL_DMA_Init                             0x08001619   Thumb Code   354  stm32f4xx_hal_dma.o(.text.HAL_DMA_Init)
    HAL_Delay                                0x0800177d   Thumb Code    40  stm32f4xx_hal.o(.text.HAL_Delay)
    HAL_GPIO_Init                            0x080017a5   Thumb Code   414  stm32f4xx_hal_gpio.o(.text.HAL_GPIO_Init)
    HAL_GPIO_WritePin                        0x08001945   Thumb Code    10  stm32f4xx_hal_gpio.o(.text.HAL_GPIO_WritePin)
    HAL_GetTick                              0x08001951   Thumb Code    12  stm32f4xx_hal.o(.text.HAL_GetTick)
    HAL_I2C_Init                             0x0800195d   Thumb Code   356  stm32f4xx_hal_i2c.o(.text.HAL_I2C_Init)
    HAL_I2C_Mem_Read                         0x08001ac1   Thumb Code   600  stm32f4xx_hal_i2c.o(.text.HAL_I2C_Mem_Read)
    HAL_I2C_Mem_Write                        0x08001d19   Thumb Code   348  stm32f4xx_hal_i2c.o(.text.HAL_I2C_Mem_Write)
    HAL_I2C_MspInit                          0x08001e75   Thumb Code   180  i2c.o(.text.HAL_I2C_MspInit)
    HAL_IncTick                              0x08001f29   Thumb Code    26  stm32f4xx_hal.o(.text.HAL_IncTick)
    HAL_Init                                 0x08001f45   Thumb Code    54  stm32f4xx_hal.o(.text.HAL_Init)
    HAL_InitTick                             0x08001f7d   Thumb Code    72  stm32f4xx_hal.o(.text.HAL_InitTick)
    HAL_MspInit                              0x08001fc5   Thumb Code    56  stm32f4xx_hal_msp.o(.text.HAL_MspInit)
    HAL_NVIC_EnableIRQ                       0x08001ffd   Thumb Code    34  stm32f4xx_hal_cortex.o(.text.HAL_NVIC_EnableIRQ)
    HAL_NVIC_SetPriority                     0x08002021   Thumb Code    86  stm32f4xx_hal_cortex.o(.text.HAL_NVIC_SetPriority)
    HAL_NVIC_SetPriorityGrouping             0x08002079   Thumb Code    32  stm32f4xx_hal_cortex.o(.text.HAL_NVIC_SetPriorityGrouping)
    HAL_PCDEx_LPM_Callback                   0x08002099   Thumb Code     2  stm32f4xx_hal_pcd_ex.o(.text.HAL_PCDEx_LPM_Callback)
    HAL_PCDEx_SetRxFiFo                      0x0800209d   Thumb Code     8  stm32f4xx_hal_pcd_ex.o(.text.HAL_PCDEx_SetRxFiFo)
    HAL_PCDEx_SetTxFiFo                      0x080020a5   Thumb Code   206  stm32f4xx_hal_pcd_ex.o(.text.HAL_PCDEx_SetTxFiFo)
    HAL_PCD_ConnectCallback                  0x08002175   Thumb Code     8  usbd_conf.o(.text.HAL_PCD_ConnectCallback)
    HAL_PCD_DataInStageCallback              0x0800217d   Thumb Code    20  usbd_conf.o(.text.HAL_PCD_DataInStageCallback)
    HAL_PCD_DataOutStageCallback             0x08002191   Thumb Code    22  usbd_conf.o(.text.HAL_PCD_DataOutStageCallback)
    HAL_PCD_DisconnectCallback               0x080021a9   Thumb Code     8  usbd_conf.o(.text.HAL_PCD_DisconnectCallback)
    HAL_PCD_EP_Close                         0x080021b1   Thumb Code    78  stm32f4xx_hal_pcd.o(.text.HAL_PCD_EP_Close)
    HAL_PCD_EP_ClrStall                      0x08002201   Thumb Code    96  stm32f4xx_hal_pcd.o(.text.HAL_PCD_EP_ClrStall)
    HAL_PCD_EP_GetRxCount                    0x08002261   Thumb Code    18  stm32f4xx_hal_pcd.o(.text.HAL_PCD_EP_GetRxCount)
    HAL_PCD_EP_Open                          0x08002275   Thumb Code   116  stm32f4xx_hal_pcd.o(.text.HAL_PCD_EP_Open)
    HAL_PCD_EP_Receive                       0x080022e9   Thumb Code    66  stm32f4xx_hal_pcd.o(.text.HAL_PCD_EP_Receive)
    HAL_PCD_EP_SetStall                      0x0800232d   Thumb Code   110  stm32f4xx_hal_pcd.o(.text.HAL_PCD_EP_SetStall)
    HAL_PCD_EP_Transmit                      0x0800239d   Thumb Code    58  stm32f4xx_hal_pcd.o(.text.HAL_PCD_EP_Transmit)
    HAL_PCD_IRQHandler                       0x080023d9   Thumb Code  2302  stm32f4xx_hal_pcd.o(.text.HAL_PCD_IRQHandler)
    HAL_PCD_ISOINIncompleteCallback          0x08002cd9   Thumb Code     8  usbd_conf.o(.text.HAL_PCD_ISOINIncompleteCallback)
    HAL_PCD_ISOOUTIncompleteCallback         0x08002ce1   Thumb Code     8  usbd_conf.o(.text.HAL_PCD_ISOOUTIncompleteCallback)
    HAL_PCD_Init                             0x08002ce9   Thumb Code   622  stm32f4xx_hal_pcd.o(.text.HAL_PCD_Init)
    HAL_PCD_MspInit                          0x08002f59   Thumb Code   136  usbd_conf.o(.text.HAL_PCD_MspInit)
    HAL_PCD_ResetCallback                    0x08002fe1   Thumb Code    42  usbd_conf.o(.text.HAL_PCD_ResetCallback)
    HAL_PCD_ResumeCallback                   0x0800300d   Thumb Code     8  usbd_conf.o(.text.HAL_PCD_ResumeCallback)
    HAL_PCD_SOFCallback                      0x08003015   Thumb Code     8  usbd_conf.o(.text.HAL_PCD_SOFCallback)
    HAL_PCD_SetAddress                       0x0800301d   Thumb Code    40  stm32f4xx_hal_pcd.o(.text.HAL_PCD_SetAddress)
    HAL_PCD_SetupStageCallback               0x08003045   Thumb Code    14  usbd_conf.o(.text.HAL_PCD_SetupStageCallback)
    HAL_PCD_Start                            0x08003055   Thumb Code    62  stm32f4xx_hal_pcd.o(.text.HAL_PCD_Start)
    HAL_PCD_SuspendCallback                  0x08003095   Thumb Code    52  usbd_conf.o(.text.HAL_PCD_SuspendCallback)
    HAL_RCC_ClockConfig                      0x080030c9   Thumb Code   356  stm32f4xx_hal_rcc.o(.text.HAL_RCC_ClockConfig)
    HAL_RCC_GetHCLKFreq                      0x0800322d   Thumb Code    12  stm32f4xx_hal_rcc.o(.text.HAL_RCC_GetHCLKFreq)
    HAL_RCC_GetPCLK1Freq                     0x08003239   Thumb Code    38  stm32f4xx_hal_rcc.o(.text.HAL_RCC_GetPCLK1Freq)
    HAL_RCC_GetSysClockFreq                  0x08003261   Thumb Code   106  stm32f4xx_hal_rcc.o(.text.HAL_RCC_GetSysClockFreq)
    HAL_RCC_OscConfig                        0x080032cd   Thumb Code   940  stm32f4xx_hal_rcc.o(.text.HAL_RCC_OscConfig)
    HAL_SPI_ErrorCallback                    0x08003679   Thumb Code     2  stm32f4xx_hal_spi.o(.text.HAL_SPI_ErrorCallback)
    HAL_SPI_IRQHandler                       0x0800367d   Thumb Code   302  stm32f4xx_hal_spi.o(.text.HAL_SPI_IRQHandler)
    HAL_SPI_Init                             0x080037ad   Thumb Code   176  stm32f4xx_hal_spi.o(.text.HAL_SPI_Init)
    HAL_SPI_MspInit                          0x0800385d   Thumb Code   318  spi.o(.text.HAL_SPI_MspInit)
    HAL_SPI_TransmitReceive                  0x0800399d   Thumb Code   838  stm32f4xx_hal_spi.o(.text.HAL_SPI_TransmitReceive)
    HAL_SYSTICK_Config                       0x08003ce5   Thumb Code    44  stm32f4xx_hal_cortex.o(.text.HAL_SYSTICK_Config)
    HAL_TIMEx_BreakCallback                  0x08003d11   Thumb Code     2  stm32f4xx_hal_tim_ex.o(.text.HAL_TIMEx_BreakCallback)
    HAL_TIMEx_CommutCallback                 0x08003d15   Thumb Code     2  stm32f4xx_hal_tim_ex.o(.text.HAL_TIMEx_CommutCallback)
    HAL_TIMEx_MasterConfigSynchronization    0x08003d19   Thumb Code   186  stm32f4xx_hal_tim_ex.o(.text.HAL_TIMEx_MasterConfigSynchronization)
    HAL_TIM_Base_Init                        0x08003dd5   Thumb Code    90  stm32f4xx_hal_tim.o(.text.HAL_TIM_Base_Init)
    HAL_TIM_Base_MspInit                     0x08003e31   Thumb Code    72  tim.o(.text.HAL_TIM_Base_MspInit)
    HAL_TIM_Base_Start_IT                    0x08003e79   Thumb Code   170  stm32f4xx_hal_tim.o(.text.HAL_TIM_Base_Start_IT)
    HAL_TIM_IC_CaptureCallback               0x08003f25   Thumb Code     2  stm32f4xx_hal_tim.o(.text.HAL_TIM_IC_CaptureCallback)
    HAL_TIM_IRQHandler                       0x08003f29   Thumb Code   334  stm32f4xx_hal_tim.o(.text.HAL_TIM_IRQHandler)
    HAL_TIM_OC_DelayElapsedCallback          0x08004079   Thumb Code     2  stm32f4xx_hal_tim.o(.text.HAL_TIM_OC_DelayElapsedCallback)
    HAL_TIM_PWM_PulseFinishedCallback        0x0800407d   Thumb Code     2  stm32f4xx_hal_tim.o(.text.HAL_TIM_PWM_PulseFinishedCallback)
    HAL_TIM_PeriodElapsedCallback            0x08004081   Thumb Code    20  main.o(.text.HAL_TIM_PeriodElapsedCallback)
    HAL_TIM_TriggerCallback                  0x08004095   Thumb Code     2  stm32f4xx_hal_tim.o(.text.HAL_TIM_TriggerCallback)
    HardFault_Handler                        0x08004099   Thumb Code     2  stm32f4xx_it.o(.text.HardFault_Handler)
    IST8310_Init                             0x08004725   Thumb Code   456  ist8310.o(.text.IST8310_Init)
    IST8310_Read_Data                        0x080048ed   Thumb Code   116  ist8310.o(.text.IST8310_Read_Data)
    MX_DMA_Init                              0x08004965   Thumb Code    72  dma.o(.text.MX_DMA_Init)
    MX_GPIO_Init                             0x080049ad   Thumb Code   282  gpio.o(.text.MX_GPIO_Init)
    MX_I2C3_Init                             0x08004ac9   Thumb Code    66  i2c.o(.text.MX_I2C3_Init)
    MX_SPI1_Init                             0x08004b0d   Thumb Code    76  spi.o(.text.MX_SPI1_Init)
    MX_TIM6_Init                             0x08004b59   Thumb Code    80  tim.o(.text.MX_TIM6_Init)
    MX_USB_DEVICE_Init                       0x08004ba9   Thumb Code   114  usb_device.o(.text.MX_USB_DEVICE_Init)
    MahonyAHRSupdate                         0x08004c1d   Thumb Code  1100  mahonyahrs.o(.text.MahonyAHRSupdate)
    MahonyAHRSupdateIMU                      0x08005071   Thumb Code   732  mahonyahrs.o(.text.MahonyAHRSupdateIMU)
    MemManage_Handler                        0x08005355   Thumb Code     2  stm32f4xx_it.o(.text.MemManage_Handler)
    NMI_Handler                              0x08005359   Thumb Code     2  stm32f4xx_it.o(.text.NMI_Handler)
    OTG_FS_IRQHandler                        0x0800535d   Thumb Code    12  stm32f4xx_it.o(.text.OTG_FS_IRQHandler)
    PendSV_Handler                           0x08005369   Thumb Code     2  stm32f4xx_it.o(.text.PendSV_Handler)
    SPI1_IRQHandler                          0x0800536d   Thumb Code    12  stm32f4xx_it.o(.text.SPI1_IRQHandler)
    SVC_Handler                              0x080054a9   Thumb Code     2  stm32f4xx_it.o(.text.SVC_Handler)
    SysTick_Handler                          0x080054ad   Thumb Code     4  stm32f4xx_it.o(.text.SysTick_Handler)
    SystemClock_Config                       0x080054b1   Thumb Code   172  main.o(.text.SystemClock_Config)
    SystemInit                               0x0800555d   Thumb Code    18  system_stm32f4xx.o(.text.SystemInit)
    TIM6_DAC_IRQHandler                      0x08005571   Thumb Code    12  stm32f4xx_it.o(.text.TIM6_DAC_IRQHandler)
    TIM_Base_SetConfig                       0x0800557d   Thumb Code   314  stm32f4xx_hal_tim.o(.text.TIM_Base_SetConfig)
    USBD_CDC_GetDeviceQualifierDescriptor    0x08005805   Thumb Code    16  usbd_cdc.o(.text.USBD_CDC_GetDeviceQualifierDescriptor)
    USBD_CDC_ReceivePacket                   0x080059dd   Thumb Code    52  usbd_cdc.o(.text.USBD_CDC_ReceivePacket)
    USBD_CDC_RegisterInterface               0x08005a11   Thumb Code    24  usbd_cdc.o(.text.USBD_CDC_RegisterInterface)
    USBD_CDC_SetRxBuffer                     0x08005a29   Thumb Code    26  usbd_cdc.o(.text.USBD_CDC_SetRxBuffer)
    USBD_CDC_SetTxBuffer                     0x08005a45   Thumb Code    30  usbd_cdc.o(.text.USBD_CDC_SetTxBuffer)
    USBD_CDC_TransmitPacket                  0x08005b4d   Thumb Code    68  usbd_cdc.o(.text.USBD_CDC_TransmitPacket)
    USBD_ClrClassConfig                      0x08005b91   Thumb Code    18  usbd_core.o(.text.USBD_ClrClassConfig)
    USBD_CoreFindEP                          0x08005ba5   Thumb Code     4  usbd_core.o(.text.USBD_CoreFindEP)
    USBD_CoreFindIF                          0x08005ba9   Thumb Code     4  usbd_core.o(.text.USBD_CoreFindIF)
    USBD_CtlContinueRx                       0x08005bad   Thumb Code    16  usbd_ioreq.o(.text.USBD_CtlContinueRx)
    USBD_CtlContinueSendData                 0x08005bbd   Thumb Code    16  usbd_ioreq.o(.text.USBD_CtlContinueSendData)
    USBD_CtlError                            0x08005bcd   Thumb Code    22  usbd_ctlreq.o(.text.USBD_CtlError)
    USBD_CtlPrepareRx                        0x08005be5   Thumb Code    30  usbd_ioreq.o(.text.USBD_CtlPrepareRx)
    USBD_CtlReceiveStatus                    0x08005c05   Thumb Code    22  usbd_ioreq.o(.text.USBD_CtlReceiveStatus)
    USBD_CtlSendData                         0x08005c1d   Thumb Code    28  usbd_ioreq.o(.text.USBD_CtlSendData)
    USBD_CtlSendStatus                       0x08005c39   Thumb Code    22  usbd_ioreq.o(.text.USBD_CtlSendStatus)
    USBD_FS_ConfigStrDescriptor              0x08005c51   Thumb Code    24  usbd_desc.o(.text.USBD_FS_ConfigStrDescriptor)
    USBD_FS_DeviceDescriptor                 0x08005c75   Thumb Code    14  usbd_desc.o(.text.USBD_FS_DeviceDescriptor)
    USBD_FS_InterfaceStrDescriptor           0x08005c85   Thumb Code    24  usbd_desc.o(.text.USBD_FS_InterfaceStrDescriptor)
    USBD_FS_LangIDStrDescriptor              0x08005cad   Thumb Code    14  usbd_desc.o(.text.USBD_FS_LangIDStrDescriptor)
    USBD_FS_ManufacturerStrDescriptor        0x08005cbd   Thumb Code    24  usbd_desc.o(.text.USBD_FS_ManufacturerStrDescriptor)
    USBD_FS_ProductStrDescriptor             0x08005ce9   Thumb Code    24  usbd_desc.o(.text.USBD_FS_ProductStrDescriptor)
    USBD_FS_SerialStrDescriptor              0x08005d19   Thumb Code   368  usbd_desc.o(.text.USBD_FS_SerialStrDescriptor)
    USBD_GetEpDesc                           0x08005e89   Thumb Code   132  usbd_core.o(.text.USBD_GetEpDesc)
    USBD_GetString                           0x08005f0d   Thumb Code   254  usbd_ctlreq.o(.text.USBD_GetString)
    USBD_Init                                0x0800600d   Thumb Code    42  usbd_core.o(.text.USBD_Init)
    USBD_LL_ClearStallEP                     0x08006039   Thumb Code    34  usbd_conf.o(.text.USBD_LL_ClearStallEP)
    USBD_LL_CloseEP                          0x0800605d   Thumb Code    34  usbd_conf.o(.text.USBD_LL_CloseEP)
    USBD_LL_DataInStage                      0x08006081   Thumb Code   186  usbd_core.o(.text.USBD_LL_DataInStage)
    USBD_LL_DataOutStage                     0x0800613d   Thumb Code   124  usbd_core.o(.text.USBD_LL_DataOutStage)
    USBD_LL_DevConnected                     0x080061b9   Thumb Code     4  usbd_core.o(.text.USBD_LL_DevConnected)
    USBD_LL_DevDisconnected                  0x080061bd   Thumb Code    34  usbd_core.o(.text.USBD_LL_DevDisconnected)
    USBD_LL_GetRxDataSize                    0x080061e1   Thumb Code     8  usbd_conf.o(.text.USBD_LL_GetRxDataSize)
    USBD_LL_Init                             0x080061e9   Thumb Code   110  usbd_conf.o(.text.USBD_LL_Init)
    USBD_LL_IsStallEP                        0x08006259   Thumb Code    42  usbd_conf.o(.text.USBD_LL_IsStallEP)
    USBD_LL_IsoINIncomplete                  0x08006285   Thumb Code    44  usbd_core.o(.text.USBD_LL_IsoINIncomplete)
    USBD_LL_IsoOUTIncomplete                 0x080062b1   Thumb Code    44  usbd_core.o(.text.USBD_LL_IsoOUTIncomplete)
    USBD_LL_OpenEP                           0x080062dd   Thumb Code    40  usbd_conf.o(.text.USBD_LL_OpenEP)
    USBD_LL_PrepareReceive                   0x08006305   Thumb Code    34  usbd_conf.o(.text.USBD_LL_PrepareReceive)
    USBD_LL_Reset                            0x08006329   Thumb Code    98  usbd_core.o(.text.USBD_LL_Reset)
    USBD_LL_Resume                           0x0800638d   Thumb Code    20  usbd_core.o(.text.USBD_LL_Resume)
    USBD_LL_SOF                              0x080063a1   Thumb Code    30  usbd_core.o(.text.USBD_LL_SOF)
    USBD_LL_SetSpeed                         0x080063c1   Thumb Code     8  usbd_core.o(.text.USBD_LL_SetSpeed)
    USBD_LL_SetUSBAddress                    0x080063c9   Thumb Code    34  usbd_conf.o(.text.USBD_LL_SetUSBAddress)
    USBD_LL_SetupStage                       0x080063ed   Thumb Code    98  usbd_core.o(.text.USBD_LL_SetupStage)
    USBD_LL_StallEP                          0x08006451   Thumb Code    34  usbd_conf.o(.text.USBD_LL_StallEP)
    USBD_LL_Start                            0x08006475   Thumb Code    34  usbd_conf.o(.text.USBD_LL_Start)
    USBD_LL_Suspend                          0x08006499   Thumb Code    28  usbd_core.o(.text.USBD_LL_Suspend)
    USBD_LL_Transmit                         0x080064b5   Thumb Code    34  usbd_conf.o(.text.USBD_LL_Transmit)
    USBD_ParseSetupRequest                   0x080064d9   Thumb Code    22  usbd_ctlreq.o(.text.USBD_ParseSetupRequest)
    USBD_RegisterClass                       0x080064f1   Thumb Code    66  usbd_core.o(.text.USBD_RegisterClass)
    USBD_SetClassConfig                      0x08006535   Thumb Code    16  usbd_core.o(.text.USBD_SetClassConfig)
    USBD_Start                               0x08006545   Thumb Code     4  usbd_core.o(.text.USBD_Start)
    USBD_StdDevReq                           0x08006549   Thumb Code   900  usbd_ctlreq.o(.text.USBD_StdDevReq)
    USBD_StdEPReq                            0x080068cd   Thumb Code   352  usbd_ctlreq.o(.text.USBD_StdEPReq)
    USBD_StdItfReq                           0x08006a2d   Thumb Code   120  usbd_ctlreq.o(.text.USBD_StdItfReq)
    USBD_static_free                         0x08006aa5   Thumb Code     2  usbd_conf.o(.text.USBD_static_free)
    USBD_static_malloc                       0x08006aa9   Thumb Code    10  usbd_conf.o(.text.USBD_static_malloc)
    USB_ActivateEndpoint                     0x08006ab5   Thumb Code   130  stm32f4xx_ll_usb.o(.text.USB_ActivateEndpoint)
    USB_ActivateSetup                        0x08006b39   Thumb Code    32  stm32f4xx_ll_usb.o(.text.USB_ActivateSetup)
    USB_CoreInit                             0x08006b59   Thumb Code   630  stm32f4xx_ll_usb.o(.text.USB_CoreInit)
    USB_DeactivateEndpoint                   0x08006dd1   Thumb Code   130  stm32f4xx_ll_usb.o(.text.USB_DeactivateEndpoint)
    USB_DevConnect                           0x08006e55   Thumb Code    30  stm32f4xx_ll_usb.o(.text.USB_DevConnect)
    USB_DevDisconnect                        0x08006e75   Thumb Code    30  stm32f4xx_ll_usb.o(.text.USB_DevDisconnect)
    USB_DevInit                              0x08006e95   Thumb Code  1206  stm32f4xx_ll_usb.o(.text.USB_DevInit)
    USB_DisableGlobalInt                     0x0800734d   Thumb Code    14  stm32f4xx_ll_usb.o(.text.USB_DisableGlobalInt)
    USB_EP0_OutStart                         0x0800735d   Thumb Code    90  stm32f4xx_ll_usb.o(.text.USB_EP0_OutStart)
    USB_EPClearStall                         0x080073b9   Thumb Code    82  stm32f4xx_ll_usb.o(.text.USB_EPClearStall)
    USB_EPSetStall                           0x0800740d   Thumb Code    62  stm32f4xx_ll_usb.o(.text.USB_EPSetStall)
    USB_EPStartXfer                          0x0800744d   Thumb Code   570  stm32f4xx_ll_usb.o(.text.USB_EPStartXfer)
    USB_EPStopXfer                           0x08007689   Thumb Code   270  stm32f4xx_ll_usb.o(.text.USB_EPStopXfer)
    USB_EnableGlobalInt                      0x08007799   Thumb Code    14  stm32f4xx_ll_usb.o(.text.USB_EnableGlobalInt)
    USB_FlushTxFifo                          0x080077a9   Thumb Code   190  stm32f4xx_ll_usb.o(.text.USB_FlushTxFifo)
    USB_GetDevSpeed                          0x08007869   Thumb Code    26  stm32f4xx_ll_usb.o(.text.USB_GetDevSpeed)
    USB_GetMode                              0x08007885   Thumb Code     8  stm32f4xx_ll_usb.o(.text.USB_GetMode)
    USB_ReadDevAllInEpInterrupt              0x0800788d   Thumb Code    14  stm32f4xx_ll_usb.o(.text.USB_ReadDevAllInEpInterrupt)
    USB_ReadDevAllOutEpInterrupt             0x0800789d   Thumb Code    14  stm32f4xx_ll_usb.o(.text.USB_ReadDevAllOutEpInterrupt)
    USB_ReadDevInEPInterrupt                 0x080078ad   Thumb Code    36  stm32f4xx_ll_usb.o(.text.USB_ReadDevInEPInterrupt)
    USB_ReadDevOutEPInterrupt                0x080078d1   Thumb Code    16  stm32f4xx_ll_usb.o(.text.USB_ReadDevOutEPInterrupt)
    USB_ReadInterrupts                       0x080078e1   Thumb Code     8  stm32f4xx_ll_usb.o(.text.USB_ReadInterrupts)
    USB_ReadPacket                           0x080078e9   Thumb Code   170  stm32f4xx_ll_usb.o(.text.USB_ReadPacket)
    USB_SetCurrentMode                       0x08007995   Thumb Code   872  stm32f4xx_ll_usb.o(.text.USB_SetCurrentMode)
    USB_SetDevAddress                        0x08007cfd   Thumb Code    34  stm32f4xx_ll_usb.o(.text.USB_SetDevAddress)
    USB_SetTurnaroundTime                    0x08007d21   Thumb Code   280  stm32f4xx_ll_usb.o(.text.USB_SetTurnaroundTime)
    USB_WritePacket                          0x08007e39   Thumb Code   106  stm32f4xx_ll_usb.o(.text.USB_WritePacket)
    UsageFault_Handler                       0x08007ea5   Thumb Code     2  stm32f4xx_it.o(.text.UsageFault_Handler)
    main                                     0x08007ea9   Thumb Code   152  main.o(.text.main)
    _btod_d2e                                0x08007f5d   Thumb Code    62  btod.o(CL$$btod_d2e)
    _d2e_denorm_low                          0x08007f9b   Thumb Code    70  btod.o(CL$$btod_d2e_denorm_low)
    _d2e_norm_op1                            0x08007fe1   Thumb Code    96  btod.o(CL$$btod_d2e_norm_op1)
    __btod_div_common                        0x08008041   Thumb Code   696  btod.o(CL$$btod_div_common)
    _e2e                                     0x08008379   Thumb Code   220  btod.o(CL$$btod_e2e)
    _btod_ediv                               0x08008455   Thumb Code    42  btod.o(CL$$btod_ediv)
    _btod_emul                               0x0800847f   Thumb Code    42  btod.o(CL$$btod_emul)
    __btod_mult_common                       0x080084a9   Thumb Code   580  btod.o(CL$$btod_mult_common)
    __ARM_fpclassify                         0x080086ed   Thumb Code    48  fpclassify.o(i.__ARM_fpclassify)
    __ARM_fpclassifyf                        0x0800871d   Thumb Code    38  fpclassifyf.o(i.__ARM_fpclassifyf)
    __hardfp_asinf                           0x08008745   Thumb Code   258  asinf.o(i.__hardfp_asinf)
    __hardfp_atan2f                          0x08008871   Thumb Code   594  atan2f.o(i.__hardfp_atan2f)
    __mathlib_flt_infnan                     0x08008b1d   Thumb Code     6  funder.o(i.__mathlib_flt_infnan)
    __mathlib_flt_infnan2                    0x08008b23   Thumb Code     6  funder.o(i.__mathlib_flt_infnan2)
    __mathlib_flt_invalid                    0x08008b29   Thumb Code    10  funder.o(i.__mathlib_flt_invalid)
    __mathlib_flt_underflow                  0x08008b39   Thumb Code    10  funder.o(i.__mathlib_flt_underflow)
    _is_digit                                0x08008b49   Thumb Code    14  __printf_wp.o(i._is_digit)
    sqrtf                                    0x08008b57   Thumb Code    62  sqrtf.o(i.sqrtf)
    _get_lc_numeric                          0x08008b95   Thumb Code    44  lc_numeric_c.o(locale$$code)
    __fpl_dretinf                            0x08008bc1   Thumb Code    12  dretinf.o(x$fpl$dretinf)
    __aeabi_f2d                              0x08008bcd   Thumb Code     0  f2d.o(x$fpl$f2d)
    _f2d                                     0x08008bcd   Thumb Code    86  f2d.o(x$fpl$f2d)
    __fpl_fnaninf                            0x08008c23   Thumb Code   140  fnaninf.o(x$fpl$fnaninf)
    _fp_init                                 0x08008caf   Thumb Code    26  fpinit.o(x$fpl$fpinit)
    __fplib_config_fpu_vfp                   0x08008cc7   Thumb Code     0  fpinit.o(x$fpl$fpinit)
    __fplib_config_pureend_doubles           0x08008cc7   Thumb Code     0  fpinit.o(x$fpl$fpinit)
    _printf_fp_dec                           0x08008cc9   Thumb Code     4  printf1.o(x$fpl$printf1)
    __I$use$fp                               0x08008ccc   Number         0  usenofp.o(x$fpl$usenofp)
    AHBPrescTable                            0x08008d6c   Data          16  system_stm32f4xx.o(.rodata.AHBPrescTable)
    APBPrescTable                            0x08008d7c   Data           8  system_stm32f4xx.o(.rodata.APBPrescTable)
    Region$$Table$$Base                      0x08008d8c   Number         0  anon$$obj.o(Region$$Table)
    Region$$Table$$Limit                     0x08008dac   Number         0  anon$$obj.o(Region$$Table)
    uwTickFreq                               0x20000000   Data           1  stm32f4xx_hal.o(.data..L_MergedGlobals)
    uwTickPrio                               0x20000004   Data           4  stm32f4xx_hal.o(.data..L_MergedGlobals)
    twoKp                                    0x20000008   Data           4  mahonyahrs.o(.data..L_MergedGlobals)
    q0                                       0x2000000c   Data           4  mahonyahrs.o(.data..L_MergedGlobals)
    FS_Desc                                  0x20000010   Data          28  usbd_desc.o(.data.FS_Desc)
    SystemCoreClock                          0x2000002c   Data           4  system_stm32f4xx.o(.data.SystemCoreClock)
    USBD_CDC                                 0x20000030   Data          56  usbd_cdc.o(.data.USBD_CDC)
    USBD_FS_DeviceDesc                       0x200000b8   Data          18  usbd_desc.o(.data.USBD_FS_DeviceDesc)
    USBD_Interface_fops_FS                   0x200000cc   Data          20  usbd_cdc_if.o(.data.USBD_Interface_fops_FS)
    USBD_LangIDDesc                          0x200000e0   Data           4  usbd_desc.o(.data.USBD_LangIDDesc)
    USBD_StringSerial                        0x200000e4   Data          26  usbd_desc.o(.data.USBD_StringSerial)
    __libspace_start                         0x20000100   Data          96  libspace.o(.bss)
    __temporary_stack_top$libspace           0x20000160   Data           0  libspace.o(.bss)
    twoKi                                    0x20000160   Data           4  mahonyahrs.o(.bss..L_MergedGlobals.1)
    q1                                       0x20000164   Data           4  mahonyahrs.o(.bss..L_MergedGlobals.1)
    q2                                       0x20000168   Data           4  mahonyahrs.o(.bss..L_MergedGlobals.1)
    q3                                       0x2000016c   Data           4  mahonyahrs.o(.bss..L_MergedGlobals.1)
    integralFBx                              0x20000170   Data           4  mahonyahrs.o(.bss..L_MergedGlobals.1)
    integralFBy                              0x20000174   Data           4  mahonyahrs.o(.bss..L_MergedGlobals.1)
    integralFBz                              0x20000178   Data           4  mahonyahrs.o(.bss..L_MergedGlobals.1)
    BMI088_Data                              0x2000017c   Data          60  bmi088.o(.bss.BMI088_Data)
    IST8310_Data                             0x200001b8   Data          16  ist8310.o(.bss.IST8310_Data)
    USBD_StrDesc                             0x200001cc   Data         512  usbd_desc.o(.bss.USBD_StrDesc)
    UserRxBufferFS                           0x200005ec   Data        2048  usbd_cdc_if.o(.bss.UserRxBufferFS)
    UserTxBufferFS                           0x20000dec   Data        2048  usbd_cdc_if.o(.bss.UserTxBufferFS)
    hUsbDeviceFS                             0x200015f0   Data         732  usb_device.o(.bss.hUsbDeviceFS)
    hdma_spi1_rx                             0x200018cc   Data          96  spi.o(.bss.hdma_spi1_rx)
    hdma_spi1_tx                             0x2000192c   Data          96  spi.o(.bss.hdma_spi1_tx)
    hi2c3                                    0x2000198c   Data          84  i2c.o(.bss.hi2c3)
    hpcd_USB_OTG_FS                          0x200019e0   Data        1252  usbd_conf.o(.bss.hpcd_USB_OTG_FS)
    hspi1                                    0x20001ec4   Data          88  spi.o(.bss.hspi1)
    htim6                                    0x20001f1c   Data          72  tim.o(.bss.htim6)
    uwTick                                   0x20001f64   Data           4  stm32f4xx_hal.o(.bss.uwTick)



==============================================================================

Memory Map of the image

  Image Entry point : 0x08000189

  Load Region LR_IROM1 (Base: 0x08000000, Size: 0x00008ec8, Max: 0x00100000, ABSOLUTE)

    Execution Region ER_IROM1 (Exec base: 0x08000000, Load base: 0x08000000, Size: 0x00008dc8, Max: 0x00100000, ABSOLUTE)

    Exec Addr    Load Addr    Size         Type   Attr      Idx    E Section Name        Object

    0x08000000   0x08000000   0x00000188   Data   RO            3    RESET               startup_stm32f407xx.o
    0x08000188   0x08000188   0x00000008   Code   RO         1681  * !!!main             c_w.l(__main.o)
    0x08000190   0x08000190   0x0000005c   Code   RO         1966    !!!scatter          c_w.l(__scatter.o)
    0x080001ec   0x080001ec   0x0000001a   Code   RO         1970    !!handler_copy      c_w.l(__scatter_copy.o)
    0x08000206   0x08000206   0x00000002   PAD
    0x08000208   0x08000208   0x00000002   Code   RO         1967    !!handler_null      c_w.l(__scatter.o)
    0x0800020a   0x0800020a   0x00000002   PAD
    0x0800020c   0x0800020c   0x0000001c   Code   RO         1972    !!handler_zi        c_w.l(__scatter_zi.o)
    0x08000228   0x08000228   0x00000000   Code   RO         1674    .ARM.Collect$$_printf_percent$$00000000  c_w.l(_printf_percent.o)
    0x08000228   0x08000228   0x00000006   Code   RO         1673    .ARM.Collect$$_printf_percent$$00000003  c_w.l(_printf_f.o)
    0x0800022e   0x0800022e   0x00000004   Code   RO         1714    .ARM.Collect$$_printf_percent$$00000017  c_w.l(_printf_percent_end.o)
    0x08000232   0x08000232   0x00000002   Code   RO         1829    .ARM.Collect$$libinit$$00000000  c_w.l(libinit.o)
    0x08000234   0x08000234   0x00000004   Code   RO         1830    .ARM.Collect$$libinit$$00000001  c_w.l(libinit2.o)
    0x08000238   0x08000238   0x00000000   Code   RO         1833    .ARM.Collect$$libinit$$00000004  c_w.l(libinit2.o)
    0x08000238   0x08000238   0x00000000   Code   RO         1835    .ARM.Collect$$libinit$$00000006  c_w.l(libinit2.o)
    0x08000238   0x08000238   0x00000000   Code   RO         1838    .ARM.Collect$$libinit$$0000000C  c_w.l(libinit2.o)
    0x08000238   0x08000238   0x00000000   Code   RO         1840    .ARM.Collect$$libinit$$0000000E  c_w.l(libinit2.o)
    0x08000238   0x08000238   0x00000000   Code   RO         1842    .ARM.Collect$$libinit$$00000010  c_w.l(libinit2.o)
    0x08000238   0x08000238   0x00000006   Code   RO         1843    .ARM.Collect$$libinit$$00000011  c_w.l(libinit2.o)
    0x0800023e   0x0800023e   0x00000000   Code   RO         1845    .ARM.Collect$$libinit$$00000013  c_w.l(libinit2.o)
    0x0800023e   0x0800023e   0x00000000   Code   RO         1847    .ARM.Collect$$libinit$$00000015  c_w.l(libinit2.o)
    0x0800023e   0x0800023e   0x00000000   Code   RO         1849    .ARM.Collect$$libinit$$00000017  c_w.l(libinit2.o)
    0x0800023e   0x0800023e   0x0000000a   Code   RO         1850    .ARM.Collect$$libinit$$00000018  c_w.l(libinit2.o)
    0x08000248   0x08000248   0x00000000   Code   RO         1851    .ARM.Collect$$libinit$$00000019  c_w.l(libinit2.o)
    0x08000248   0x08000248   0x00000000   Code   RO         1853    .ARM.Collect$$libinit$$0000001B  c_w.l(libinit2.o)
    0x08000248   0x08000248   0x00000000   Code   RO         1855    .ARM.Collect$$libinit$$0000001D  c_w.l(libinit2.o)
    0x08000248   0x08000248   0x00000000   Code   RO         1857    .ARM.Collect$$libinit$$0000001F  c_w.l(libinit2.o)
    0x08000248   0x08000248   0x00000000   Code   RO         1859    .ARM.Collect$$libinit$$00000021  c_w.l(libinit2.o)
    0x08000248   0x08000248   0x00000000   Code   RO         1861    .ARM.Collect$$libinit$$00000023  c_w.l(libinit2.o)
    0x08000248   0x08000248   0x00000000   Code   RO         1863    .ARM.Collect$$libinit$$00000025  c_w.l(libinit2.o)
    0x08000248   0x08000248   0x00000000   Code   RO         1865    .ARM.Collect$$libinit$$00000027  c_w.l(libinit2.o)
    0x08000248   0x08000248   0x00000000   Code   RO         1869    .ARM.Collect$$libinit$$0000002E  c_w.l(libinit2.o)
    0x08000248   0x08000248   0x00000000   Code   RO         1871    .ARM.Collect$$libinit$$00000030  c_w.l(libinit2.o)
    0x08000248   0x08000248   0x00000000   Code   RO         1873    .ARM.Collect$$libinit$$00000032  c_w.l(libinit2.o)
    0x08000248   0x08000248   0x00000000   Code   RO         1875    .ARM.Collect$$libinit$$00000034  c_w.l(libinit2.o)
    0x08000248   0x08000248   0x00000002   Code   RO         1876    .ARM.Collect$$libinit$$00000035  c_w.l(libinit2.o)
    0x0800024a   0x0800024a   0x00000002   Code   RO         1931    .ARM.Collect$$libshutdown$$00000000  c_w.l(libshutdown.o)
    0x0800024c   0x0800024c   0x00000000   Code   RO         1949    .ARM.Collect$$libshutdown$$00000002  c_w.l(libshutdown2.o)
    0x0800024c   0x0800024c   0x00000000   Code   RO         1951    .ARM.Collect$$libshutdown$$00000004  c_w.l(libshutdown2.o)
    0x0800024c   0x0800024c   0x00000000   Code   RO         1954    .ARM.Collect$$libshutdown$$00000007  c_w.l(libshutdown2.o)
    0x0800024c   0x0800024c   0x00000000   Code   RO         1957    .ARM.Collect$$libshutdown$$0000000A  c_w.l(libshutdown2.o)
    0x0800024c   0x0800024c   0x00000000   Code   RO         1959    .ARM.Collect$$libshutdown$$0000000C  c_w.l(libshutdown2.o)
    0x0800024c   0x0800024c   0x00000000   Code   RO         1962    .ARM.Collect$$libshutdown$$0000000F  c_w.l(libshutdown2.o)
    0x0800024c   0x0800024c   0x00000002   Code   RO         1963    .ARM.Collect$$libshutdown$$00000010  c_w.l(libshutdown2.o)
    0x0800024e   0x0800024e   0x00000000   Code   RO         1699    .ARM.Collect$$rtentry$$00000000  c_w.l(__rtentry.o)
    0x0800024e   0x0800024e   0x00000000   Code   RO         1743    .ARM.Collect$$rtentry$$00000002  c_w.l(__rtentry2.o)
    0x0800024e   0x0800024e   0x00000006   Code   RO         1755    .ARM.Collect$$rtentry$$00000004  c_w.l(__rtentry4.o)
    0x08000254   0x08000254   0x00000000   Code   RO         1745    .ARM.Collect$$rtentry$$00000009  c_w.l(__rtentry2.o)
    0x08000254   0x08000254   0x00000004   Code   RO         1746    .ARM.Collect$$rtentry$$0000000A  c_w.l(__rtentry2.o)
    0x08000258   0x08000258   0x00000000   Code   RO         1748    .ARM.Collect$$rtentry$$0000000C  c_w.l(__rtentry2.o)
    0x08000258   0x08000258   0x00000008   Code   RO         1749    .ARM.Collect$$rtentry$$0000000D  c_w.l(__rtentry2.o)
    0x08000260   0x08000260   0x00000002   Code   RO         1877    .ARM.Collect$$rtexit$$00000000  c_w.l(rtexit.o)
    0x08000262   0x08000262   0x00000000   Code   RO         1896    .ARM.Collect$$rtexit$$00000002  c_w.l(rtexit2.o)
    0x08000262   0x08000262   0x00000004   Code   RO         1897    .ARM.Collect$$rtexit$$00000003  c_w.l(rtexit2.o)
    0x08000266   0x08000266   0x00000006   Code   RO         1898    .ARM.Collect$$rtexit$$00000004  c_w.l(rtexit2.o)
    0x0800026c   0x0800026c   0x00000040   Code   RO            4    .text               startup_stm32f407xx.o
    0x080002ac   0x080002ac   0x000000f0   Code   RO         1645    .text               c_w.l(lludivv7m.o)
    0x0800039c   0x0800039c   0x00000028   Code   RO         1649    .text               c_w.l(noretval__2sprintf.o)
    0x080003c4   0x080003c4   0x0000010e   Code   RO         1661    .text               c_w.l(__printf_wp.o)
    0x080004d2   0x080004d2   0x0000003e   Code   RO         1675    .text               c_w.l(strlen.o)
    0x08000510   0x08000510   0x0000004e   Code   RO         1677    .text               c_w.l(rt_memclr_w.o)
    0x0800055e   0x0800055e   0x00000006   Code   RO         1679    .text               c_w.l(heapauxi.o)
    0x08000564   0x08000564   0x00000016   Code   RO         1704    .text               c_w.l(_rserrno.o)
    0x0800057a   0x0800057a   0x0000041c   Code   RO         1706    .text               c_w.l(_printf_fp_dec.o)
    0x08000996   0x08000996   0x00000002   PAD
    0x08000998   0x08000998   0x00000030   Code   RO         1710    .text               c_w.l(_printf_char_common.o)
    0x080009c8   0x080009c8   0x0000000a   Code   RO         1712    .text               c_w.l(_sputc.o)
    0x080009d2   0x080009d2   0x00000002   PAD
    0x080009d4   0x080009d4   0x00000008   Code   RO         1762    .text               c_w.l(rt_locale_intlibspace.o)
    0x080009dc   0x080009dc   0x00000008   Code   RO         1767    .text               c_w.l(rt_errno_addr_intlibspace.o)
    0x080009e4   0x080009e4   0x0000008a   Code   RO         1769    .text               c_w.l(lludiv10.o)
    0x08000a6e   0x08000a6e   0x00000002   PAD
    0x08000a70   0x08000a70   0x00000080   Code   RO         1771    .text               c_w.l(_printf_fp_infnan.o)
    0x08000af0   0x08000af0   0x000000e4   Code   RO         1775    .text               c_w.l(bigflt0.o)
    0x08000bd4   0x08000bd4   0x00000008   Code   RO         1809    .text               c_w.l(libspace.o)
    0x08000bdc   0x08000bdc   0x0000004a   Code   RO         1812    .text               c_w.l(sys_stackheap_outer.o)
    0x08000c26   0x08000c26   0x00000012   Code   RO         1816    .text               c_w.l(exit.o)
    0x08000c38   0x08000c38   0x0000007c   Code   RO         1822    .text               c_w.l(strcmpv7em.o)
    0x08000cb4   0x08000cb4   0x0000000c   Code   RO         1891    .text               c_w.l(sys_exit.o)
    0x08000cc0   0x08000cc0   0x00000002   Code   RO         1918    .text               c_w.l(use_no_semi.o)
    0x08000cc2   0x08000cc2   0x00000000   Code   RO         1920    .text               c_w.l(indicate_semi.o)
    0x08000cc2   0x08000cc2   0x00000002   PAD
    0x08000cc4   0x08000cc4   0x00000168   Code   RO         1349    .text.Attitude_Update  attitude.o
    0x08000e2c   0x08000e2c   0x00000078   Code   RO         1320    .text.BMI088_Calib_Init  bmi088.o
    0x08000ea4   0x08000ea4   0x000002e0   Code   RO         1306    .text.BMI088_Init   bmi088.o
    0x08001184   0x08001184   0x000000ec   Code   RO         1308    .text.BMI088_Read_Accel  bmi088.o
    0x08001270   0x08001270   0x0000010c   Code   RO         1310    .text.BMI088_Read_Gyro  bmi088.o
    0x0800137c   0x0800137c   0x00000002   Code   RO           99    .text.BusFault_Handler  stm32f4xx_it.o
    0x0800137e   0x0800137e   0x00000002   PAD
    0x08001380   0x08001380   0x00000004   Code   RO         1413    .text.CDC_Control_FS  usbd_cdc_if.o
    0x08001384   0x08001384   0x00000004   Code   RO         1411    .text.CDC_DeInit_FS  usbd_cdc_if.o
    0x08001388   0x08001388   0x0000002c   Code   RO         1409    .text.CDC_Init_FS   usbd_cdc_if.o
    0x080013b4   0x080013b4   0x0000001c   Code   RO         1415    .text.CDC_Receive_FS  usbd_cdc_if.o
    0x080013d0   0x080013d0   0x00000004   Code   RO         1417    .text.CDC_TransmitCplt_FS  usbd_cdc_if.o
    0x080013d4   0x080013d4   0x00000036   Code   RO         1419    .text.CDC_Transmit_FS  usbd_cdc_if.o
    0x0800140a   0x0800140a   0x00000002   PAD
    0x0800140c   0x0800140c   0x0000000c   Code   RO          115    .text.DMA2_Stream2_IRQHandler  stm32f4xx_it.o
    0x08001418   0x08001418   0x0000000c   Code   RO          117    .text.DMA2_Stream3_IRQHandler  stm32f4xx_it.o
    0x08001424   0x08001424   0x00000002   Code   RO          105    .text.DebugMon_Handler  stm32f4xx_it.o
    0x08001426   0x08001426   0x00000002   PAD
    0x08001428   0x08001428   0x00000006   Code   RO           15    .text.Error_Handler  main.o
    0x0800142e   0x0800142e   0x00000002   PAD
    0x08001430   0x08001430   0x00000024   Code   RO          492    .text.HAL_DMA_Abort_IT  stm32f4xx_hal_dma.o
    0x08001454   0x08001454   0x000001c4   Code   RO          496    .text.HAL_DMA_IRQHandler  stm32f4xx_hal_dma.o
    0x08001618   0x08001618   0x00000162   Code   RO          482    .text.HAL_DMA_Init  stm32f4xx_hal_dma.o
    0x0800177a   0x0800177a   0x00000002   PAD
    0x0800177c   0x0800177c   0x00000028   Code   RO          649    .text.HAL_Delay     stm32f4xx_hal.o
    0x080017a4   0x080017a4   0x0000019e   Code   RO          444    .text.HAL_GPIO_Init  stm32f4xx_hal_gpio.o
    0x08001942   0x08001942   0x00000002   PAD
    0x08001944   0x08001944   0x0000000a   Code   RO          450    .text.HAL_GPIO_WritePin  stm32f4xx_hal_gpio.o
    0x0800194e   0x0800194e   0x00000002   PAD
    0x08001950   0x08001950   0x0000000c   Code   RO          641    .text.HAL_GetTick   stm32f4xx_hal.o
    0x0800195c   0x0800195c   0x00000164   Code   RO          719    .text.HAL_I2C_Init  stm32f4xx_hal_i2c.o
    0x08001ac0   0x08001ac0   0x00000258   Code   RO          767    .text.HAL_I2C_Mem_Read  stm32f4xx_hal_i2c.o
    0x08001d18   0x08001d18   0x0000015c   Code   RO          763    .text.HAL_I2C_Mem_Write  stm32f4xx_hal_i2c.o
    0x08001e74   0x08001e74   0x000000b4   Code   RO           48    .text.HAL_I2C_MspInit  i2c.o
    0x08001f28   0x08001f28   0x0000001a   Code   RO          639    .text.HAL_IncTick   stm32f4xx_hal.o
    0x08001f42   0x08001f42   0x00000002   PAD
    0x08001f44   0x08001f44   0x00000036   Code   RO          629    .text.HAL_Init      stm32f4xx_hal.o
    0x08001f7a   0x08001f7a   0x00000002   PAD
    0x08001f7c   0x08001f7c   0x00000048   Code   RO          631    .text.HAL_InitTick  stm32f4xx_hal.o
    0x08001fc4   0x08001fc4   0x00000038   Code   RO          128    .text.HAL_MspInit   stm32f4xx_hal_msp.o
    0x08001ffc   0x08001ffc   0x00000022   Code   RO          581    .text.HAL_NVIC_EnableIRQ  stm32f4xx_hal_cortex.o
    0x0800201e   0x0800201e   0x00000002   PAD
    0x08002020   0x08002020   0x00000056   Code   RO          579    .text.HAL_NVIC_SetPriority  stm32f4xx_hal_cortex.o
    0x08002076   0x08002076   0x00000002   PAD
    0x08002078   0x08002078   0x00000020   Code   RO          577    .text.HAL_NVIC_SetPriorityGrouping  stm32f4xx_hal_cortex.o
    0x08002098   0x08002098   0x00000002   Code   RO          218    .text.HAL_PCDEx_LPM_Callback  stm32f4xx_hal_pcd_ex.o
    0x0800209a   0x0800209a   0x00000002   PAD
    0x0800209c   0x0800209c   0x00000008   Code   RO          216    .text.HAL_PCDEx_SetRxFiFo  stm32f4xx_hal_pcd_ex.o
    0x080020a4   0x080020a4   0x000000ce   Code   RO          214    .text.HAL_PCDEx_SetTxFiFo  stm32f4xx_hal_pcd_ex.o
    0x08002172   0x08002172   0x00000002   PAD
    0x08002174   0x08002174   0x00000008   Code   RO         1454    .text.HAL_PCD_ConnectCallback  usbd_conf.o
    0x0800217c   0x0800217c   0x00000014   Code   RO         1440    .text.HAL_PCD_DataInStageCallback  usbd_conf.o
    0x08002190   0x08002190   0x00000016   Code   RO         1438    .text.HAL_PCD_DataOutStageCallback  usbd_conf.o
    0x080021a6   0x080021a6   0x00000002   PAD
    0x080021a8   0x080021a8   0x00000008   Code   RO         1456    .text.HAL_PCD_DisconnectCallback  usbd_conf.o
    0x080021b0   0x080021b0   0x0000004e   Code   RO          184    .text.HAL_PCD_EP_Close  stm32f4xx_hal_pcd.o
    0x080021fe   0x080021fe   0x00000002   PAD
    0x08002200   0x08002200   0x00000060   Code   RO          194    .text.HAL_PCD_EP_ClrStall  stm32f4xx_hal_pcd.o
    0x08002260   0x08002260   0x00000012   Code   RO          188    .text.HAL_PCD_EP_GetRxCount  stm32f4xx_hal_pcd.o
    0x08002272   0x08002272   0x00000002   PAD
    0x08002274   0x08002274   0x00000074   Code   RO          182    .text.HAL_PCD_EP_Open  stm32f4xx_hal_pcd.o
    0x080022e8   0x080022e8   0x00000042   Code   RO          186    .text.HAL_PCD_EP_Receive  stm32f4xx_hal_pcd.o
    0x0800232a   0x0800232a   0x00000002   PAD
    0x0800232c   0x0800232c   0x0000006e   Code   RO          192    .text.HAL_PCD_EP_SetStall  stm32f4xx_hal_pcd.o
    0x0800239a   0x0800239a   0x00000002   PAD
    0x0800239c   0x0800239c   0x0000003a   Code   RO          190    .text.HAL_PCD_EP_Transmit  stm32f4xx_hal_pcd.o
    0x080023d6   0x080023d6   0x00000002   PAD
    0x080023d8   0x080023d8   0x000008fe   Code   RO          148    .text.HAL_PCD_IRQHandler  stm32f4xx_hal_pcd.o
    0x08002cd6   0x08002cd6   0x00000002   PAD
    0x08002cd8   0x08002cd8   0x00000008   Code   RO         1452    .text.HAL_PCD_ISOINIncompleteCallback  usbd_conf.o
    0x08002ce0   0x08002ce0   0x00000008   Code   RO         1450    .text.HAL_PCD_ISOOUTIncompleteCallback  usbd_conf.o
    0x08002ce8   0x08002ce8   0x0000026e   Code   RO          136    .text.HAL_PCD_Init  stm32f4xx_hal_pcd.o
    0x08002f56   0x08002f56   0x00000002   PAD
    0x08002f58   0x08002f58   0x00000088   Code   RO         1432    .text.HAL_PCD_MspInit  usbd_conf.o
    0x08002fe0   0x08002fe0   0x0000002a   Code   RO         1444    .text.HAL_PCD_ResetCallback  usbd_conf.o
    0x0800300a   0x0800300a   0x00000002   PAD
    0x0800300c   0x0800300c   0x00000008   Code   RO         1448    .text.HAL_PCD_ResumeCallback  usbd_conf.o
    0x08003014   0x08003014   0x00000008   Code   RO         1442    .text.HAL_PCD_SOFCallback  usbd_conf.o
    0x0800301c   0x0800301c   0x00000028   Code   RO          180    .text.HAL_PCD_SetAddress  stm32f4xx_hal_pcd.o
    0x08003044   0x08003044   0x0000000e   Code   RO         1436    .text.HAL_PCD_SetupStageCallback  usbd_conf.o
    0x08003052   0x08003052   0x00000002   PAD
    0x08003054   0x08003054   0x0000003e   Code   RO          144    .text.HAL_PCD_Start  stm32f4xx_hal_pcd.o
    0x08003092   0x08003092   0x00000002   PAD
    0x08003094   0x08003094   0x00000034   Code   RO         1446    .text.HAL_PCD_SuspendCallback  usbd_conf.o
    0x080030c8   0x080030c8   0x00000164   Code   RO          338    .text.HAL_RCC_ClockConfig  stm32f4xx_hal_rcc.o
    0x0800322c   0x0800322c   0x0000000c   Code   RO          348    .text.HAL_RCC_GetHCLKFreq  stm32f4xx_hal_rcc.o
    0x08003238   0x08003238   0x00000026   Code   RO          350    .text.HAL_RCC_GetPCLK1Freq  stm32f4xx_hal_rcc.o
    0x0800325e   0x0800325e   0x00000002   PAD
    0x08003260   0x08003260   0x0000006a   Code   RO          340    .text.HAL_RCC_GetSysClockFreq  stm32f4xx_hal_rcc.o
    0x080032ca   0x080032ca   0x00000002   PAD
    0x080032cc   0x080032cc   0x000003ac   Code   RO          336    .text.HAL_RCC_OscConfig  stm32f4xx_hal_rcc.o
    0x08003678   0x08003678   0x00000002   Code   RO          938    .text.HAL_SPI_ErrorCallback  stm32f4xx_hal_spi.o
    0x0800367a   0x0800367a   0x00000002   PAD
    0x0800367c   0x0800367c   0x0000012e   Code   RO          934    .text.HAL_SPI_IRQHandler  stm32f4xx_hal_spi.o
    0x080037aa   0x080037aa   0x00000002   PAD
    0x080037ac   0x080037ac   0x000000b0   Code   RO          858    .text.HAL_SPI_Init  stm32f4xx_hal_spi.o
    0x0800385c   0x0800385c   0x0000013e   Code   RO           63    .text.HAL_SPI_MspInit  spi.o
    0x0800399a   0x0800399a   0x00000002   PAD
    0x0800399c   0x0800399c   0x00000346   Code   RO          870    .text.HAL_SPI_TransmitReceive  stm32f4xx_hal_spi.o
    0x08003ce2   0x08003ce2   0x00000002   PAD
    0x08003ce4   0x08003ce4   0x0000002c   Code   RO          589    .text.HAL_SYSTICK_Config  stm32f4xx_hal_cortex.o
    0x08003d10   0x08003d10   0x00000002   Code   RO         1277    .text.HAL_TIMEx_BreakCallback  stm32f4xx_hal_tim_ex.o
    0x08003d12   0x08003d12   0x00000002   PAD
    0x08003d14   0x08003d14   0x00000002   Code   RO         1273    .text.HAL_TIMEx_CommutCallback  stm32f4xx_hal_tim_ex.o
    0x08003d16   0x08003d16   0x00000002   PAD
    0x08003d18   0x08003d18   0x000000ba   Code   RO         1267    .text.HAL_TIMEx_MasterConfigSynchronization  stm32f4xx_hal_tim_ex.o
    0x08003dd2   0x08003dd2   0x00000002   PAD
    0x08003dd4   0x08003dd4   0x0000005a   Code   RO          972    .text.HAL_TIM_Base_Init  stm32f4xx_hal_tim.o
    0x08003e2e   0x08003e2e   0x00000002   PAD
    0x08003e30   0x08003e30   0x00000048   Code   RO           80    .text.HAL_TIM_Base_MspInit  tim.o
    0x08003e78   0x08003e78   0x000000aa   Code   RO          986    .text.HAL_TIM_Base_Start_IT  stm32f4xx_hal_tim.o
    0x08003f22   0x08003f22   0x00000002   PAD
    0x08003f24   0x08003f24   0x00000002   Code   RO         1108    .text.HAL_TIM_IC_CaptureCallback  stm32f4xx_hal_tim.o
    0x08003f26   0x08003f26   0x00000002   PAD
    0x08003f28   0x08003f28   0x0000014e   Code   RO         1106    .text.HAL_TIM_IRQHandler  stm32f4xx_hal_tim.o
    0x08004076   0x08004076   0x00000002   PAD
    0x08004078   0x08004078   0x00000002   Code   RO         1110    .text.HAL_TIM_OC_DelayElapsedCallback  stm32f4xx_hal_tim.o
    0x0800407a   0x0800407a   0x00000002   PAD
    0x0800407c   0x0800407c   0x00000002   Code   RO         1112    .text.HAL_TIM_PWM_PulseFinishedCallback  stm32f4xx_hal_tim.o
    0x0800407e   0x0800407e   0x00000002   PAD
    0x08004080   0x08004080   0x00000014   Code   RO           17    .text.HAL_TIM_PeriodElapsedCallback  main.o
    0x08004094   0x08004094   0x00000002   Code   RO         1116    .text.HAL_TIM_TriggerCallback  stm32f4xx_hal_tim.o
    0x08004096   0x08004096   0x00000002   PAD
    0x08004098   0x08004098   0x00000002   Code   RO           95    .text.HardFault_Handler  stm32f4xx_it.o
    0x0800409a   0x0800409a   0x00000002   PAD
    0x0800409c   0x0800409c   0x00000112   Code   RO          769    .text.I2C_RequestMemoryRead  stm32f4xx_hal_i2c.o
    0x080041ae   0x080041ae   0x00000002   PAD
    0x080041b0   0x080041b0   0x000000c8   Code   RO          765    .text.I2C_RequestMemoryWrite  stm32f4xx_hal_i2c.o
    0x08004278   0x08004278   0x000000ba   Code   RO          733    .text.I2C_WaitOnBTFFlagUntilTimeout  stm32f4xx_hal_i2c.o
    0x08004332   0x08004332   0x00000002   PAD
    0x08004334   0x08004334   0x000001ca   Code   RO          729    .text.I2C_WaitOnFlagUntilTimeout  stm32f4xx_hal_i2c.o
    0x080044fe   0x080044fe   0x00000002   PAD
    0x08004500   0x08004500   0x000000d6   Code   RO          847    .text.I2C_WaitOnMasterAddressFlagUntilTimeout  stm32f4xx_hal_i2c.o
    0x080045d6   0x080045d6   0x00000002   PAD
    0x080045d8   0x080045d8   0x00000090   Code   RO          737    .text.I2C_WaitOnRXNEFlagUntilTimeout  stm32f4xx_hal_i2c.o
    0x08004668   0x08004668   0x000000ba   Code   RO          731    .text.I2C_WaitOnTXEFlagUntilTimeout  stm32f4xx_hal_i2c.o
    0x08004722   0x08004722   0x00000002   PAD
    0x08004724   0x08004724   0x000001c8   Code   RO         1335    .text.IST8310_Init  ist8310.o
    0x080048ec   0x080048ec   0x00000078   Code   RO         1337    .text.IST8310_Read_Data  ist8310.o
    0x08004964   0x08004964   0x00000048   Code   RO           37    .text.MX_DMA_Init   dma.o
    0x080049ac   0x080049ac   0x0000011a   Code   RO           28    .text.MX_GPIO_Init  gpio.o
    0x08004ac6   0x08004ac6   0x00000002   PAD
    0x08004ac8   0x08004ac8   0x00000042   Code   RO           46    .text.MX_I2C3_Init  i2c.o
    0x08004b0a   0x08004b0a   0x00000002   PAD
    0x08004b0c   0x08004b0c   0x0000004c   Code   RO           61    .text.MX_SPI1_Init  spi.o
    0x08004b58   0x08004b58   0x00000050   Code   RO           78    .text.MX_TIM6_Init  tim.o
    0x08004ba8   0x08004ba8   0x00000072   Code   RO         1373    .text.MX_USB_DEVICE_Init  usb_device.o
    0x08004c1a   0x08004c1a   0x00000002   PAD
    0x08004c1c   0x08004c1c   0x00000454   Code   RO         1357    .text.MahonyAHRSupdate  mahonyahrs.o
    0x08005070   0x08005070   0x000002e4   Code   RO         1359    .text.MahonyAHRSupdateIMU  mahonyahrs.o
    0x08005354   0x08005354   0x00000002   Code   RO           97    .text.MemManage_Handler  stm32f4xx_it.o
    0x08005356   0x08005356   0x00000002   PAD
    0x08005358   0x08005358   0x00000002   Code   RO           93    .text.NMI_Handler   stm32f4xx_it.o
    0x0800535a   0x0800535a   0x00000002   PAD
    0x0800535c   0x0800535c   0x0000000c   Code   RO          119    .text.OTG_FS_IRQHandler  stm32f4xx_it.o
    0x08005368   0x08005368   0x00000002   Code   RO          107    .text.PendSV_Handler  stm32f4xx_it.o
    0x0800536a   0x0800536a   0x00000002   PAD
    0x0800536c   0x0800536c   0x0000000c   Code   RO          111    .text.SPI1_IRQHandler  stm32f4xx_it.o
    0x08005378   0x08005378   0x0000000c   Code   RO          936    .text.SPI_DMAAbortOnError  stm32f4xx_hal_spi.o
    0x08005384   0x08005384   0x00000124   Code   RO          962    .text.SPI_WaitFlagStateUntilTimeout  stm32f4xx_hal_spi.o
    0x080054a8   0x080054a8   0x00000002   Code   RO          103    .text.SVC_Handler   stm32f4xx_it.o
    0x080054aa   0x080054aa   0x00000002   PAD
    0x080054ac   0x080054ac   0x00000004   Code   RO          109    .text.SysTick_Handler  stm32f4xx_it.o
    0x080054b0   0x080054b0   0x000000ac   Code   RO           13    .text.SystemClock_Config  main.o
    0x0800555c   0x0800555c   0x00000012   Code   RO         1291    .text.SystemInit    system_stm32f4xx.o
    0x0800556e   0x0800556e   0x00000002   PAD
    0x08005570   0x08005570   0x0000000c   Code   RO          113    .text.TIM6_DAC_IRQHandler  stm32f4xx_it.o
    0x0800557c   0x0800557c   0x0000013a   Code   RO          976    .text.TIM_Base_SetConfig  stm32f4xx_hal_tim.o
    0x080056b6   0x080056b6   0x00000002   PAD
    0x080056b8   0x080056b8   0x00000078   Code   RO         1611    .text.USBD_CDC_DataIn  usbd_cdc.o
    0x08005730   0x08005730   0x0000003c   Code   RO         1613    .text.USBD_CDC_DataOut  usbd_cdc.o
    0x0800576c   0x0800576c   0x00000060   Code   RO         1605    .text.USBD_CDC_DeInit  usbd_cdc.o
    0x080057cc   0x080057cc   0x00000038   Code   RO         1609    .text.USBD_CDC_EP0_RxReady  usbd_cdc.o
    0x08005804   0x08005804   0x00000010   Code   RO         1621    .text.USBD_CDC_GetDeviceQualifierDescriptor  usbd_cdc.o
    0x08005814   0x08005814   0x00000052   Code   RO         1617    .text.USBD_CDC_GetFSCfgDesc  usbd_cdc.o
    0x08005866   0x08005866   0x00000002   PAD
    0x08005868   0x08005868   0x00000056   Code   RO         1615    .text.USBD_CDC_GetHSCfgDesc  usbd_cdc.o
    0x080058be   0x080058be   0x00000002   PAD
    0x080058c0   0x080058c0   0x00000052   Code   RO         1619    .text.USBD_CDC_GetOtherSpeedCfgDesc  usbd_cdc.o
    0x08005912   0x08005912   0x00000002   PAD
    0x08005914   0x08005914   0x000000c8   Code   RO         1603    .text.USBD_CDC_Init  usbd_cdc.o
    0x080059dc   0x080059dc   0x00000034   Code   RO         1631    .text.USBD_CDC_ReceivePacket  usbd_cdc.o
    0x08005a10   0x08005a10   0x00000018   Code   RO         1623    .text.USBD_CDC_RegisterInterface  usbd_cdc.o
    0x08005a28   0x08005a28   0x0000001a   Code   RO         1627    .text.USBD_CDC_SetRxBuffer  usbd_cdc.o
    0x08005a42   0x08005a42   0x00000002   PAD
    0x08005a44   0x08005a44   0x0000001e   Code   RO         1625    .text.USBD_CDC_SetTxBuffer  usbd_cdc.o
    0x08005a62   0x08005a62   0x00000002   PAD
    0x08005a64   0x08005a64   0x000000e8   Code   RO         1607    .text.USBD_CDC_Setup  usbd_cdc.o
    0x08005b4c   0x08005b4c   0x00000044   Code   RO         1629    .text.USBD_CDC_TransmitPacket  usbd_cdc.o
    0x08005b90   0x08005b90   0x00000012   Code   RO         1518    .text.USBD_ClrClassConfig  usbd_core.o
    0x08005ba2   0x08005ba2   0x00000002   PAD
    0x08005ba4   0x08005ba4   0x00000004   Code   RO         1526    .text.USBD_CoreFindEP  usbd_core.o
    0x08005ba8   0x08005ba8   0x00000004   Code   RO         1524    .text.USBD_CoreFindIF  usbd_core.o
    0x08005bac   0x08005bac   0x00000010   Code   RO         1587    .text.USBD_CtlContinueRx  usbd_ioreq.o
    0x08005bbc   0x08005bbc   0x00000010   Code   RO         1583    .text.USBD_CtlContinueSendData  usbd_ioreq.o
    0x08005bcc   0x08005bcc   0x00000016   Code   RO         1562    .text.USBD_CtlError  usbd_ctlreq.o
    0x08005be2   0x08005be2   0x00000002   PAD
    0x08005be4   0x08005be4   0x0000001e   Code   RO         1585    .text.USBD_CtlPrepareRx  usbd_ioreq.o
    0x08005c02   0x08005c02   0x00000002   PAD
    0x08005c04   0x08005c04   0x00000016   Code   RO         1591    .text.USBD_CtlReceiveStatus  usbd_ioreq.o
    0x08005c1a   0x08005c1a   0x00000002   PAD
    0x08005c1c   0x08005c1c   0x0000001c   Code   RO         1581    .text.USBD_CtlSendData  usbd_ioreq.o
    0x08005c38   0x08005c38   0x00000016   Code   RO         1589    .text.USBD_CtlSendStatus  usbd_ioreq.o
    0x08005c4e   0x08005c4e   0x00000002   PAD
    0x08005c50   0x08005c50   0x00000024   Code   RO         1392    .text.USBD_FS_ConfigStrDescriptor  usbd_desc.o
    0x08005c74   0x08005c74   0x0000000e   Code   RO         1382    .text.USBD_FS_DeviceDescriptor  usbd_desc.o
    0x08005c82   0x08005c82   0x00000002   PAD
    0x08005c84   0x08005c84   0x00000028   Code   RO         1394    .text.USBD_FS_InterfaceStrDescriptor  usbd_desc.o
    0x08005cac   0x08005cac   0x0000000e   Code   RO         1384    .text.USBD_FS_LangIDStrDescriptor  usbd_desc.o
    0x08005cba   0x08005cba   0x00000002   PAD
    0x08005cbc   0x08005cbc   0x0000002c   Code   RO         1386    .text.USBD_FS_ManufacturerStrDescriptor  usbd_desc.o
    0x08005ce8   0x08005ce8   0x00000030   Code   RO         1388    .text.USBD_FS_ProductStrDescriptor  usbd_desc.o
    0x08005d18   0x08005d18   0x00000170   Code   RO         1390    .text.USBD_FS_SerialStrDescriptor  usbd_desc.o
    0x08005e88   0x08005e88   0x00000084   Code   RO         1548    .text.USBD_GetEpDesc  usbd_core.o
    0x08005f0c   0x08005f0c   0x000000fe   Code   RO         1570    .text.USBD_GetString  usbd_ctlreq.o
    0x0800600a   0x0800600a   0x00000002   PAD
    0x0800600c   0x0800600c   0x0000002a   Code   RO         1504    .text.USBD_Init     usbd_core.o
    0x08006036   0x08006036   0x00000002   PAD
    0x08006038   0x08006038   0x00000022   Code   RO         1476    .text.USBD_LL_ClearStallEP  usbd_conf.o
    0x0800605a   0x0800605a   0x00000002   PAD
    0x0800605c   0x0800605c   0x00000022   Code   RO         1470    .text.USBD_LL_CloseEP  usbd_conf.o
    0x0800607e   0x0800607e   0x00000002   PAD
    0x08006080   0x08006080   0x000000ba   Code   RO         1528    .text.USBD_LL_DataInStage  usbd_core.o
    0x0800613a   0x0800613a   0x00000002   PAD
    0x0800613c   0x0800613c   0x0000007c   Code   RO         1522    .text.USBD_LL_DataOutStage  usbd_core.o
    0x080061b8   0x080061b8   0x00000004   Code   RO         1544    .text.USBD_LL_DevConnected  usbd_core.o
    0x080061bc   0x080061bc   0x00000022   Code   RO         1546    .text.USBD_LL_DevDisconnected  usbd_core.o
    0x080061de   0x080061de   0x00000002   PAD
    0x080061e0   0x080061e0   0x00000008   Code   RO         1486    .text.USBD_LL_GetRxDataSize  usbd_conf.o
    0x080061e8   0x080061e8   0x0000006e   Code   RO         1458    .text.USBD_LL_Init  usbd_conf.o
    0x08006256   0x08006256   0x00000002   PAD
    0x08006258   0x08006258   0x0000002a   Code   RO         1478    .text.USBD_LL_IsStallEP  usbd_conf.o
    0x08006282   0x08006282   0x00000002   PAD
    0x08006284   0x08006284   0x0000002c   Code   RO         1540    .text.USBD_LL_IsoINIncomplete  usbd_core.o
    0x080062b0   0x080062b0   0x0000002c   Code   RO         1542    .text.USBD_LL_IsoOUTIncomplete  usbd_core.o
    0x080062dc   0x080062dc   0x00000028   Code   RO         1468    .text.USBD_LL_OpenEP  usbd_conf.o
    0x08006304   0x08006304   0x00000022   Code   RO         1484    .text.USBD_LL_PrepareReceive  usbd_conf.o
    0x08006326   0x08006326   0x00000002   PAD
    0x08006328   0x08006328   0x00000062   Code   RO         1530    .text.USBD_LL_Reset  usbd_core.o
    0x0800638a   0x0800638a   0x00000002   PAD
    0x0800638c   0x0800638c   0x00000014   Code   RO         1536    .text.USBD_LL_Resume  usbd_core.o
    0x080063a0   0x080063a0   0x0000001e   Code   RO         1538    .text.USBD_LL_SOF   usbd_core.o
    0x080063be   0x080063be   0x00000002   PAD
    0x080063c0   0x080063c0   0x00000008   Code   RO         1532    .text.USBD_LL_SetSpeed  usbd_core.o
    0x080063c8   0x080063c8   0x00000022   Code   RO         1480    .text.USBD_LL_SetUSBAddress  usbd_conf.o
    0x080063ea   0x080063ea   0x00000002   PAD
    0x080063ec   0x080063ec   0x00000062   Code   RO         1520    .text.USBD_LL_SetupStage  usbd_core.o
    0x0800644e   0x0800644e   0x00000002   PAD
    0x08006450   0x08006450   0x00000022   Code   RO         1474    .text.USBD_LL_StallEP  usbd_conf.o
    0x08006472   0x08006472   0x00000002   PAD
    0x08006474   0x08006474   0x00000022   Code   RO         1464    .text.USBD_LL_Start  usbd_conf.o
    0x08006496   0x08006496   0x00000002   PAD
    0x08006498   0x08006498   0x0000001c   Code   RO         1534    .text.USBD_LL_Suspend  usbd_core.o
    0x080064b4   0x080064b4   0x00000022   Code   RO         1482    .text.USBD_LL_Transmit  usbd_conf.o
    0x080064d6   0x080064d6   0x00000002   PAD
    0x080064d8   0x080064d8   0x00000016   Code   RO         1568    .text.USBD_ParseSetupRequest  usbd_ctlreq.o
    0x080064ee   0x080064ee   0x00000002   PAD
    0x080064f0   0x080064f0   0x00000042   Code   RO         1508    .text.USBD_RegisterClass  usbd_core.o
    0x08006532   0x08006532   0x00000002   PAD
    0x08006534   0x08006534   0x00000010   Code   RO         1516    .text.USBD_SetClassConfig  usbd_core.o
    0x08006544   0x08006544   0x00000004   Code   RO         1510    .text.USBD_Start    usbd_core.o
    0x08006548   0x08006548   0x00000384   Code   RO         1560    .text.USBD_StdDevReq  usbd_ctlreq.o
    0x080068cc   0x080068cc   0x00000160   Code   RO         1566    .text.USBD_StdEPReq  usbd_ctlreq.o
    0x08006a2c   0x08006a2c   0x00000078   Code   RO         1564    .text.USBD_StdItfReq  usbd_ctlreq.o
    0x08006aa4   0x08006aa4   0x00000002   Code   RO         1490    .text.USBD_static_free  usbd_conf.o
    0x08006aa6   0x08006aa6   0x00000002   PAD
    0x08006aa8   0x08006aa8   0x0000000a   Code   RO         1488    .text.USBD_static_malloc  usbd_conf.o
    0x08006ab2   0x08006ab2   0x00000002   PAD
    0x08006ab4   0x08006ab4   0x00000082   Code   RO          252    .text.USB_ActivateEndpoint  stm32f4xx_ll_usb.o
    0x08006b36   0x08006b36   0x00000002   PAD
    0x08006b38   0x08006b38   0x00000020   Code   RO          294    .text.USB_ActivateSetup  stm32f4xx_ll_usb.o
    0x08006b58   0x08006b58   0x00000276   Code   RO          230    .text.USB_CoreInit  stm32f4xx_ll_usb.o
    0x08006dce   0x08006dce   0x00000002   PAD
    0x08006dd0   0x08006dd0   0x00000082   Code   RO          256    .text.USB_DeactivateEndpoint  stm32f4xx_ll_usb.o
    0x08006e52   0x08006e52   0x00000002   PAD
    0x08006e54   0x08006e54   0x0000001e   Code   RO          276    .text.USB_DevConnect  stm32f4xx_ll_usb.o
    0x08006e72   0x08006e72   0x00000002   PAD
    0x08006e74   0x08006e74   0x0000001e   Code   RO          278    .text.USB_DevDisconnect  stm32f4xx_ll_usb.o
    0x08006e92   0x08006e92   0x00000002   PAD
    0x08006e94   0x08006e94   0x000004b6   Code   RO          242    .text.USB_DevInit   stm32f4xx_ll_usb.o
    0x0800734a   0x0800734a   0x00000002   PAD
    0x0800734c   0x0800734c   0x0000000e   Code   RO          236    .text.USB_DisableGlobalInt  stm32f4xx_ll_usb.o
    0x0800735a   0x0800735a   0x00000002   PAD
    0x0800735c   0x0800735c   0x0000005a   Code   RO          296    .text.USB_EP0_OutStart  stm32f4xx_ll_usb.o
    0x080073b6   0x080073b6   0x00000002   PAD
    0x080073b8   0x080073b8   0x00000052   Code   RO          270    .text.USB_EPClearStall  stm32f4xx_ll_usb.o
    0x0800740a   0x0800740a   0x00000002   PAD
    0x0800740c   0x0800740c   0x0000003e   Code   RO          268    .text.USB_EPSetStall  stm32f4xx_ll_usb.o
    0x0800744a   0x0800744a   0x00000002   PAD
    0x0800744c   0x0800744c   0x0000023a   Code   RO          260    .text.USB_EPStartXfer  stm32f4xx_ll_usb.o
    0x08007686   0x08007686   0x00000002   PAD
    0x08007688   0x08007688   0x0000010e   Code   RO          264    .text.USB_EPStopXfer  stm32f4xx_ll_usb.o
    0x08007796   0x08007796   0x00000002   PAD
    0x08007798   0x08007798   0x0000000e   Code   RO          234    .text.USB_EnableGlobalInt  stm32f4xx_ll_usb.o
    0x080077a6   0x080077a6   0x00000002   PAD
    0x080077a8   0x080077a8   0x000000be   Code   RO          246    .text.USB_FlushTxFifo  stm32f4xx_ll_usb.o
    0x08007866   0x08007866   0x00000002   PAD
    0x08007868   0x08007868   0x0000001a   Code   RO          250    .text.USB_GetDevSpeed  stm32f4xx_ll_usb.o
    0x08007882   0x08007882   0x00000002   PAD
    0x08007884   0x08007884   0x00000008   Code   RO          240    .text.USB_GetMode   stm32f4xx_ll_usb.o
    0x0800788c   0x0800788c   0x0000000e   Code   RO          286    .text.USB_ReadDevAllInEpInterrupt  stm32f4xx_ll_usb.o
    0x0800789a   0x0800789a   0x00000002   PAD
    0x0800789c   0x0800789c   0x0000000e   Code   RO          284    .text.USB_ReadDevAllOutEpInterrupt  stm32f4xx_ll_usb.o
    0x080078aa   0x080078aa   0x00000002   PAD
    0x080078ac   0x080078ac   0x00000024   Code   RO          290    .text.USB_ReadDevInEPInterrupt  stm32f4xx_ll_usb.o
    0x080078d0   0x080078d0   0x00000010   Code   RO          288    .text.USB_ReadDevOutEPInterrupt  stm32f4xx_ll_usb.o
    0x080078e0   0x080078e0   0x00000008   Code   RO          280    .text.USB_ReadInterrupts  stm32f4xx_ll_usb.o
    0x080078e8   0x080078e8   0x000000aa   Code   RO          266    .text.USB_ReadPacket  stm32f4xx_ll_usb.o
    0x08007992   0x08007992   0x00000002   PAD
    0x08007994   0x08007994   0x00000368   Code   RO          238    .text.USB_SetCurrentMode  stm32f4xx_ll_usb.o
    0x08007cfc   0x08007cfc   0x00000022   Code   RO          274    .text.USB_SetDevAddress  stm32f4xx_ll_usb.o
    0x08007d1e   0x08007d1e   0x00000002   PAD
    0x08007d20   0x08007d20   0x00000118   Code   RO          232    .text.USB_SetTurnaroundTime  stm32f4xx_ll_usb.o
    0x08007e38   0x08007e38   0x0000006a   Code   RO          262    .text.USB_WritePacket  stm32f4xx_ll_usb.o
    0x08007ea2   0x08007ea2   0x00000002   PAD
    0x08007ea4   0x08007ea4   0x00000002   Code   RO          101    .text.UsageFault_Handler  stm32f4xx_it.o
    0x08007ea6   0x08007ea6   0x00000002   PAD
    0x08007ea8   0x08007ea8   0x000000b4   Code   RO           11    .text.main          main.o
    0x08007f5c   0x08007f5c   0x0000003e   Code   RO         1778    CL$$btod_d2e        c_w.l(btod.o)
    0x08007f9a   0x08007f9a   0x00000046   Code   RO         1780    CL$$btod_d2e_denorm_low  c_w.l(btod.o)
    0x08007fe0   0x08007fe0   0x00000060   Code   RO         1779    CL$$btod_d2e_norm_op1  c_w.l(btod.o)
    0x08008040   0x08008040   0x00000338   Code   RO         1788    CL$$btod_div_common  c_w.l(btod.o)
    0x08008378   0x08008378   0x000000dc   Code   RO         1785    CL$$btod_e2e        c_w.l(btod.o)
    0x08008454   0x08008454   0x0000002a   Code   RO         1782    CL$$btod_ediv       c_w.l(btod.o)
    0x0800847e   0x0800847e   0x0000002a   Code   RO         1781    CL$$btod_emul       c_w.l(btod.o)
    0x080084a8   0x080084a8   0x00000244   Code   RO         1787    CL$$btod_mult_common  c_w.l(btod.o)
    0x080086ec   0x080086ec   0x00000030   Code   RO         1807    i.__ARM_fpclassify  m_wm.l(fpclassify.o)
    0x0800871c   0x0800871c   0x00000026   Code   RO         1720    i.__ARM_fpclassifyf  m_wm.l(fpclassifyf.o)
    0x08008742   0x08008742   0x00000002   PAD
    0x08008744   0x08008744   0x0000012c   Code   RO         1687    i.__hardfp_asinf    m_wm.l(asinf.o)
    0x08008870   0x08008870   0x000002ac   Code   RO         1693    i.__hardfp_atan2f   m_wm.l(atan2f.o)
    0x08008b1c   0x08008b1c   0x00000006   Code   RO         1723    i.__mathlib_flt_infnan  m_wm.l(funder.o)
    0x08008b22   0x08008b22   0x00000006   Code   RO         1724    i.__mathlib_flt_infnan2  m_wm.l(funder.o)
    0x08008b28   0x08008b28   0x00000010   Code   RO         1725    i.__mathlib_flt_invalid  m_wm.l(funder.o)
    0x08008b38   0x08008b38   0x00000010   Code   RO         1728    i.__mathlib_flt_underflow  m_wm.l(funder.o)
    0x08008b48   0x08008b48   0x0000000e   Code   RO         1663    i._is_digit         c_w.l(__printf_wp.o)
    0x08008b56   0x08008b56   0x0000003e   Code   RO         1738    i.sqrtf             m_wm.l(sqrtf.o)
    0x08008b94   0x08008b94   0x0000002c   Code   RO         1803    locale$$code        c_w.l(lc_numeric_c.o)
    0x08008bc0   0x08008bc0   0x0000000c   Code   RO         1715    x$fpl$dretinf       fz_wm.l(dretinf.o)
    0x08008bcc   0x08008bcc   0x00000056   Code   RO         1683    x$fpl$f2d           fz_wm.l(f2d.o)
    0x08008c22   0x08008c22   0x0000008c   Code   RO         1717    x$fpl$fnaninf       fz_wm.l(fnaninf.o)
    0x08008cae   0x08008cae   0x0000001a   Code   RO         1889    x$fpl$fpinit        fz_wm.l(fpinit.o)
    0x08008cc8   0x08008cc8   0x00000004   Code   RO         1685    x$fpl$printf1       fz_wm.l(printf1.o)
    0x08008ccc   0x08008ccc   0x00000000   Code   RO         1719    x$fpl$usenofp       fz_wm.l(usenofp.o)
    0x08008ccc   0x08008ccc   0x00000094   Data   RO         1776    .constdata          c_w.l(bigflt0.o)
    0x08008d60   0x08008d60   0x0000000c   Data   RO         1340    .rodata..L__const.IST8310_Init.ist8310_init_write_reg  ist8310.o
    0x08008d6c   0x08008d6c   0x00000010   Data   RO         1296    .rodata.AHBPrescTable  system_stm32f4xx.o
    0x08008d7c   0x08008d7c   0x00000008   Data   RO         1297    .rodata.APBPrescTable  system_stm32f4xx.o
    0x08008d84   0x08008d84   0x00000008   Data   RO          506    .rodata.cst8        stm32f4xx_hal_dma.o
    0x08008d8c   0x08008d8c   0x00000020   Data   RO         1965    Region$$Table       anon$$obj.o
    0x08008dac   0x08008dac   0x0000001c   Data   RO         1802    locale$$data        c_w.l(lc_numeric_c.o)


    Execution Region RW_IRAM1 (Exec base: 0x20000000, Load base: 0x08008dc8, Size: 0x00002568, Max: 0x0001c000, ABSOLUTE)

    Exec Addr    Load Addr    Size         Type   Attr      Idx    E Section Name        Object

    0x20000000   0x08008dc8   0x00000008   Data   RW          684    .data..L_MergedGlobals  stm32f4xx_hal.o
    0x20000008   0x08008dd0   0x00000008   Data   RW         1363    .data..L_MergedGlobals  mahonyahrs.o
    0x20000010   0x08008dd8   0x0000001c   Data   RW         1396    .data.FS_Desc       usbd_desc.o
    0x2000002c   0x08008df4   0x00000004   Data   RW         1295    .data.SystemCoreClock  system_stm32f4xx.o
    0x20000030   0x08008df8   0x00000038   Data   RW         1633    .data.USBD_CDC      usbd_cdc.o
    0x20000068   0x08008e30   0x00000043   Data   RW         1635    .data.USBD_CDC_CfgDesc  usbd_cdc.o
    0x200000ab   0x08008e73   0x00000001   PAD
    0x200000ac   0x08008e74   0x0000000a   Data   RW         1634    .data.USBD_CDC_DeviceQualifierDesc  usbd_cdc.o
    0x200000b6   0x08008e7e   0x00000002   PAD
    0x200000b8   0x08008e80   0x00000012   Data   RW         1397    .data.USBD_FS_DeviceDesc  usbd_desc.o
    0x200000ca   0x08008e92   0x00000002   PAD
    0x200000cc   0x08008e94   0x00000014   Data   RW         1421    .data.USBD_Interface_fops_FS  usbd_cdc_if.o
    0x200000e0   0x08008ea8   0x00000004   Data   RW         1398    .data.USBD_LangIDDesc  usbd_desc.o
    0x200000e4   0x08008eac   0x0000001a   Data   RW         1399    .data.USBD_StringSerial  usbd_desc.o
    0x200000fe   0x08008ec6   0x00000001   Data   RW         1324    .data.g_gyro_range  bmi088.o
    0x200000ff   0x08008ec7   0x00000001   PAD
    0x20000100        -       0x00000060   Zero   RW         1810    .bss                c_w.l(libspace.o)
    0x20000160        -       0x0000001c   Zero   RW         1364    .bss..L_MergedGlobals.1  mahonyahrs.o
    0x2000017c        -       0x0000003c   Zero   RW         1322    .bss.BMI088_Data    bmi088.o
    0x200001b8        -       0x00000010   Zero   RW         1339    .bss.IST8310_Data   ist8310.o
    0x200001c8        -       0x00000001   Zero   RW         1572    .bss.USBD_SetConfig.cfgidx  usbd_ctlreq.o
    0x200001c9   0x08008ec7   0x00000003   PAD
    0x200001cc        -       0x00000200   Zero   RW         1400    .bss.USBD_StrDesc   usbd_desc.o
    0x200003cc        -       0x00000220   Zero   RW         1495    .bss.USBD_static_malloc.mem  usbd_conf.o
    0x200005ec        -       0x00000800   Zero   RW         1422    .bss.UserRxBufferFS  usbd_cdc_if.o
    0x20000dec        -       0x00000800   Zero   RW         1423    .bss.UserTxBufferFS  usbd_cdc_if.o
    0x200015ec        -       0x00000001   Zero   RW         1323    .bss.g_accel_range  bmi088.o
    0x200015ed   0x08008ec7   0x00000003   PAD
    0x200015f0        -       0x000002dc   Zero   RW         1375    .bss.hUsbDeviceFS   usb_device.o
    0x200018cc        -       0x00000060   Zero   RW           68    .bss.hdma_spi1_rx   spi.o
    0x2000192c        -       0x00000060   Zero   RW           69    .bss.hdma_spi1_tx   spi.o
    0x2000198c        -       0x00000054   Zero   RW           52    .bss.hi2c3          i2c.o
    0x200019e0        -       0x000004e4   Zero   RW         1494    .bss.hpcd_USB_OTG_FS  usbd_conf.o
    0x20001ec4        -       0x00000058   Zero   RW           67    .bss.hspi1          spi.o
    0x20001f1c        -       0x00000048   Zero   RW           84    .bss.htim6          tim.o
    0x20001f64        -       0x00000004   Zero   RW          683    .bss.uwTick         stm32f4xx_hal.o
    0x20001f68        -       0x00000200   Zero   RW            2    HEAP                startup_stm32f407xx.o
    0x20002168        -       0x00000400   Zero   RW            1    STACK               startup_stm32f407xx.o


    Execution Region RW_IRAM2 (Exec base: 0x2001c000, Load base: 0x08008ec8, Size: 0x00000000, Max: 0x00004000, ABSOLUTE)

    **** No section assigned to this execution region ****


==============================================================================

Image component sizes


      Code (inc. data)   RO Data    RW Data    ZI Data      Debug   Object Name

       360          8          0          0          0        659   attitude.o
      1360         48          0          1         61       9757   bmi088.o
        72          0          0          0          0       3508   dma.o
       282          0          0          0          0       2294   gpio.o
       246          0          0          0         84       5337   i2c.o
       576          4         12          0         16       4509   ist8310.o
      1848         16          0          8         28       5879   mahonyahrs.o
       378         28          0          0          0       6345   main.o
       394          0          0          0        280       7217   spi.o
        64         26        392          0       1536        872   startup_stm32f407xx.o
       204          0          0          8          4       7341   stm32f4xx_hal.o
       196          0          0          0          0      10758   stm32f4xx_hal_cortex.o
       842          6          8          0          0      10570   stm32f4xx_hal_dma.o
       424          0          0          0          0       5388   stm32f4xx_hal_gpio.o
      2966          0          0          0          0      44442   stm32f4xx_hal_i2c.o
        56          0          0          0          0       1496   stm32f4xx_hal_msp.o
      3568          0          0          0          0      17295   stm32f4xx_hal_pcd.o
       216          0          0          0          0       4770   stm32f4xx_hal_pcd_ex.o
      1452          0          0          0          0       7448   stm32f4xx_hal_rcc.o
      1622          0          0          0          0      26672   stm32f4xx_hal_spi.o
       916          0          0          0          0      57466   stm32f4xx_hal_tim.o
       190          0          0          0          0      21523   stm32f4xx_hal_tim_ex.o
        80          0          0          0          0       8202   stm32f4xx_it.o
      5064          0          0          0          0      40169   stm32f4xx_ll_usb.o
        18          0         24          4          0       2625   system_stm32f4xx.o
       152          0          0          0         72       7116   tim.o
       114          0          0          0        732       3250   usb_device.o
      1230         12          0        133          0      11547   usbd_cdc.o
       138          0          0         20       4096       4948   usbd_cdc_if.o
       784          0          0          0       1796      18400   usbd_conf.o
      1004          0          0          0          0      11148   usbd_core.o
      1670         34          0          0          1      11024   usbd_ctlreq.o
       564         72          0         76        512       4155   usbd_desc.o
       134          0          0          0          0       4781   usbd_ioreq.o

    ----------------------------------------------------------------------
     29400        254        468        256       9224     388911   Object Totals
         0          0         32          0          0          0   (incl. Generated)
       216          0          0          6          6          0   (incl. Padding)

    ----------------------------------------------------------------------

      Code (inc. data)   RO Data    RW Data    ZI Data      Debug   Library Member Name

         8          0          0          0          0         68   __main.o
       284          0          0          0          0        156   __printf_wp.o
         0          0          0          0          0          0   __rtentry.o
        12          0          0          0          0          0   __rtentry2.o
         6          0          0          0          0          0   __rtentry4.o
        94          8          0          0          0          0   __scatter.o
        26          0          0          0          0          0   __scatter_copy.o
        28          0          0          0          0          0   __scatter_zi.o
        48          6          0          0          0         96   _printf_char_common.o
         6          0          0          0          0          0   _printf_f.o
      1052          0          0          0          0        148   _printf_fp_dec.o
       128         16          0          0          0         84   _printf_fp_infnan.o
         0          0          0          0          0          0   _printf_percent.o
         4          0          0          0          0          0   _printf_percent_end.o
        22          0          0          0          0        100   _rserrno.o
        10          0          0          0          0         68   _sputc.o
       228          4        148          0          0         96   bigflt0.o
      1936        128          0          0          0        668   btod.o
        18          0          0          0          0         80   exit.o
         6          0          0          0          0        152   heapauxi.o
         0          0          0          0          0          0   indicate_semi.o
        44         10         28          0          0         76   lc_numeric_c.o
         2          0          0          0          0          0   libinit.o
        22          0          0          0          0          0   libinit2.o
         2          0          0          0          0          0   libshutdown.o
         2          0          0          0          0          0   libshutdown2.o
         8          4          0          0         96         68   libspace.o
       138          0          0          0          0         80   lludiv10.o
       240          0          0          0          0        100   lludivv7m.o
        40          6          0          0          0         84   noretval__2sprintf.o
         8          4          0          0          0         68   rt_errno_addr_intlibspace.o
         8          4          0          0          0         68   rt_locale_intlibspace.o
        78          0          0          0          0         80   rt_memclr_w.o
         2          0          0          0          0          0   rtexit.o
        10          0          0          0          0          0   rtexit2.o
       124          0          0          0          0         88   strcmpv7em.o
        62          0          0          0          0         76   strlen.o
        12          4          0          0          0         68   sys_exit.o
        74          0          0          0          0         80   sys_stackheap_outer.o
         2          0          0          0          0         68   use_no_semi.o
        12          0          0          0          0        116   dretinf.o
        86          4          0          0          0        132   f2d.o
       140          4          0          0          0        132   fnaninf.o
        26          0          0          0          0        116   fpinit.o
         4          0          0          0          0        116   printf1.o
         0          0          0          0          0          0   usenofp.o
       300         42          0          0          0        176   asinf.o
       684         90          0          0          0        208   atan2f.o
        48          0          0          0          0        124   fpclassify.o
        38          0          0          0          0        116   fpclassifyf.o
        44         12          0          0          0        464   funder.o
        62          0          0          0          0        136   sqrtf.o

    ----------------------------------------------------------------------
      6252        346        176          0         96       4556   Library Totals
        14          0          0          0          0          0   (incl. Padding)

    ----------------------------------------------------------------------

      Code (inc. data)   RO Data    RW Data    ZI Data      Debug   Library Name

      4794        194        176          0         96       2720   c_w.l
       268          8          0          0          0        612   fz_wm.l
      1176        144          0          0          0       1224   m_wm.l

    ----------------------------------------------------------------------
      6252        346        176          0         96       4556   Library Totals

    ----------------------------------------------------------------------

==============================================================================


      Code (inc. data)   RO Data    RW Data    ZI Data      Debug   

     35652        600        644        256       9320     390239   Grand Totals
     35652        600        644        256       9320     390239   ELF Image Totals
     35652        600        644        256          0          0   ROM Totals

==============================================================================

    Total RO  Size (Code + RO Data)                36296 (  35.45kB)
    Total RW  Size (RW Data + ZI Data)              9576 (   9.35kB)
    Total ROM Size (Code + RO Data + RW Data)      36552 (  35.70kB)

==============================================================================

